<!doctype html public "-//w3c//dtd html 4.0 transitional//en">
<html><head>
<title>Static Call Graph - [.\Objects\project.axf]</title></head>
<body><HR>
<H1>Static Call Graph for image .\Objects\project.axf</H1><HR>
<BR><P>#&#060CALLGRAPH&#062# ARM Linker, 5060960: Last Updated: Thu Apr 11 08:42:23 2024
<BR><P>
<H3>Maximum Stack Usage =        804 bytes + Unknown(Functions without stacksize, Cycles, Untraceable Function Pointers)</H3><H3>
Call chain for Maximum Stack Depth:</H3>
AppTask4GSend &rArr; _4G_SendCardInfo &rArr; HY_SendCardInfo &rArr; HYFreamSend &rArr; ModuleSIM7600_SendData &rArr; OSMutexPend &rArr; OS_Pend &rArr; OS_TaskBlock &rArr; OS_RdyListRemove &rArr; OS_PrioRemove
<P>
<H3>
Functions with no stack information
</H3><UL>
 <LI><a href="#[2fb]">CPU_IntDis</a>
 <LI><a href="#[2fc]">CPU_IntEn</a>
 <LI><a href="#[180]">CPU_SR_Save</a>
 <LI><a href="#[182]">CPU_SR_Restore</a>
 <LI><a href="#[2fd]">CPU_WaitForInt</a>
 <LI><a href="#[2fe]">CPU_WaitForExcept</a>
 <LI><a href="#[251]">CPU_CntLeadZeros</a>
 <LI><a href="#[2ff]">CPU_CntTrailZeros</a>
 <LI><a href="#[300]">CPU_RevBits</a>
 <LI><a href="#[22f]">OSStartHighRdy</a>
 <LI><a href="#[22b]">OSCtxSw</a>
 <LI><a href="#[219]">OSIntCtxSw</a>
 <LI><a href="#[58]">PendSV_Handler</a>
</UL>
</UL>
<P>
<H3>
Mutually Recursive functions
</H3> <LI><a href="#[56]">SVC_Handler</a>&nbsp;&nbsp;&nbsp;&rArr;&nbsp;&nbsp;&nbsp;<a href="#[56]">SVC_Handler</a><BR>
 <LI><a href="#[8e]">ACC_IRQHandler</a>&nbsp;&nbsp;&nbsp;&rArr;&nbsp;&nbsp;&nbsp;<a href="#[8e]">ACC_IRQHandler</a><BR>
</UL>
<P>
<H3>
Function Pointers
</H3><UL>
 <LI><a href="#[8e]">ACC_IRQHandler</a> from startup_at32f415cbt7.o(.text) referenced from startup_at32f415cbt7.o(RESET)
 <LI><a href="#[6c]">ADC1_2_IRQHandler</a> from startup_at32f415cbt7.o(.text) referenced from startup_at32f415cbt7.o(RESET)
 <LI><a href="#[d2]">Amount_charging</a> from dwin_com_pro.o(i.Amount_charging) referenced from dwin_com_pro.o(.constdata)
 <LI><a href="#[97]">AppTask4GMain</a> from 4gmain.o(i.AppTask4GMain) referenced from main.o(i.AppTaskCreate)
 <LI><a href="#[98]">AppTask4GRecv</a> from 4grecv.o(i.AppTask4GRecv) referenced from main.o(i.AppTaskCreate)
 <LI><a href="#[99]">AppTask4GSend</a> from 4gsend.o(i.AppTask4GSend) referenced from main.o(i.AppTaskCreate)
 <LI><a href="#[94]">AppTaskCard</a> from read_nuid.o(i.AppTaskCard) referenced from main.o(i.AppTaskCreate)
 <LI><a href="#[95]">AppTaskCharge</a> from chtask.o(i.AppTaskCharge) referenced from main.o(i.AppTaskCreate)
 <LI><a href="#[96]">AppTaskDwin</a> from dwin_com_pro.o(i.AppTaskDwin) referenced from main.o(i.AppTaskCreate)
 <LI><a href="#[a2]">AppTaskStart</a> from main.o(i.AppTaskStart) referenced from main.o(i.main)
 <LI><a href="#[9a]">AppTaskdlt645</a> from dlt645_port.o(i.AppTaskdlt645) referenced from main.o(i.AppTaskCreate)
 <LI><a href="#[54]">BusFault_Handler</a> from at32f4xx_it.o(i.BusFault_Handler) referenced from startup_at32f415cbt7.o(RESET)
 <LI><a href="#[6e]">CAN1_RX0_IRQHandler</a> from startup_at32f415cbt7.o(.text) referenced from startup_at32f415cbt7.o(RESET)
 <LI><a href="#[6f]">CAN1_RX1_IRQHandler</a> from startup_at32f415cbt7.o(.text) referenced from startup_at32f415cbt7.o(RESET)
 <LI><a href="#[70]">CAN1_SCE_IRQHandler</a> from startup_at32f415cbt7.o(.text) referenced from startup_at32f415cbt7.o(RESET)
 <LI><a href="#[6d]">CAN1_TX_IRQHandler</a> from startup_at32f415cbt7.o(.text) referenced from startup_at32f415cbt7.o(RESET)
 <LI><a href="#[8c]">COMP1_IRQHandler</a> from startup_at32f415cbt7.o(.text) referenced from startup_at32f415cbt7.o(RESET)
 <LI><a href="#[8d]">COMP2_IRQHandler</a> from startup_at32f415cbt7.o(.text) referenced from startup_at32f415cbt7.o(RESET)
 <LI><a href="#[cf]">Company_code</a> from dwin_com_pro.o(i.Company_code) referenced from dwin_com_pro.o(.constdata)
 <LI><a href="#[65]">DMA1_Channel1_IRQHandler</a> from startup_at32f415cbt7.o(.text) referenced from startup_at32f415cbt7.o(RESET)
 <LI><a href="#[66]">DMA1_Channel2_IRQHandler</a> from startup_at32f415cbt7.o(.text) referenced from startup_at32f415cbt7.o(RESET)
 <LI><a href="#[67]">DMA1_Channel3_IRQHandler</a> from startup_at32f415cbt7.o(.text) referenced from startup_at32f415cbt7.o(RESET)
 <LI><a href="#[68]">DMA1_Channel4_IRQHandler</a> from startup_at32f415cbt7.o(.text) referenced from startup_at32f415cbt7.o(RESET)
 <LI><a href="#[69]">DMA1_Channel5_IRQHandler</a> from startup_at32f415cbt7.o(.text) referenced from startup_at32f415cbt7.o(RESET)
 <LI><a href="#[6a]">DMA1_Channel6_IRQHandler</a> from startup_at32f415cbt7.o(.text) referenced from startup_at32f415cbt7.o(RESET)
 <LI><a href="#[6b]">DMA1_Channel7_IRQHandler</a> from startup_at32f415cbt7.o(.text) referenced from startup_at32f415cbt7.o(RESET)
 <LI><a href="#[87]">DMA2_Channel1_IRQHandler</a> from startup_at32f415cbt7.o(.text) referenced from startup_at32f415cbt7.o(RESET)
 <LI><a href="#[88]">DMA2_Channel2_IRQHandler</a> from startup_at32f415cbt7.o(.text) referenced from startup_at32f415cbt7.o(RESET)
 <LI><a href="#[89]">DMA2_Channel3_IRQHandler</a> from startup_at32f415cbt7.o(.text) referenced from startup_at32f415cbt7.o(RESET)
 <LI><a href="#[8a]">DMA2_Channel4_5_IRQHandler</a> from startup_at32f415cbt7.o(.text) referenced from startup_at32f415cbt7.o(RESET)
 <LI><a href="#[8f]">DMA2_Channel6_7_IRQHandler</a> from startup_at32f415cbt7.o(.text) referenced from startup_at32f415cbt7.o(RESET)
 <LI><a href="#[57]">DebugMon_Handler</a> from at32f4xx_it.o(i.DebugMon_Handler) referenced from startup_at32f415cbt7.o(RESET)
 <LI><a href="#[83]">ERTCAlarm_IRQHandler</a> from startup_at32f415cbt7.o(.text) referenced from startup_at32f415cbt7.o(RESET)
 <LI><a href="#[5d]">ERTC_WKUP_IRQHandler</a> from startup_at32f415cbt7.o(.text) referenced from startup_at32f415cbt7.o(RESET)
 <LI><a href="#[60]">EXTI0_IRQHandler</a> from startup_at32f415cbt7.o(.text) referenced from startup_at32f415cbt7.o(RESET)
 <LI><a href="#[82]">EXTI15_10_IRQHandler</a> from startup_at32f415cbt7.o(.text) referenced from startup_at32f415cbt7.o(RESET)
 <LI><a href="#[61]">EXTI1_IRQHandler</a> from startup_at32f415cbt7.o(.text) referenced from startup_at32f415cbt7.o(RESET)
 <LI><a href="#[62]">EXTI2_IRQHandler</a> from startup_at32f415cbt7.o(.text) referenced from startup_at32f415cbt7.o(RESET)
 <LI><a href="#[63]">EXTI3_IRQHandler</a> from startup_at32f415cbt7.o(.text) referenced from startup_at32f415cbt7.o(RESET)
 <LI><a href="#[64]">EXTI4_IRQHandler</a> from startup_at32f415cbt7.o(.text) referenced from startup_at32f415cbt7.o(RESET)
 <LI><a href="#[71]">EXTI9_5_IRQHandler</a> from startup_at32f415cbt7.o(.text) referenced from startup_at32f415cbt7.o(RESET)
 <LI><a href="#[d1]">Electric_charing</a> from dwin_com_pro.o(i.Electric_charing) referenced from dwin_com_pro.o(.constdata)
 <LI><a href="#[5e]">FLASH_IRQHandler</a> from startup_at32f415cbt7.o(.text) referenced from startup_at32f415cbt7.o(RESET)
 <LI><a href="#[9]">HYDisplayMenu1</a> from dispkeyfunction.o(i.HYDisplayMenu1) referenced 2 times from menudisp .o(.data)
 <LI><a href="#[1b]">HYDisplayMenu10</a> from dispkeyfunction.o(i.HYDisplayMenu10) referenced 2 times from menudisp .o(.data)
 <LI><a href="#[1d]">HYDisplayMenu11</a> from dispkeyfunction.o(i.HYDisplayMenu11) referenced 2 times from menudisp .o(.data)
 <LI><a href="#[1f]">HYDisplayMenu12</a> from dispkeyfunction.o(i.HYDisplayMenu12) referenced 2 times from menudisp .o(.data)
 <LI><a href="#[21]">HYDisplayMenu13</a> from dispkeyfunction.o(i.HYDisplayMenu13) referenced 2 times from menudisp .o(.data)
 <LI><a href="#[23]">HYDisplayMenu14</a> from dispkeyfunction.o(i.HYDisplayMenu14) referenced 2 times from menudisp .o(.data)
 <LI><a href="#[25]">HYDisplayMenu15</a> from dispkeyfunction.o(i.HYDisplayMenu15) referenced 2 times from menudisp .o(.data)
 <LI><a href="#[27]">HYDisplayMenu16</a> from dispkeyfunction.o(i.HYDisplayMenu16) referenced 2 times from menudisp .o(.data)
 <LI><a href="#[29]">HYDisplayMenu17</a> from dispkeyfunction.o(i.HYDisplayMenu17) referenced 2 times from menudisp .o(.data)
 <LI><a href="#[2b]">HYDisplayMenu18</a> from dispkeyfunction.o(i.HYDisplayMenu18) referenced 2 times from menudisp .o(.data)
 <LI><a href="#[2d]">HYDisplayMenu19</a> from dispkeyfunction.o(i.HYDisplayMenu19) referenced 2 times from menudisp .o(.data)
 <LI><a href="#[b]">HYDisplayMenu2</a> from dispkeyfunction.o(i.HYDisplayMenu2) referenced 2 times from menudisp .o(.data)
 <LI><a href="#[2f]">HYDisplayMenu20</a> from dispkeyfunction.o(i.HYDisplayMenu20) referenced 2 times from menudisp .o(.data)
 <LI><a href="#[31]">HYDisplayMenu21</a> from dispkeyfunction.o(i.HYDisplayMenu21) referenced 2 times from menudisp .o(.data)
 <LI><a href="#[33]">HYDisplayMenu22</a> from dispkeyfunction.o(i.HYDisplayMenu22) referenced 2 times from menudisp .o(.data)
 <LI><a href="#[35]">HYDisplayMenu23</a> from dispkeyfunction.o(i.HYDisplayMenu23) referenced 2 times from menudisp .o(.data)
 <LI><a href="#[37]">HYDisplayMenu24</a> from dispkeyfunction.o(i.HYDisplayMenu24) referenced 2 times from menudisp .o(.data)
 <LI><a href="#[7]">HYDisplayMenu25</a> from dispkeyfunction.o(i.HYDisplayMenu25) referenced 2 times from menudisp .o(.data)
 <LI><a href="#[39]">HYDisplayMenu26</a> from dispkeyfunction.o(i.HYDisplayMenu26) referenced 2 times from menudisp .o(.data)
 <LI><a href="#[3b]">HYDisplayMenu27</a> from dispkeyfunction.o(i.HYDisplayMenu27) referenced 2 times from menudisp .o(.data)
 <LI><a href="#[3d]">HYDisplayMenu28</a> from dispkeyfunction.o(i.HYDisplayMenu28) referenced 2 times from menudisp .o(.data)
 <LI><a href="#[d]">HYDisplayMenu3</a> from dispkeyfunction.o(i.HYDisplayMenu3) referenced 2 times from menudisp .o(.data)
 <LI><a href="#[3f]">HYDisplayMenu30</a> from dispkeyfunction.o(i.HYDisplayMenu30) referenced 2 times from menudisp .o(.data)
 <LI><a href="#[41]">HYDisplayMenu31</a> from dispkeyfunction.o(i.HYDisplayMenu31) referenced 2 times from menudisp .o(.data)
 <LI><a href="#[43]">HYDisplayMenu32</a> from dispkeyfunction.o(i.HYDisplayMenu32) referenced 2 times from menudisp .o(.data)
 <LI><a href="#[45]">HYDisplayMenu33</a> from dispkeyfunction.o(i.HYDisplayMenu33) referenced 2 times from menudisp .o(.data)
 <LI><a href="#[47]">HYDisplayMenu34</a> from dispkeyfunction.o(i.HYDisplayMenu34) referenced 2 times from menudisp .o(.data)
 <LI><a href="#[49]">HYDisplayMenu35</a> from dispkeyfunction.o(i.HYDisplayMenu35) referenced 2 times from menudisp .o(.data)
 <LI><a href="#[4b]">HYDisplayMenu36</a> from dispkeyfunction.o(i.HYDisplayMenu36) referenced 2 times from menudisp .o(.data)
 <LI><a href="#[4d]">HYDisplayMenu37</a> from dispkeyfunction.o(i.HYDisplayMenu37) referenced 2 times from menudisp .o(.data)
 <LI><a href="#[4f]">HYDisplayMenu38</a> from dispkeyfunction.o(i.HYDisplayMenu38) referenced 2 times from menudisp .o(.data)
 <LI><a href="#[f]">HYDisplayMenu4</a> from dispkeyfunction.o(i.HYDisplayMenu4) referenced 2 times from menudisp .o(.data)
 <LI><a href="#[11]">HYDisplayMenu5</a> from dispkeyfunction.o(i.HYDisplayMenu5) referenced 2 times from menudisp .o(.data)
 <LI><a href="#[13]">HYDisplayMenu6</a> from dispkeyfunction.o(i.HYDisplayMenu6) referenced 2 times from menudisp .o(.data)
 <LI><a href="#[15]">HYDisplayMenu7</a> from dispkeyfunction.o(i.HYDisplayMenu7) referenced 2 times from menudisp .o(.data)
 <LI><a href="#[17]">HYDisplayMenu8</a> from dispkeyfunction.o(i.HYDisplayMenu8) referenced 2 times from menudisp .o(.data)
 <LI><a href="#[19]">HYDisplayMenu9</a> from dispkeyfunction.o(i.HYDisplayMenu9) referenced 2 times from menudisp .o(.data)
 <LI><a href="#[8]">HYKeyEvent1</a> from dispkey.o(i.HYKeyEvent1) referenced 2 times from menudisp .o(.data)
 <LI><a href="#[1a]">HYKeyEvent10</a> from dispkey.o(i.HYKeyEvent10) referenced 2 times from menudisp .o(.data)
 <LI><a href="#[1c]">HYKeyEvent11</a> from dispkey.o(i.HYKeyEvent11) referenced 2 times from menudisp .o(.data)
 <LI><a href="#[1e]">HYKeyEvent12</a> from dispkey.o(i.HYKeyEvent12) referenced 2 times from menudisp .o(.data)
 <LI><a href="#[20]">HYKeyEvent13</a> from dispkey.o(i.HYKeyEvent13) referenced 2 times from menudisp .o(.data)
 <LI><a href="#[22]">HYKeyEvent14</a> from dispkey.o(i.HYKeyEvent14) referenced 2 times from menudisp .o(.data)
 <LI><a href="#[24]">HYKeyEvent15</a> from dispkey.o(i.HYKeyEvent15) referenced 2 times from menudisp .o(.data)
 <LI><a href="#[26]">HYKeyEvent16</a> from dispkey.o(i.HYKeyEvent16) referenced 2 times from menudisp .o(.data)
 <LI><a href="#[28]">HYKeyEvent17</a> from dispkey.o(i.HYKeyEvent17) referenced 2 times from menudisp .o(.data)
 <LI><a href="#[2a]">HYKeyEvent18</a> from dispkey.o(i.HYKeyEvent18) referenced 2 times from menudisp .o(.data)
 <LI><a href="#[2c]">HYKeyEvent19</a> from dispkey.o(i.HYKeyEvent19) referenced 2 times from menudisp .o(.data)
 <LI><a href="#[a]">HYKeyEvent2</a> from dispkey.o(i.HYKeyEvent2) referenced 2 times from menudisp .o(.data)
 <LI><a href="#[2e]">HYKeyEvent20</a> from dispkey.o(i.HYKeyEvent20) referenced 2 times from menudisp .o(.data)
 <LI><a href="#[30]">HYKeyEvent21</a> from dispkey.o(i.HYKeyEvent21) referenced 2 times from menudisp .o(.data)
 <LI><a href="#[32]">HYKeyEvent22</a> from dispkey.o(i.HYKeyEvent22) referenced 2 times from menudisp .o(.data)
 <LI><a href="#[34]">HYKeyEvent23</a> from dispkey.o(i.HYKeyEvent23) referenced 2 times from menudisp .o(.data)
 <LI><a href="#[36]">HYKeyEvent24</a> from dispkey.o(i.HYKeyEvent24) referenced 2 times from menudisp .o(.data)
 <LI><a href="#[6]">HYKeyEvent25</a> from dispkey.o(i.HYKeyEvent25) referenced 2 times from menudisp .o(.data)
 <LI><a href="#[38]">HYKeyEvent26</a> from dispkey.o(i.HYKeyEvent26) referenced 2 times from menudisp .o(.data)
 <LI><a href="#[3a]">HYKeyEvent27</a> from dispkey.o(i.HYKeyEvent27) referenced 2 times from menudisp .o(.data)
 <LI><a href="#[3c]">HYKeyEvent28</a> from dispkey.o(i.HYKeyEvent28) referenced 2 times from menudisp .o(.data)
 <LI><a href="#[c]">HYKeyEvent3</a> from dispkey.o(i.HYKeyEvent3) referenced 2 times from menudisp .o(.data)
 <LI><a href="#[3e]">HYKeyEvent30</a> from dispkey.o(i.HYKeyEvent30) referenced 2 times from menudisp .o(.data)
 <LI><a href="#[40]">HYKeyEvent31</a> from dispkey.o(i.HYKeyEvent31) referenced 2 times from menudisp .o(.data)
 <LI><a href="#[42]">HYKeyEvent32</a> from dispkey.o(i.HYKeyEvent32) referenced 2 times from menudisp .o(.data)
 <LI><a href="#[44]">HYKeyEvent33</a> from dispkey.o(i.HYKeyEvent33) referenced 2 times from menudisp .o(.data)
 <LI><a href="#[46]">HYKeyEvent34</a> from dispkey.o(i.HYKeyEvent34) referenced 2 times from menudisp .o(.data)
 <LI><a href="#[48]">HYKeyEvent35</a> from dispkey.o(i.HYKeyEvent35) referenced 2 times from menudisp .o(.data)
 <LI><a href="#[4a]">HYKeyEvent36</a> from dispkey.o(i.HYKeyEvent36) referenced 2 times from menudisp .o(.data)
 <LI><a href="#[4c]">HYKeyEvent37</a> from dispkey.o(i.HYKeyEvent37) referenced 2 times from menudisp .o(.data)
 <LI><a href="#[4e]">HYKeyEvent38</a> from dispkey.o(i.HYKeyEvent38) referenced 2 times from menudisp .o(.data)
 <LI><a href="#[e]">HYKeyEvent4</a> from dispkey.o(i.HYKeyEvent4) referenced 2 times from menudisp .o(.data)
 <LI><a href="#[10]">HYKeyEvent5</a> from dispkey.o(i.HYKeyEvent5) referenced 2 times from menudisp .o(.data)
 <LI><a href="#[12]">HYKeyEvent6</a> from dispkey.o(i.HYKeyEvent6) referenced 2 times from menudisp .o(.data)
 <LI><a href="#[14]">HYKeyEvent7</a> from dispkey.o(i.HYKeyEvent7) referenced 2 times from menudisp .o(.data)
 <LI><a href="#[16]">HYKeyEvent8</a> from dispkey.o(i.HYKeyEvent8) referenced 2 times from menudisp .o(.data)
 <LI><a href="#[18]">HYKeyEvent9</a> from dispkey.o(i.HYKeyEvent9) referenced 2 times from menudisp .o(.data)
 <LI><a href="#[ae]">HY_RecvCardStart</a> from hyframe.o(i.HY_RecvCardStart) referenced from hyframe.o(.constdata)
 <LI><a href="#[aa]">HY_RecvDevFailAck</a> from hyframe.o(i.HY_RecvDevFailAck) referenced from hyframe.o(.constdata)
 <LI><a href="#[a6]">HY_RecvDevInfoAck</a> from hyframe.o(i.HY_RecvDevInfoAck) referenced from hyframe.o(.constdata)
 <LI><a href="#[a9]">HY_RecvDevStopAck</a> from hyframe.o(i.HY_RecvDevStopAck) referenced from hyframe.o(.constdata)
 <LI><a href="#[a5]">HY_RecvHearAck</a> from hyframe.o(i.HY_RecvHearAck) referenced from hyframe.o(.constdata)
 <LI><a href="#[ac]">HY_RecvQueryBill</a> from hyframe.o(i.HY_RecvQueryBill) referenced from hyframe.o(.constdata)
 <LI><a href="#[ad]">HY_RecvQueryRate</a> from hyframe.o(i.HY_RecvQueryRate) referenced from hyframe.o(.constdata)
 <LI><a href="#[ab]">HY_RecvRateSet</a> from hyframe.o(i.HY_RecvRateSet) referenced from hyframe.o(.constdata)
 <LI><a href="#[a8]">HY_RecvRecordAck</a> from hyframe.o(i.HY_RecvRecordAck) referenced from hyframe.o(.constdata)
 <LI><a href="#[a7]">HY_RecvRegisterAck</a> from hyframe.o(i.HY_RecvRegisterAck) referenced from hyframe.o(.constdata)
 <LI><a href="#[b0]">HY_RecvReset</a> from hyframe.o(i.HY_RecvReset) referenced from hyframe.o(.constdata)
 <LI><a href="#[a3]">HY_RecvStartCharge</a> from hyframe.o(i.HY_RecvStartCharge) referenced from hyframe.o(.constdata)
 <LI><a href="#[a4]">HY_RecvStopCharge</a> from hyframe.o(i.HY_RecvStopCharge) referenced from hyframe.o(.constdata)
 <LI><a href="#[af]">HY_RecvUpdata</a> from hyframe.o(i.HY_RecvUpdata) referenced from hyframe.o(.constdata)
 <LI><a href="#[2]">HY_SendDevStateA</a> from hyframe.o(i.HY_SendDevStateA) referenced 2 times from hyframe.o(.data)
 <LI><a href="#[1]">HY_SendHear</a> from hyframe.o(i.HY_SendHear) referenced 2 times from hyframe.o(.data)
 <LI><a href="#[0]">HY_SendRegister</a> from hyframe.o(i.HY_SendRegister) referenced 2 times from hyframe.o(.data)
 <LI><a href="#[52]">HardFault_Handler</a> from at32f4xx_it.o(i.HardFault_Handler) referenced from startup_at32f415cbt7.o(RESET)
 <LI><a href="#[7a]">I2C1_ER_IRQHandler</a> from startup_at32f415cbt7.o(.text) referenced from startup_at32f415cbt7.o(RESET)
 <LI><a href="#[79]">I2C1_EV_IRQHandler</a> from startup_at32f415cbt7.o(.text) referenced from startup_at32f415cbt7.o(RESET)
 <LI><a href="#[7c]">I2C2_ER_IRQHandler</a> from startup_at32f415cbt7.o(.text) referenced from startup_at32f415cbt7.o(RESET)
 <LI><a href="#[7b]">I2C2_EV_IRQHandler</a> from startup_at32f415cbt7.o(.text) referenced from startup_at32f415cbt7.o(RESET)
 <LI><a href="#[53]">MemManage_Handler</a> from at32f4xx_it.o(i.MemManage_Handler) referenced from startup_at32f415cbt7.o(RESET)
 <LI><a href="#[c7]">Munu12_CodeDispose</a> from dwin_com_pro.o(i.Munu12_CodeDispose) referenced from dwin_com_pro.o(.constdata)
 <LI><a href="#[c8]">Munu13_DevnumDispose</a> from dwin_com_pro.o(i.Munu13_DevnumDispose) referenced from dwin_com_pro.o(.constdata)
 <LI><a href="#[ca]">Munu13_IP1Sert</a> from dwin_com_pro.o(i.Munu13_IP1Sert) referenced from dwin_com_pro.o(.constdata)
 <LI><a href="#[cb]">Munu13_IP2Sert</a> from dwin_com_pro.o(i.Munu13_IP2Sert) referenced from dwin_com_pro.o(.constdata)
 <LI><a href="#[cc]">Munu13_IP3Sert</a> from dwin_com_pro.o(i.Munu13_IP3Sert) referenced from dwin_com_pro.o(.constdata)
 <LI><a href="#[cd]">Munu13_IP4Sert</a> from dwin_com_pro.o(i.Munu13_IP4Sert) referenced from dwin_com_pro.o(.constdata)
 <LI><a href="#[c9]">Munu13_PortSert</a> from dwin_com_pro.o(i.Munu13_PortSert) referenced from dwin_com_pro.o(.constdata)
 <LI><a href="#[51]">NMI_Handler</a> from at32f4xx_it.o(i.NMI_Handler) referenced from startup_at32f415cbt7.o(RESET)
 <LI><a href="#[93]">OSTaskSwHook</a> from os_cpu_c.o(i.OSTaskSwHook) referenced from os_cpu_a.o(CODE)
 <LI><a href="#[9c]">OS_IdleTask</a> from os_core.o(i.OS_IdleTask) referenced from os_core.o(i.OS_IdleTaskInit)
 <LI><a href="#[9d]">OS_StatTask</a> from os_stat.o(i.OS_StatTask) referenced from os_stat.o(i.OS_StatTaskInit)
 <LI><a href="#[9b]">OS_TaskReturn</a> from os_task.o(i.OS_TaskReturn) referenced from os_cpu_c.o(i.OSTaskStkInit)
 <LI><a href="#[9e]">OS_TickTask</a> from os_tick.o(i.OS_TickTask) referenced from os_tick.o(i.OS_TickTaskInit)
 <LI><a href="#[9f]">OS_TmrTask</a> from os_tmr.o(i.OS_TmrTask) referenced from os_tmr.o(i.OS_TmrInit)
 <LI><a href="#[5b]">PVD_IRQHandler</a> from startup_at32f415cbt7.o(.text) referenced from startup_at32f415cbt7.o(RESET)
 <LI><a href="#[58]">PendSV_Handler</a> from os_cpu_a.o(CODE) referenced from startup_at32f415cbt7.o(RESET)
 <LI><a href="#[5f]">RCC_IRQHandler</a> from startup_at32f415cbt7.o(.text) referenced from startup_at32f415cbt7.o(RESET)
 <LI><a href="#[b3]">Recv_AT_CGDCONT_Ack</a> from modulea7680c.o(i.Recv_AT_CGDCONT_Ack) referenced from modulea7680c.o(.constdata)
 <LI><a href="#[b2]">Recv_AT_CIMI_Ack</a> from modulea7680c.o(i.Recv_AT_CIMI_Ack) referenced from modulea7680c.o(.constdata)
 <LI><a href="#[b4]">Recv_AT_CIPMODE_Ack</a> from modulea7680c.o(i.Recv_AT_CIPMODE_Ack) referenced from modulea7680c.o(.constdata)
 <LI><a href="#[b1]">Recv_AT_CSQ_Ack</a> from modulea7680c.o(i.Recv_AT_CSQ_Ack) referenced from modulea7680c.o(.constdata)
 <LI><a href="#[b6]">Recv_AT_ConnectServer0Cmd_Ack</a> from modulea7680c.o(i.Recv_AT_ConnectServer0Cmd_Ack) referenced from modulea7680c.o(.constdata)
 <LI><a href="#[b8]">Recv_AT_ConnectServer0_Ack</a> from modulea7680c.o(i.Recv_AT_ConnectServer0_Ack) referenced from modulea7680c.o(.constdata)
 <LI><a href="#[b7]">Recv_AT_ConnectServer1Cmd_Ack</a> from modulea7680c.o(i.Recv_AT_ConnectServer1Cmd_Ack) referenced from modulea7680c.o(.constdata)
 <LI><a href="#[b9]">Recv_AT_ConnectServer1_Ack</a> from modulea7680c.o(i.Recv_AT_ConnectServer1_Ack) referenced from modulea7680c.o(.constdata)
 <LI><a href="#[ba]">Recv_AT_EnterATCmd_Ack</a> from modulea7680c.o(i.Recv_AT_EnterATCmd_Ack) referenced from modulea7680c.o(.constdata)
 <LI><a href="#[b5]">Recv_AT_NETOPEN_Ack</a> from modulea7680c.o(i.Recv_AT_NETOPEN_Ack) referenced from modulea7680c.o(.constdata)
 <LI><a href="#[bd]">Recv_AT_ReRecv0Cmd_Ack</a> from modulea7680c.o(i.Recv_AT_ReRecv0Cmd_Ack) referenced from modulea7680c.o(.constdata)
 <LI><a href="#[be]">Recv_AT_ReRecv1Cmd_Ack</a> from modulea7680c.o(i.Recv_AT_ReRecv1Cmd_Ack) referenced from modulea7680c.o(.constdata)
 <LI><a href="#[bb]">Recv_AT_SendAck0Cmd_Ack</a> from modulea7680c.o(i.Recv_AT_SendAck0Cmd_Ack) referenced from modulea7680c.o(.constdata)
 <LI><a href="#[bc]">Recv_AT_SendAck1Cmd_Ack</a> from modulea7680c.o(i.Recv_AT_SendAck1Cmd_Ack) referenced from modulea7680c.o(.constdata)
 <LI><a href="#[bf]">Recv_AT_SetReAct_Ack</a> from modulea7680c.o(i.Recv_AT_SetReAct_Ack) referenced from modulea7680c.o(.constdata)
 <LI><a href="#[c0]">Recv_ActRecv0_Ack</a> from modulea7680c.o(i.Recv_ActRecv0_Ack) referenced from modulea7680c.o(.constdata)
 <LI><a href="#[c1]">Recv_ActRecv1_Ack</a> from modulea7680c.o(i.Recv_ActRecv1_Ack) referenced from modulea7680c.o(.constdata)
 <LI><a href="#[c3]">Recv_HttpConect_Ack</a> from modulea7680c.o(i.Recv_HttpConect_Ack) referenced from modulea7680c.o(.constdata)
 <LI><a href="#[c4]">Recv_HttpGet_Ack</a> from modulea7680c.o(i.Recv_HttpGet_Ack) referenced from modulea7680c.o(.constdata)
 <LI><a href="#[c2]">Recv_HttpStart_Ack</a> from modulea7680c.o(i.Recv_HttpStart_Ack) referenced from modulea7680c.o(.constdata)
 <LI><a href="#[c6]">Recv_ReadData_Ack</a> from modulea7680c.o(i.Recv_ReadData_Ack) referenced from modulea7680c.o(.constdata)
 <LI><a href="#[c5]">Recv_ReadDone_Ack</a> from modulea7680c.o(i.Recv_ReadDone_Ack) referenced from modulea7680c.o(.constdata)
 <LI><a href="#[50]">Reset_Handler</a> from startup_at32f415cbt7.o(.text) referenced from startup_at32f415cbt7.o(RESET)
 <LI><a href="#[85]">SDIO_IRQHandler</a> from startup_at32f415cbt7.o(.text) referenced from startup_at32f415cbt7.o(RESET)
 <LI><a href="#[7d]">SPI1_IRQHandler</a> from startup_at32f415cbt7.o(.text) referenced from startup_at32f415cbt7.o(RESET)
 <LI><a href="#[7e]">SPI2_IRQHandler</a> from startup_at32f415cbt7.o(.text) referenced from startup_at32f415cbt7.o(RESET)
 <LI><a href="#[56]">SVC_Handler</a> from startup_at32f415cbt7.o(.text) referenced from startup_at32f415cbt7.o(RESET)
 <LI><a href="#[59]">SysTick_Handler</a> from delay.o(i.SysTick_Handler) referenced from startup_at32f415cbt7.o(RESET)
 <LI><a href="#[91]">SystemInit</a> from system_at32f4xx.o(i.SystemInit) referenced from startup_at32f415cbt7.o(.text)
 <LI><a href="#[5c]">TAMP_STAMP_IRQHandler</a> from startup_at32f415cbt7.o(.text) referenced from startup_at32f415cbt7.o(RESET)
 <LI><a href="#[72]">TMR1_BRK_TMR9_IRQHandler</a> from startup_at32f415cbt7.o(.text) referenced from startup_at32f415cbt7.o(RESET)
 <LI><a href="#[75]">TMR1_CC_IRQHandler</a> from startup_at32f415cbt7.o(.text) referenced from startup_at32f415cbt7.o(RESET)
 <LI><a href="#[73]">TMR1_OV_TMR10_IRQHandler</a> from startup_at32f415cbt7.o(.text) referenced from startup_at32f415cbt7.o(RESET)
 <LI><a href="#[74]">TMR1_TRG_COM_TMR11_IRQHandler</a> from startup_at32f415cbt7.o(.text) referenced from startup_at32f415cbt7.o(RESET)
 <LI><a href="#[76]">TMR2_GLOBAL_IRQHandler</a> from startup_at32f415cbt7.o(.text) referenced from startup_at32f415cbt7.o(RESET)
 <LI><a href="#[77]">TMR3_GLOBAL_IRQHandler</a> from timer.o(i.TMR3_GLOBAL_IRQHandler) referenced from startup_at32f415cbt7.o(RESET)
 <LI><a href="#[78]">TMR4_GLOBAL_IRQHandler</a> from timer.o(i.TMR4_GLOBAL_IRQHandler) referenced from startup_at32f415cbt7.o(RESET)
 <LI><a href="#[86]">TMR5_GLOBAL_IRQHandler</a> from startup_at32f415cbt7.o(.text) referenced from startup_at32f415cbt7.o(RESET)
 <LI><a href="#[d3]">Time_charging</a> from dwin_com_pro.o(i.Time_charging) referenced from dwin_com_pro.o(.constdata)
 <LI><a href="#[d4]">Timing_charging</a> from dwin_com_pro.o(i.Timing_charging) referenced from dwin_com_pro.o(.constdata)
 <LI><a href="#[7f]">USART1_IRQHandler</a> from uart1.o(i.USART1_IRQHandler) referenced from startup_at32f415cbt7.o(RESET)
 <LI><a href="#[80]">USART2_IRQHandler</a> from uart2.o(i.USART2_IRQHandler) referenced from startup_at32f415cbt7.o(RESET)
 <LI><a href="#[81]">USART3_IRQHandler</a> from 485_1.o(i.USART3_IRQHandler) referenced from startup_at32f415cbt7.o(RESET)
 <LI><a href="#[8b]">USBOTG_IRQHandler</a> from startup_at32f415cbt7.o(.text) referenced from startup_at32f415cbt7.o(RESET)
 <LI><a href="#[84]">USBWakeUp_IRQHandler</a> from startup_at32f415cbt7.o(.text) referenced from startup_at32f415cbt7.o(RESET)
 <LI><a href="#[55]">UsageFault_Handler</a> from at32f4xx_it.o(i.UsageFault_Handler) referenced from startup_at32f415cbt7.o(RESET)
 <LI><a href="#[5a]">WWDG_IRQHandler</a> from startup_at32f415cbt7.o(.text) referenced from startup_at32f415cbt7.o(RESET)
 <LI><a href="#[5]">ZF_SendDevState</a> from zfframe.o(i.ZF_SendDevState) referenced 2 times from zfframe.o(.data)
 <LI><a href="#[4]">ZF_SendHear</a> from zfframe.o(i.ZF_SendHear) referenced 2 times from zfframe.o(.data)
 <LI><a href="#[3]">ZF_SendRegister</a> from zfframe.o(i.ZF_SendRegister) referenced 2 times from zfframe.o(.data)
 <LI><a href="#[92]">__main</a> from entry.o(.ARM.Collect$$$$00000000) referenced from startup_at32f415cbt7.o(.text)
 <LI><a href="#[a1]">_snputc</a> from printf8.o(i._snputc) referenced from printf8.o(i.__0snprintf$8)
 <LI><a href="#[a0]">fputc</a> from at32_board.o(i.fputc) referenced from printf8.o(i.__0printf$8)
 <LI><a href="#[90]">main</a> from main.o(i.main) referenced from entry9a.o(.ARM.Collect$$$$0000000B)
 <LI><a href="#[d0]">passwordmodify</a> from dwin_com_pro.o(i.passwordmodify) referenced 2 times from dwin_com_pro.o(.constdata)
 <LI><a href="#[ce]">timeSert</a> from dwin_com_pro.o(i.timeSert) referenced 2 times from dwin_com_pro.o(.constdata)
</UL>
<P>
<H3>
Global Symbols
</H3>
<P><STRONG><a name="[92]"></a>__main</STRONG> (Thumb, 0 bytes, Stack size unknown bytes, entry.o(.ARM.Collect$$$$00000000))
<BR>[Address Reference Count : 1]<UL><LI> startup_at32f415cbt7.o(.text)
</UL>
<P><STRONG><a name="[2f4]"></a>_main_stk</STRONG> (Thumb, 0 bytes, Stack size unknown bytes, entry2.o(.ARM.Collect$$$$00000001))

<P><STRONG><a name="[d5]"></a>_main_scatterload</STRONG> (Thumb, 0 bytes, Stack size unknown bytes, entry5.o(.ARM.Collect$$$$00000004))
<BR><BR>[Calls]<UL><LI><a href="#[d6]">&gt;&gt;</a>&nbsp;&nbsp;&nbsp;__scatterload
</UL>

<P><STRONG><a name="[f3]"></a>__main_after_scatterload</STRONG> (Thumb, 0 bytes, Stack size unknown bytes, entry5.o(.ARM.Collect$$$$00000004))
<BR><BR>[Called By]<UL><LI><a href="#[d6]">&gt;&gt;</a>&nbsp;&nbsp;&nbsp;__scatterload
</UL>

<P><STRONG><a name="[2f5]"></a>_main_clock</STRONG> (Thumb, 0 bytes, Stack size unknown bytes, entry7b.o(.ARM.Collect$$$$00000008))

<P><STRONG><a name="[2f6]"></a>_main_cpp_init</STRONG> (Thumb, 0 bytes, Stack size unknown bytes, entry8b.o(.ARM.Collect$$$$0000000A))

<P><STRONG><a name="[2f7]"></a>_main_init</STRONG> (Thumb, 0 bytes, Stack size unknown bytes, entry9a.o(.ARM.Collect$$$$0000000B))

<P><STRONG><a name="[2f8]"></a>__rt_lib_shutdown_fini</STRONG> (Thumb, 0 bytes, Stack size unknown bytes, entry12b.o(.ARM.Collect$$$$0000000E))

<P><STRONG><a name="[2f9]"></a>__rt_final_cpp</STRONG> (Thumb, 0 bytes, Stack size unknown bytes, entry10a.o(.ARM.Collect$$$$0000000F))

<P><STRONG><a name="[2fa]"></a>__rt_final_exit</STRONG> (Thumb, 0 bytes, Stack size unknown bytes, entry11a.o(.ARM.Collect$$$$00000011))

<P><STRONG><a name="[50]"></a>Reset_Handler</STRONG> (Thumb, 8 bytes, Stack size 0 bytes, startup_at32f415cbt7.o(.text))
<BR>[Address Reference Count : 1]<UL><LI> startup_at32f415cbt7.o(RESET)
</UL>
<P><STRONG><a name="[56]"></a>SVC_Handler</STRONG> (Thumb, 2 bytes, Stack size 0 bytes, startup_at32f415cbt7.o(.text))
<BR><BR>[Calls]<UL><LI><a href="#[56]">&gt;&gt;</a>&nbsp;&nbsp;&nbsp;SVC_Handler
</UL>
<BR>[Called By]<UL><LI><a href="#[56]">&gt;&gt;</a>&nbsp;&nbsp;&nbsp;SVC_Handler
</UL>
<BR>[Address Reference Count : 1]<UL><LI> startup_at32f415cbt7.o(RESET)
</UL>
<P><STRONG><a name="[8e]"></a>ACC_IRQHandler</STRONG> (Thumb, 0 bytes, Stack size 0 bytes, startup_at32f415cbt7.o(.text))
<BR><BR>[Calls]<UL><LI><a href="#[8e]">&gt;&gt;</a>&nbsp;&nbsp;&nbsp;ACC_IRQHandler
</UL>
<BR>[Called By]<UL><LI><a href="#[8e]">&gt;&gt;</a>&nbsp;&nbsp;&nbsp;ACC_IRQHandler
</UL>
<BR>[Address Reference Count : 1]<UL><LI> startup_at32f415cbt7.o(RESET)
</UL>
<P><STRONG><a name="[6c]"></a>ADC1_2_IRQHandler</STRONG> (Thumb, 0 bytes, Stack size 0 bytes, startup_at32f415cbt7.o(.text))
<BR>[Address Reference Count : 1]<UL><LI> startup_at32f415cbt7.o(RESET)
</UL>
<P><STRONG><a name="[6e]"></a>CAN1_RX0_IRQHandler</STRONG> (Thumb, 0 bytes, Stack size 0 bytes, startup_at32f415cbt7.o(.text))
<BR>[Address Reference Count : 1]<UL><LI> startup_at32f415cbt7.o(RESET)
</UL>
<P><STRONG><a name="[6f]"></a>CAN1_RX1_IRQHandler</STRONG> (Thumb, 0 bytes, Stack size 0 bytes, startup_at32f415cbt7.o(.text))
<BR>[Address Reference Count : 1]<UL><LI> startup_at32f415cbt7.o(RESET)
</UL>
<P><STRONG><a name="[70]"></a>CAN1_SCE_IRQHandler</STRONG> (Thumb, 0 bytes, Stack size 0 bytes, startup_at32f415cbt7.o(.text))
<BR>[Address Reference Count : 1]<UL><LI> startup_at32f415cbt7.o(RESET)
</UL>
<P><STRONG><a name="[6d]"></a>CAN1_TX_IRQHandler</STRONG> (Thumb, 0 bytes, Stack size 0 bytes, startup_at32f415cbt7.o(.text))
<BR>[Address Reference Count : 1]<UL><LI> startup_at32f415cbt7.o(RESET)
</UL>
<P><STRONG><a name="[8c]"></a>COMP1_IRQHandler</STRONG> (Thumb, 0 bytes, Stack size 0 bytes, startup_at32f415cbt7.o(.text))
<BR>[Address Reference Count : 1]<UL><LI> startup_at32f415cbt7.o(RESET)
</UL>
<P><STRONG><a name="[8d]"></a>COMP2_IRQHandler</STRONG> (Thumb, 0 bytes, Stack size 0 bytes, startup_at32f415cbt7.o(.text))
<BR>[Address Reference Count : 1]<UL><LI> startup_at32f415cbt7.o(RESET)
</UL>
<P><STRONG><a name="[65]"></a>DMA1_Channel1_IRQHandler</STRONG> (Thumb, 0 bytes, Stack size 0 bytes, startup_at32f415cbt7.o(.text))
<BR>[Address Reference Count : 1]<UL><LI> startup_at32f415cbt7.o(RESET)
</UL>
<P><STRONG><a name="[66]"></a>DMA1_Channel2_IRQHandler</STRONG> (Thumb, 0 bytes, Stack size 0 bytes, startup_at32f415cbt7.o(.text))
<BR>[Address Reference Count : 1]<UL><LI> startup_at32f415cbt7.o(RESET)
</UL>
<P><STRONG><a name="[67]"></a>DMA1_Channel3_IRQHandler</STRONG> (Thumb, 0 bytes, Stack size 0 bytes, startup_at32f415cbt7.o(.text))
<BR>[Address Reference Count : 1]<UL><LI> startup_at32f415cbt7.o(RESET)
</UL>
<P><STRONG><a name="[68]"></a>DMA1_Channel4_IRQHandler</STRONG> (Thumb, 0 bytes, Stack size 0 bytes, startup_at32f415cbt7.o(.text))
<BR>[Address Reference Count : 1]<UL><LI> startup_at32f415cbt7.o(RESET)
</UL>
<P><STRONG><a name="[69]"></a>DMA1_Channel5_IRQHandler</STRONG> (Thumb, 0 bytes, Stack size 0 bytes, startup_at32f415cbt7.o(.text))
<BR>[Address Reference Count : 1]<UL><LI> startup_at32f415cbt7.o(RESET)
</UL>
<P><STRONG><a name="[6a]"></a>DMA1_Channel6_IRQHandler</STRONG> (Thumb, 0 bytes, Stack size 0 bytes, startup_at32f415cbt7.o(.text))
<BR>[Address Reference Count : 1]<UL><LI> startup_at32f415cbt7.o(RESET)
</UL>
<P><STRONG><a name="[6b]"></a>DMA1_Channel7_IRQHandler</STRONG> (Thumb, 0 bytes, Stack size 0 bytes, startup_at32f415cbt7.o(.text))
<BR>[Address Reference Count : 1]<UL><LI> startup_at32f415cbt7.o(RESET)
</UL>
<P><STRONG><a name="[87]"></a>DMA2_Channel1_IRQHandler</STRONG> (Thumb, 0 bytes, Stack size 0 bytes, startup_at32f415cbt7.o(.text))
<BR>[Address Reference Count : 1]<UL><LI> startup_at32f415cbt7.o(RESET)
</UL>
<P><STRONG><a name="[88]"></a>DMA2_Channel2_IRQHandler</STRONG> (Thumb, 0 bytes, Stack size 0 bytes, startup_at32f415cbt7.o(.text))
<BR>[Address Reference Count : 1]<UL><LI> startup_at32f415cbt7.o(RESET)
</UL>
<P><STRONG><a name="[89]"></a>DMA2_Channel3_IRQHandler</STRONG> (Thumb, 0 bytes, Stack size 0 bytes, startup_at32f415cbt7.o(.text))
<BR>[Address Reference Count : 1]<UL><LI> startup_at32f415cbt7.o(RESET)
</UL>
<P><STRONG><a name="[8a]"></a>DMA2_Channel4_5_IRQHandler</STRONG> (Thumb, 0 bytes, Stack size 0 bytes, startup_at32f415cbt7.o(.text))
<BR>[Address Reference Count : 1]<UL><LI> startup_at32f415cbt7.o(RESET)
</UL>
<P><STRONG><a name="[8f]"></a>DMA2_Channel6_7_IRQHandler</STRONG> (Thumb, 0 bytes, Stack size 0 bytes, startup_at32f415cbt7.o(.text))
<BR>[Address Reference Count : 1]<UL><LI> startup_at32f415cbt7.o(RESET)
</UL>
<P><STRONG><a name="[83]"></a>ERTCAlarm_IRQHandler</STRONG> (Thumb, 0 bytes, Stack size 0 bytes, startup_at32f415cbt7.o(.text))
<BR>[Address Reference Count : 1]<UL><LI> startup_at32f415cbt7.o(RESET)
</UL>
<P><STRONG><a name="[5d]"></a>ERTC_WKUP_IRQHandler</STRONG> (Thumb, 0 bytes, Stack size 0 bytes, startup_at32f415cbt7.o(.text))
<BR>[Address Reference Count : 1]<UL><LI> startup_at32f415cbt7.o(RESET)
</UL>
<P><STRONG><a name="[60]"></a>EXTI0_IRQHandler</STRONG> (Thumb, 0 bytes, Stack size 0 bytes, startup_at32f415cbt7.o(.text))
<BR>[Address Reference Count : 1]<UL><LI> startup_at32f415cbt7.o(RESET)
</UL>
<P><STRONG><a name="[82]"></a>EXTI15_10_IRQHandler</STRONG> (Thumb, 0 bytes, Stack size 0 bytes, startup_at32f415cbt7.o(.text))
<BR>[Address Reference Count : 1]<UL><LI> startup_at32f415cbt7.o(RESET)
</UL>
<P><STRONG><a name="[61]"></a>EXTI1_IRQHandler</STRONG> (Thumb, 0 bytes, Stack size 0 bytes, startup_at32f415cbt7.o(.text))
<BR>[Address Reference Count : 1]<UL><LI> startup_at32f415cbt7.o(RESET)
</UL>
<P><STRONG><a name="[62]"></a>EXTI2_IRQHandler</STRONG> (Thumb, 0 bytes, Stack size 0 bytes, startup_at32f415cbt7.o(.text))
<BR>[Address Reference Count : 1]<UL><LI> startup_at32f415cbt7.o(RESET)
</UL>
<P><STRONG><a name="[63]"></a>EXTI3_IRQHandler</STRONG> (Thumb, 0 bytes, Stack size 0 bytes, startup_at32f415cbt7.o(.text))
<BR>[Address Reference Count : 1]<UL><LI> startup_at32f415cbt7.o(RESET)
</UL>
<P><STRONG><a name="[64]"></a>EXTI4_IRQHandler</STRONG> (Thumb, 0 bytes, Stack size 0 bytes, startup_at32f415cbt7.o(.text))
<BR>[Address Reference Count : 1]<UL><LI> startup_at32f415cbt7.o(RESET)
</UL>
<P><STRONG><a name="[71]"></a>EXTI9_5_IRQHandler</STRONG> (Thumb, 0 bytes, Stack size 0 bytes, startup_at32f415cbt7.o(.text))
<BR>[Address Reference Count : 1]<UL><LI> startup_at32f415cbt7.o(RESET)
</UL>
<P><STRONG><a name="[5e]"></a>FLASH_IRQHandler</STRONG> (Thumb, 0 bytes, Stack size 0 bytes, startup_at32f415cbt7.o(.text))
<BR>[Address Reference Count : 1]<UL><LI> startup_at32f415cbt7.o(RESET)
</UL>
<P><STRONG><a name="[7a]"></a>I2C1_ER_IRQHandler</STRONG> (Thumb, 0 bytes, Stack size 0 bytes, startup_at32f415cbt7.o(.text))
<BR>[Address Reference Count : 1]<UL><LI> startup_at32f415cbt7.o(RESET)
</UL>
<P><STRONG><a name="[79]"></a>I2C1_EV_IRQHandler</STRONG> (Thumb, 0 bytes, Stack size 0 bytes, startup_at32f415cbt7.o(.text))
<BR>[Address Reference Count : 1]<UL><LI> startup_at32f415cbt7.o(RESET)
</UL>
<P><STRONG><a name="[7c]"></a>I2C2_ER_IRQHandler</STRONG> (Thumb, 0 bytes, Stack size 0 bytes, startup_at32f415cbt7.o(.text))
<BR>[Address Reference Count : 1]<UL><LI> startup_at32f415cbt7.o(RESET)
</UL>
<P><STRONG><a name="[7b]"></a>I2C2_EV_IRQHandler</STRONG> (Thumb, 0 bytes, Stack size 0 bytes, startup_at32f415cbt7.o(.text))
<BR>[Address Reference Count : 1]<UL><LI> startup_at32f415cbt7.o(RESET)
</UL>
<P><STRONG><a name="[5b]"></a>PVD_IRQHandler</STRONG> (Thumb, 0 bytes, Stack size 0 bytes, startup_at32f415cbt7.o(.text))
<BR>[Address Reference Count : 1]<UL><LI> startup_at32f415cbt7.o(RESET)
</UL>
<P><STRONG><a name="[5f]"></a>RCC_IRQHandler</STRONG> (Thumb, 0 bytes, Stack size 0 bytes, startup_at32f415cbt7.o(.text))
<BR>[Address Reference Count : 1]<UL><LI> startup_at32f415cbt7.o(RESET)
</UL>
<P><STRONG><a name="[85]"></a>SDIO_IRQHandler</STRONG> (Thumb, 0 bytes, Stack size 0 bytes, startup_at32f415cbt7.o(.text))
<BR>[Address Reference Count : 1]<UL><LI> startup_at32f415cbt7.o(RESET)
</UL>
<P><STRONG><a name="[7d]"></a>SPI1_IRQHandler</STRONG> (Thumb, 0 bytes, Stack size 0 bytes, startup_at32f415cbt7.o(.text))
<BR>[Address Reference Count : 1]<UL><LI> startup_at32f415cbt7.o(RESET)
</UL>
<P><STRONG><a name="[7e]"></a>SPI2_IRQHandler</STRONG> (Thumb, 0 bytes, Stack size 0 bytes, startup_at32f415cbt7.o(.text))
<BR>[Address Reference Count : 1]<UL><LI> startup_at32f415cbt7.o(RESET)
</UL>
<P><STRONG><a name="[5c]"></a>TAMP_STAMP_IRQHandler</STRONG> (Thumb, 0 bytes, Stack size 0 bytes, startup_at32f415cbt7.o(.text))
<BR>[Address Reference Count : 1]<UL><LI> startup_at32f415cbt7.o(RESET)
</UL>
<P><STRONG><a name="[72]"></a>TMR1_BRK_TMR9_IRQHandler</STRONG> (Thumb, 0 bytes, Stack size 0 bytes, startup_at32f415cbt7.o(.text))
<BR>[Address Reference Count : 1]<UL><LI> startup_at32f415cbt7.o(RESET)
</UL>
<P><STRONG><a name="[75]"></a>TMR1_CC_IRQHandler</STRONG> (Thumb, 0 bytes, Stack size 0 bytes, startup_at32f415cbt7.o(.text))
<BR>[Address Reference Count : 1]<UL><LI> startup_at32f415cbt7.o(RESET)
</UL>
<P><STRONG><a name="[73]"></a>TMR1_OV_TMR10_IRQHandler</STRONG> (Thumb, 0 bytes, Stack size 0 bytes, startup_at32f415cbt7.o(.text))
<BR>[Address Reference Count : 1]<UL><LI> startup_at32f415cbt7.o(RESET)
</UL>
<P><STRONG><a name="[74]"></a>TMR1_TRG_COM_TMR11_IRQHandler</STRONG> (Thumb, 0 bytes, Stack size 0 bytes, startup_at32f415cbt7.o(.text))
<BR>[Address Reference Count : 1]<UL><LI> startup_at32f415cbt7.o(RESET)
</UL>
<P><STRONG><a name="[76]"></a>TMR2_GLOBAL_IRQHandler</STRONG> (Thumb, 0 bytes, Stack size 0 bytes, startup_at32f415cbt7.o(.text))
<BR>[Address Reference Count : 1]<UL><LI> startup_at32f415cbt7.o(RESET)
</UL>
<P><STRONG><a name="[86]"></a>TMR5_GLOBAL_IRQHandler</STRONG> (Thumb, 0 bytes, Stack size 0 bytes, startup_at32f415cbt7.o(.text))
<BR>[Address Reference Count : 1]<UL><LI> startup_at32f415cbt7.o(RESET)
</UL>
<P><STRONG><a name="[8b]"></a>USBOTG_IRQHandler</STRONG> (Thumb, 0 bytes, Stack size 0 bytes, startup_at32f415cbt7.o(.text))
<BR>[Address Reference Count : 1]<UL><LI> startup_at32f415cbt7.o(RESET)
</UL>
<P><STRONG><a name="[84]"></a>USBWakeUp_IRQHandler</STRONG> (Thumb, 0 bytes, Stack size 0 bytes, startup_at32f415cbt7.o(.text))
<BR>[Address Reference Count : 1]<UL><LI> startup_at32f415cbt7.o(RESET)
</UL>
<P><STRONG><a name="[5a]"></a>WWDG_IRQHandler</STRONG> (Thumb, 0 bytes, Stack size 0 bytes, startup_at32f415cbt7.o(.text))
<BR>[Address Reference Count : 1]<UL><LI> startup_at32f415cbt7.o(RESET)
</UL>
<P><STRONG><a name="[2fb]"></a>CPU_IntDis</STRONG> (Thumb, 0 bytes, Stack size unknown bytes, cpu_a.o(.text), UNUSED)

<P><STRONG><a name="[2fc]"></a>CPU_IntEn</STRONG> (Thumb, 0 bytes, Stack size unknown bytes, cpu_a.o(.text), UNUSED)

<P><STRONG><a name="[180]"></a>CPU_SR_Save</STRONG> (Thumb, 0 bytes, Stack size unknown bytes, cpu_a.o(.text))
<BR><BR>[Called By]<UL><LI><a href="#[112]">&gt;&gt;</a>&nbsp;&nbsp;&nbsp;OSTimeDly
<LI><a href="#[155]">&gt;&gt;</a>&nbsp;&nbsp;&nbsp;OSTaskCreate
<LI><a href="#[16a]">&gt;&gt;</a>&nbsp;&nbsp;&nbsp;OSStatTaskCPUUsageInit
<LI><a href="#[217]">&gt;&gt;</a>&nbsp;&nbsp;&nbsp;OSIntExit
<LI><a href="#[9c]">&gt;&gt;</a>&nbsp;&nbsp;&nbsp;OS_IdleTask
<LI><a href="#[15c]">&gt;&gt;</a>&nbsp;&nbsp;&nbsp;OSSchedUnlock
<LI><a href="#[15a]">&gt;&gt;</a>&nbsp;&nbsp;&nbsp;OSSchedLock
<LI><a href="#[221]">&gt;&gt;</a>&nbsp;&nbsp;&nbsp;OSSched
<LI><a href="#[111]">&gt;&gt;</a>&nbsp;&nbsp;&nbsp;OSTimeGet
<LI><a href="#[9e]">&gt;&gt;</a>&nbsp;&nbsp;&nbsp;OS_TickTask
<LI><a href="#[258]">&gt;&gt;</a>&nbsp;&nbsp;&nbsp;OS_TickListUpdateTimeout
<LI><a href="#[257]">&gt;&gt;</a>&nbsp;&nbsp;&nbsp;OS_TickListUpdateDly
<LI><a href="#[244]">&gt;&gt;</a>&nbsp;&nbsp;&nbsp;OS_TaskSuspend
<LI><a href="#[242]">&gt;&gt;</a>&nbsp;&nbsp;&nbsp;OS_TaskSemPost
<LI><a href="#[23f]">&gt;&gt;</a>&nbsp;&nbsp;&nbsp;OS_TaskResume
<LI><a href="#[240]">&gt;&gt;</a>&nbsp;&nbsp;&nbsp;OSTaskSemPend
<LI><a href="#[239]">&gt;&gt;</a>&nbsp;&nbsp;&nbsp;OSTaskDel
<LI><a href="#[243]">&gt;&gt;</a>&nbsp;&nbsp;&nbsp;OSTaskStkChk
<LI><a href="#[234]">&gt;&gt;</a>&nbsp;&nbsp;&nbsp;OSTaskResume
<LI><a href="#[9d]">&gt;&gt;</a>&nbsp;&nbsp;&nbsp;OS_StatTask
<LI><a href="#[230]">&gt;&gt;</a>&nbsp;&nbsp;&nbsp;OSStatReset
<LI><a href="#[22a]">&gt;&gt;</a>&nbsp;&nbsp;&nbsp;OS_QPost
<LI><a href="#[227]">&gt;&gt;</a>&nbsp;&nbsp;&nbsp;OSQPend
<LI><a href="#[121]">&gt;&gt;</a>&nbsp;&nbsp;&nbsp;OSQCreate
<LI><a href="#[1f7]">&gt;&gt;</a>&nbsp;&nbsp;&nbsp;OSMutexPost
<LI><a href="#[1f6]">&gt;&gt;</a>&nbsp;&nbsp;&nbsp;OSMutexPend
<LI><a href="#[113]">&gt;&gt;</a>&nbsp;&nbsp;&nbsp;OSMutexCreate
<LI><a href="#[17f]">&gt;&gt;</a>&nbsp;&nbsp;&nbsp;CPU_NameClr
<LI><a href="#[59]">&gt;&gt;</a>&nbsp;&nbsp;&nbsp;SysTick_Handler
<LI><a href="#[81]">&gt;&gt;</a>&nbsp;&nbsp;&nbsp;USART3_IRQHandler
<LI><a href="#[80]">&gt;&gt;</a>&nbsp;&nbsp;&nbsp;USART2_IRQHandler
<LI><a href="#[7f]">&gt;&gt;</a>&nbsp;&nbsp;&nbsp;USART1_IRQHandler
</UL>

<P><STRONG><a name="[182]"></a>CPU_SR_Restore</STRONG> (Thumb, 0 bytes, Stack size unknown bytes, cpu_a.o(.text))
<BR><BR>[Called By]<UL><LI><a href="#[112]">&gt;&gt;</a>&nbsp;&nbsp;&nbsp;OSTimeDly
<LI><a href="#[155]">&gt;&gt;</a>&nbsp;&nbsp;&nbsp;OSTaskCreate
<LI><a href="#[16a]">&gt;&gt;</a>&nbsp;&nbsp;&nbsp;OSStatTaskCPUUsageInit
<LI><a href="#[217]">&gt;&gt;</a>&nbsp;&nbsp;&nbsp;OSIntExit
<LI><a href="#[9c]">&gt;&gt;</a>&nbsp;&nbsp;&nbsp;OS_IdleTask
<LI><a href="#[15c]">&gt;&gt;</a>&nbsp;&nbsp;&nbsp;OSSchedUnlock
<LI><a href="#[15a]">&gt;&gt;</a>&nbsp;&nbsp;&nbsp;OSSchedLock
<LI><a href="#[221]">&gt;&gt;</a>&nbsp;&nbsp;&nbsp;OSSched
<LI><a href="#[111]">&gt;&gt;</a>&nbsp;&nbsp;&nbsp;OSTimeGet
<LI><a href="#[9e]">&gt;&gt;</a>&nbsp;&nbsp;&nbsp;OS_TickTask
<LI><a href="#[258]">&gt;&gt;</a>&nbsp;&nbsp;&nbsp;OS_TickListUpdateTimeout
<LI><a href="#[257]">&gt;&gt;</a>&nbsp;&nbsp;&nbsp;OS_TickListUpdateDly
<LI><a href="#[244]">&gt;&gt;</a>&nbsp;&nbsp;&nbsp;OS_TaskSuspend
<LI><a href="#[242]">&gt;&gt;</a>&nbsp;&nbsp;&nbsp;OS_TaskSemPost
<LI><a href="#[23f]">&gt;&gt;</a>&nbsp;&nbsp;&nbsp;OS_TaskResume
<LI><a href="#[240]">&gt;&gt;</a>&nbsp;&nbsp;&nbsp;OSTaskSemPend
<LI><a href="#[239]">&gt;&gt;</a>&nbsp;&nbsp;&nbsp;OSTaskDel
<LI><a href="#[243]">&gt;&gt;</a>&nbsp;&nbsp;&nbsp;OSTaskStkChk
<LI><a href="#[234]">&gt;&gt;</a>&nbsp;&nbsp;&nbsp;OSTaskResume
<LI><a href="#[9d]">&gt;&gt;</a>&nbsp;&nbsp;&nbsp;OS_StatTask
<LI><a href="#[230]">&gt;&gt;</a>&nbsp;&nbsp;&nbsp;OSStatReset
<LI><a href="#[22a]">&gt;&gt;</a>&nbsp;&nbsp;&nbsp;OS_QPost
<LI><a href="#[227]">&gt;&gt;</a>&nbsp;&nbsp;&nbsp;OSQPend
<LI><a href="#[121]">&gt;&gt;</a>&nbsp;&nbsp;&nbsp;OSQCreate
<LI><a href="#[1f7]">&gt;&gt;</a>&nbsp;&nbsp;&nbsp;OSMutexPost
<LI><a href="#[1f6]">&gt;&gt;</a>&nbsp;&nbsp;&nbsp;OSMutexPend
<LI><a href="#[113]">&gt;&gt;</a>&nbsp;&nbsp;&nbsp;OSMutexCreate
<LI><a href="#[17f]">&gt;&gt;</a>&nbsp;&nbsp;&nbsp;CPU_NameClr
<LI><a href="#[59]">&gt;&gt;</a>&nbsp;&nbsp;&nbsp;SysTick_Handler
<LI><a href="#[81]">&gt;&gt;</a>&nbsp;&nbsp;&nbsp;USART3_IRQHandler
<LI><a href="#[80]">&gt;&gt;</a>&nbsp;&nbsp;&nbsp;USART2_IRQHandler
<LI><a href="#[7f]">&gt;&gt;</a>&nbsp;&nbsp;&nbsp;USART1_IRQHandler
</UL>

<P><STRONG><a name="[2fd]"></a>CPU_WaitForInt</STRONG> (Thumb, 0 bytes, Stack size unknown bytes, cpu_a.o(.text), UNUSED)

<P><STRONG><a name="[2fe]"></a>CPU_WaitForExcept</STRONG> (Thumb, 0 bytes, Stack size unknown bytes, cpu_a.o(.text), UNUSED)

<P><STRONG><a name="[251]"></a>CPU_CntLeadZeros</STRONG> (Thumb, 0 bytes, Stack size unknown bytes, cpu_a.o(.text))
<BR><BR>[Called By]<UL><LI><a href="#[218]">&gt;&gt;</a>&nbsp;&nbsp;&nbsp;OS_PrioGetHighest
</UL>

<P><STRONG><a name="[2ff]"></a>CPU_CntTrailZeros</STRONG> (Thumb, 0 bytes, Stack size unknown bytes, cpu_a.o(.text), UNUSED)

<P><STRONG><a name="[300]"></a>CPU_RevBits</STRONG> (Thumb, 0 bytes, Stack size unknown bytes, cpu_a.o(.text), UNUSED)

<P><STRONG><a name="[d7]"></a>__aeabi_uldivmod</STRONG> (Thumb, 98 bytes, Stack size 40 bytes, uldiv.o(.text))
<BR><BR>[Stack]<UL><LI>Max Depth = 40<LI>Call Chain = __aeabi_uldivmod
</UL>
<BR>[Calls]<UL><LI><a href="#[d8]">&gt;&gt;</a>&nbsp;&nbsp;&nbsp;__aeabi_llsr
<LI><a href="#[d9]">&gt;&gt;</a>&nbsp;&nbsp;&nbsp;__aeabi_llsl
</UL>
<BR>[Called By]<UL><LI><a href="#[295]">&gt;&gt;</a>&nbsp;&nbsp;&nbsp;USART_Init
<LI><a href="#[77]">&gt;&gt;</a>&nbsp;&nbsp;&nbsp;TMR3_GLOBAL_IRQHandler
<LI><a href="#[2ab]">&gt;&gt;</a>&nbsp;&nbsp;&nbsp;_printf_core
</UL>

<P><STRONG><a name="[fe]"></a>__aeabi_memcpy</STRONG> (Thumb, 36 bytes, Stack size 0 bytes, memcpya.o(.text))
<BR><BR>[Called By]<UL><LI><a href="#[9a]">&gt;&gt;</a>&nbsp;&nbsp;&nbsp;AppTaskdlt645
<LI><a href="#[2ea]">&gt;&gt;</a>&nbsp;&nbsp;&nbsp;mq_service_send_msg
<LI><a href="#[122]">&gt;&gt;</a>&nbsp;&nbsp;&nbsp;mq_service_recv_msg
<LI><a href="#[2be]">&gt;&gt;</a>&nbsp;&nbsp;&nbsp;ch_info_update
<LI><a href="#[c6]">&gt;&gt;</a>&nbsp;&nbsp;&nbsp;Recv_ReadData_Ack
<LI><a href="#[be]">&gt;&gt;</a>&nbsp;&nbsp;&nbsp;Recv_AT_ReRecv1Cmd_Ack
<LI><a href="#[bd]">&gt;&gt;</a>&nbsp;&nbsp;&nbsp;Recv_AT_ReRecv0Cmd_Ack
<LI><a href="#[15b]">&gt;&gt;</a>&nbsp;&nbsp;&nbsp;_HY_RestUpdataData
<LI><a href="#[1da]">&gt;&gt;</a>&nbsp;&nbsp;&nbsp;HY_SendResetAck
<LI><a href="#[1cf]">&gt;&gt;</a>&nbsp;&nbsp;&nbsp;HYFreamSend
<LI><a href="#[0]">&gt;&gt;</a>&nbsp;&nbsp;&nbsp;HY_SendRegister
<LI><a href="#[1]">&gt;&gt;</a>&nbsp;&nbsp;&nbsp;HY_SendHear
<LI><a href="#[af]">&gt;&gt;</a>&nbsp;&nbsp;&nbsp;HY_RecvUpdata
<LI><a href="#[a3]">&gt;&gt;</a>&nbsp;&nbsp;&nbsp;HY_RecvStartCharge
<LI><a href="#[b0]">&gt;&gt;</a>&nbsp;&nbsp;&nbsp;HY_RecvReset
<LI><a href="#[a7]">&gt;&gt;</a>&nbsp;&nbsp;&nbsp;HY_RecvRegisterAck
<LI><a href="#[a8]">&gt;&gt;</a>&nbsp;&nbsp;&nbsp;HY_RecvRecordAck
<LI><a href="#[ab]">&gt;&gt;</a>&nbsp;&nbsp;&nbsp;HY_RecvRateSet
<LI><a href="#[ae]">&gt;&gt;</a>&nbsp;&nbsp;&nbsp;HY_RecvCardStart
<LI><a href="#[136]">&gt;&gt;</a>&nbsp;&nbsp;&nbsp;HY_SendQueryRateAck
<LI><a href="#[25f]">&gt;&gt;</a>&nbsp;&nbsp;&nbsp;PreHYBill
<LI><a href="#[11c]">&gt;&gt;</a>&nbsp;&nbsp;&nbsp;HY_SendUpdataAck
<LI><a href="#[1e4]">&gt;&gt;</a>&nbsp;&nbsp;&nbsp;HY_SendStopAck
<LI><a href="#[1e3]">&gt;&gt;</a>&nbsp;&nbsp;&nbsp;HY_SendStartAck
<LI><a href="#[2]">&gt;&gt;</a>&nbsp;&nbsp;&nbsp;HY_SendDevStateA
<LI><a href="#[1df]">&gt;&gt;</a>&nbsp;&nbsp;&nbsp;HY_SendCardInfo
<LI><a href="#[1dc]">&gt;&gt;</a>&nbsp;&nbsp;&nbsp;HY_SendBill
<LI><a href="#[1d6]">&gt;&gt;</a>&nbsp;&nbsp;&nbsp;HY_RecvFrameDispose
<LI><a href="#[105]">&gt;&gt;</a>&nbsp;&nbsp;&nbsp;APP_GetHYBatchNum
<LI><a href="#[f7]">&gt;&gt;</a>&nbsp;&nbsp;&nbsp;Dis_ShowCopy
<LI><a href="#[f5]">&gt;&gt;</a>&nbsp;&nbsp;&nbsp;APPTransactionrecord
<LI><a href="#[2f0]">&gt;&gt;</a>&nbsp;&nbsp;&nbsp;set_CardMCUID
<LI><a href="#[163]">&gt;&gt;</a>&nbsp;&nbsp;&nbsp;dwin_show_state
<LI><a href="#[2e5]">&gt;&gt;</a>&nbsp;&nbsp;&nbsp;dwin_show_record
<LI><a href="#[109]">&gt;&gt;</a>&nbsp;&nbsp;&nbsp;DispShow_Recode
<LI><a href="#[fa]">&gt;&gt;</a>&nbsp;&nbsp;&nbsp;Dis_Showstop_reason
</UL>

<P><STRONG><a name="[107]"></a>__aeabi_memcpy4</STRONG> (Thumb, 0 bytes, Stack size 0 bytes, memcpya.o(.text))
<BR><BR>[Called By]<UL><LI><a href="#[122]">&gt;&gt;</a>&nbsp;&nbsp;&nbsp;mq_service_recv_msg
<LI><a href="#[2a2]">&gt;&gt;</a>&nbsp;&nbsp;&nbsp;Unlock_Transactionrecord
<LI><a href="#[163]">&gt;&gt;</a>&nbsp;&nbsp;&nbsp;dwin_show_state
<LI><a href="#[2e5]">&gt;&gt;</a>&nbsp;&nbsp;&nbsp;dwin_show_record
<LI><a href="#[109]">&gt;&gt;</a>&nbsp;&nbsp;&nbsp;DispShow_Recode
<LI><a href="#[10c]">&gt;&gt;</a>&nbsp;&nbsp;&nbsp;APP_SelectUpNChargeRecode
<LI><a href="#[10b]">&gt;&gt;</a>&nbsp;&nbsp;&nbsp;APP_SelectNextNChargeRecode
<LI><a href="#[106]">&gt;&gt;</a>&nbsp;&nbsp;&nbsp;APP_SelectCurChargeRecode
</UL>

<P><STRONG><a name="[301]"></a>__aeabi_memcpy8</STRONG> (Thumb, 0 bytes, Stack size 0 bytes, memcpya.o(.text), UNUSED)

<P><STRONG><a name="[db]"></a>__aeabi_memset</STRONG> (Thumb, 14 bytes, Stack size 0 bytes, memseta.o(.text))
<BR><BR>[Called By]<UL><LI><a href="#[ab]">&gt;&gt;</a>&nbsp;&nbsp;&nbsp;HY_RecvRateSet
<LI><a href="#[dc]">&gt;&gt;</a>&nbsp;&nbsp;&nbsp;_memset$wrapper
<LI><a href="#[da]">&gt;&gt;</a>&nbsp;&nbsp;&nbsp;__aeabi_memclr
</UL>

<P><STRONG><a name="[302]"></a>__aeabi_memset4</STRONG> (Thumb, 0 bytes, Stack size 0 bytes, memseta.o(.text), UNUSED)

<P><STRONG><a name="[303]"></a>__aeabi_memset8</STRONG> (Thumb, 0 bytes, Stack size 0 bytes, memseta.o(.text), UNUSED)

<P><STRONG><a name="[da]"></a>__aeabi_memclr</STRONG> (Thumb, 4 bytes, Stack size 0 bytes, memseta.o(.text))
<BR><BR>[Calls]<UL><LI><a href="#[db]">&gt;&gt;</a>&nbsp;&nbsp;&nbsp;__aeabi_memset
</UL>
<BR>[Called By]<UL><LI><a href="#[96]">&gt;&gt;</a>&nbsp;&nbsp;&nbsp;AppTaskDwin
<LI><a href="#[1d5]">&gt;&gt;</a>&nbsp;&nbsp;&nbsp;HY_Mesetelectricity
<LI><a href="#[af]">&gt;&gt;</a>&nbsp;&nbsp;&nbsp;HY_RecvUpdata
<LI><a href="#[188]">&gt;&gt;</a>&nbsp;&nbsp;&nbsp;SIM7600Reset
<LI><a href="#[2]">&gt;&gt;</a>&nbsp;&nbsp;&nbsp;HY_SendDevStateA
<LI><a href="#[1df]">&gt;&gt;</a>&nbsp;&nbsp;&nbsp;HY_SendCardInfo
<LI><a href="#[157]">&gt;&gt;</a>&nbsp;&nbsp;&nbsp;flash_para_init
</UL>

<P><STRONG><a name="[f6]"></a>__aeabi_memclr4</STRONG> (Thumb, 0 bytes, Stack size 0 bytes, memseta.o(.text))
<BR><BR>[Called By]<UL><LI><a href="#[9a]">&gt;&gt;</a>&nbsp;&nbsp;&nbsp;AppTaskdlt645
<LI><a href="#[96]">&gt;&gt;</a>&nbsp;&nbsp;&nbsp;AppTaskDwin
<LI><a href="#[94]">&gt;&gt;</a>&nbsp;&nbsp;&nbsp;AppTaskCard
<LI><a href="#[99]">&gt;&gt;</a>&nbsp;&nbsp;&nbsp;AppTask4GSend
<LI><a href="#[98]">&gt;&gt;</a>&nbsp;&nbsp;&nbsp;AppTask4GRecv
<LI><a href="#[14e]">&gt;&gt;</a>&nbsp;&nbsp;&nbsp;ch_wait_msg
<LI><a href="#[2cf]">&gt;&gt;</a>&nbsp;&nbsp;&nbsp;ch_from_ctl_msg
<LI><a href="#[2d5]">&gt;&gt;</a>&nbsp;&nbsp;&nbsp;ch_start_func
<LI><a href="#[147]">&gt;&gt;</a>&nbsp;&nbsp;&nbsp;send_ch_ctl_msg
<LI><a href="#[1d1]">&gt;&gt;</a>&nbsp;&nbsp;&nbsp;ModuleSIM7600_SendData
<LI><a href="#[ab]">&gt;&gt;</a>&nbsp;&nbsp;&nbsp;HY_RecvRateSet
<LI><a href="#[130]">&gt;&gt;</a>&nbsp;&nbsp;&nbsp;ZF_SendBill
<LI><a href="#[13b]">&gt;&gt;</a>&nbsp;&nbsp;&nbsp;Send_AT_CIPRXGET
<LI><a href="#[1df]">&gt;&gt;</a>&nbsp;&nbsp;&nbsp;HY_SendCardInfo
<LI><a href="#[2a2]">&gt;&gt;</a>&nbsp;&nbsp;&nbsp;Unlock_Transactionrecord
<LI><a href="#[f5]">&gt;&gt;</a>&nbsp;&nbsp;&nbsp;APPTransactionrecord
<LI><a href="#[2a4]">&gt;&gt;</a>&nbsp;&nbsp;&nbsp;read_lock_state
<LI><a href="#[5]">&gt;&gt;</a>&nbsp;&nbsp;&nbsp;ZF_SendDevState
<LI><a href="#[18f]">&gt;&gt;</a>&nbsp;&nbsp;&nbsp;Dis_ShowTime
<LI><a href="#[18c]">&gt;&gt;</a>&nbsp;&nbsp;&nbsp;Dis_SYSShowTime
<LI><a href="#[163]">&gt;&gt;</a>&nbsp;&nbsp;&nbsp;dwin_show_state
<LI><a href="#[2e5]">&gt;&gt;</a>&nbsp;&nbsp;&nbsp;dwin_show_record
<LI><a href="#[109]">&gt;&gt;</a>&nbsp;&nbsp;&nbsp;DispShow_Recode
<LI><a href="#[1d3]">&gt;&gt;</a>&nbsp;&nbsp;&nbsp;Munu27_ShowSysInfo
<LI><a href="#[100]">&gt;&gt;</a>&nbsp;&nbsp;&nbsp;APP_ClearRecodeInfo
</UL>

<P><STRONG><a name="[304]"></a>__aeabi_memclr8</STRONG> (Thumb, 0 bytes, Stack size 0 bytes, memseta.o(.text), UNUSED)

<P><STRONG><a name="[dc]"></a>_memset$wrapper</STRONG> (Thumb, 18 bytes, Stack size 8 bytes, memseta.o(.text), UNUSED)
<BR><BR>[Calls]<UL><LI><a href="#[db]">&gt;&gt;</a>&nbsp;&nbsp;&nbsp;__aeabi_memset
</UL>

<P><STRONG><a name="[27b]"></a>strstr</STRONG> (Thumb, 36 bytes, Stack size 12 bytes, strstr.o(.text))
<BR><BR>[Stack]<UL><LI>Max Depth = 12<LI>Call Chain = strstr
</UL>
<BR>[Called By]<UL><LI><a href="#[c6]">&gt;&gt;</a>&nbsp;&nbsp;&nbsp;Recv_ReadData_Ack
<LI><a href="#[c2]">&gt;&gt;</a>&nbsp;&nbsp;&nbsp;Recv_HttpStart_Ack
<LI><a href="#[c3]">&gt;&gt;</a>&nbsp;&nbsp;&nbsp;Recv_HttpConect_Ack
<LI><a href="#[bc]">&gt;&gt;</a>&nbsp;&nbsp;&nbsp;Recv_AT_SendAck1Cmd_Ack
<LI><a href="#[bb]">&gt;&gt;</a>&nbsp;&nbsp;&nbsp;Recv_AT_SendAck0Cmd_Ack
<LI><a href="#[be]">&gt;&gt;</a>&nbsp;&nbsp;&nbsp;Recv_AT_ReRecv1Cmd_Ack
<LI><a href="#[bd]">&gt;&gt;</a>&nbsp;&nbsp;&nbsp;Recv_AT_ReRecv0Cmd_Ack
<LI><a href="#[b9]">&gt;&gt;</a>&nbsp;&nbsp;&nbsp;Recv_AT_ConnectServer1_Ack
<LI><a href="#[b7]">&gt;&gt;</a>&nbsp;&nbsp;&nbsp;Recv_AT_ConnectServer1Cmd_Ack
<LI><a href="#[b8]">&gt;&gt;</a>&nbsp;&nbsp;&nbsp;Recv_AT_ConnectServer0_Ack
<LI><a href="#[b6]">&gt;&gt;</a>&nbsp;&nbsp;&nbsp;Recv_AT_ConnectServer0Cmd_Ack
<LI><a href="#[b1]">&gt;&gt;</a>&nbsp;&nbsp;&nbsp;Recv_AT_CSQ_Ack
<LI><a href="#[b2]">&gt;&gt;</a>&nbsp;&nbsp;&nbsp;Recv_AT_CIMI_Ack
</UL>

<P><STRONG><a name="[1f8]"></a>strlen</STRONG> (Thumb, 14 bytes, Stack size 0 bytes, strlen.o(.text))
<BR><BR>[Called By]<UL><LI><a href="#[201]">&gt;&gt;</a>&nbsp;&nbsp;&nbsp;Send_AT_READ
<LI><a href="#[1ff]">&gt;&gt;</a>&nbsp;&nbsp;&nbsp;Send_AT_HTTPPAR
<LI><a href="#[27d]">&gt;&gt;</a>&nbsp;&nbsp;&nbsp;Send_AT_CIPCLOSE
<LI><a href="#[c6]">&gt;&gt;</a>&nbsp;&nbsp;&nbsp;Recv_ReadData_Ack
<LI><a href="#[1f5]">&gt;&gt;</a>&nbsp;&nbsp;&nbsp;Module_ConnectServer
<LI><a href="#[1d1]">&gt;&gt;</a>&nbsp;&nbsp;&nbsp;ModuleSIM7600_SendData
<LI><a href="#[13b]">&gt;&gt;</a>&nbsp;&nbsp;&nbsp;Send_AT_CIPRXGET
<LI><a href="#[123]">&gt;&gt;</a>&nbsp;&nbsp;&nbsp;SIM7600_RecvDesposeCmd
<LI><a href="#[163]">&gt;&gt;</a>&nbsp;&nbsp;&nbsp;dwin_show_state
</UL>

<P><STRONG><a name="[146]"></a>strncmp</STRONG> (Thumb, 30 bytes, Stack size 12 bytes, strncmp.o(.text))
<BR><BR>[Stack]<UL><LI>Max Depth = 12<LI>Call Chain = strncmp
</UL>
<BR>[Called By]<UL><LI><a href="#[94]">&gt;&gt;</a>&nbsp;&nbsp;&nbsp;AppTaskCard
<LI><a href="#[123]">&gt;&gt;</a>&nbsp;&nbsp;&nbsp;SIM7600_RecvDesposeCmd
<LI><a href="#[149]">&gt;&gt;</a>&nbsp;&nbsp;&nbsp;stop_change_card
<LI><a href="#[2f2]">&gt;&gt;</a>&nbsp;&nbsp;&nbsp;startchargUnlock
<LI><a href="#[145]">&gt;&gt;</a>&nbsp;&nbsp;&nbsp;start_change_card
<LI><a href="#[2a3]">&gt;&gt;</a>&nbsp;&nbsp;&nbsp;Unlock_settlement
<LI><a href="#[163]">&gt;&gt;</a>&nbsp;&nbsp;&nbsp;dwin_show_state
</UL>

<P><STRONG><a name="[27c]"></a>strtok</STRONG> (Thumb, 62 bytes, Stack size 16 bytes, strtok.o(.text))
<BR><BR>[Stack]<UL><LI>Max Depth = 16<LI>Call Chain = strtok
</UL>
<BR>[Called By]<UL><LI><a href="#[c4]">&gt;&gt;</a>&nbsp;&nbsp;&nbsp;Recv_HttpGet_Ack
<LI><a href="#[be]">&gt;&gt;</a>&nbsp;&nbsp;&nbsp;Recv_AT_ReRecv1Cmd_Ack
<LI><a href="#[bd]">&gt;&gt;</a>&nbsp;&nbsp;&nbsp;Recv_AT_ReRecv0Cmd_Ack
<LI><a href="#[b9]">&gt;&gt;</a>&nbsp;&nbsp;&nbsp;Recv_AT_ConnectServer1_Ack
<LI><a href="#[b7]">&gt;&gt;</a>&nbsp;&nbsp;&nbsp;Recv_AT_ConnectServer1Cmd_Ack
<LI><a href="#[b8]">&gt;&gt;</a>&nbsp;&nbsp;&nbsp;Recv_AT_ConnectServer0_Ack
<LI><a href="#[b6]">&gt;&gt;</a>&nbsp;&nbsp;&nbsp;Recv_AT_ConnectServer0Cmd_Ack
</UL>

<P><STRONG><a name="[dd]"></a>atoi</STRONG> (Thumb, 26 bytes, Stack size 16 bytes, atoi.o(.text))
<BR><BR>[Stack]<UL><LI>Max Depth = 88<LI>Call Chain = atoi &rArr; strtol &rArr; _strtoul
</UL>
<BR>[Calls]<UL><LI><a href="#[df]">&gt;&gt;</a>&nbsp;&nbsp;&nbsp;strtol
<LI><a href="#[de]">&gt;&gt;</a>&nbsp;&nbsp;&nbsp;__aeabi_errno_addr
</UL>
<BR>[Called By]<UL><LI><a href="#[c6]">&gt;&gt;</a>&nbsp;&nbsp;&nbsp;Recv_ReadData_Ack
<LI><a href="#[c4]">&gt;&gt;</a>&nbsp;&nbsp;&nbsp;Recv_HttpGet_Ack
<LI><a href="#[be]">&gt;&gt;</a>&nbsp;&nbsp;&nbsp;Recv_AT_ReRecv1Cmd_Ack
<LI><a href="#[bd]">&gt;&gt;</a>&nbsp;&nbsp;&nbsp;Recv_AT_ReRecv0Cmd_Ack
<LI><a href="#[b9]">&gt;&gt;</a>&nbsp;&nbsp;&nbsp;Recv_AT_ConnectServer1_Ack
<LI><a href="#[b7]">&gt;&gt;</a>&nbsp;&nbsp;&nbsp;Recv_AT_ConnectServer1Cmd_Ack
<LI><a href="#[b8]">&gt;&gt;</a>&nbsp;&nbsp;&nbsp;Recv_AT_ConnectServer0_Ack
<LI><a href="#[b6]">&gt;&gt;</a>&nbsp;&nbsp;&nbsp;Recv_AT_ConnectServer0Cmd_Ack
<LI><a href="#[b1]">&gt;&gt;</a>&nbsp;&nbsp;&nbsp;Recv_AT_CSQ_Ack
</UL>

<P><STRONG><a name="[e0]"></a>__aeabi_fadd</STRONG> (Thumb, 164 bytes, Stack size 16 bytes, fadd.o(.text))
<BR><BR>[Stack]<UL><LI>Max Depth = 20<LI>Call Chain = __aeabi_fadd &rArr; _float_epilogue
</UL>
<BR>[Calls]<UL><LI><a href="#[e2]">&gt;&gt;</a>&nbsp;&nbsp;&nbsp;_float_round
<LI><a href="#[e1]">&gt;&gt;</a>&nbsp;&nbsp;&nbsp;_float_epilogue
</UL>
<BR>[Called By]<UL><LI><a href="#[e3]">&gt;&gt;</a>&nbsp;&nbsp;&nbsp;__aeabi_fsub
<LI><a href="#[1c7]">&gt;&gt;</a>&nbsp;&nbsp;&nbsp;Read_HLW8112_EA
<LI><a href="#[e4]">&gt;&gt;</a>&nbsp;&nbsp;&nbsp;__aeabi_frsub
</UL>

<P><STRONG><a name="[e3]"></a>__aeabi_fsub</STRONG> (Thumb, 6 bytes, Stack size 0 bytes, fadd.o(.text), UNUSED)
<BR><BR>[Calls]<UL><LI><a href="#[e0]">&gt;&gt;</a>&nbsp;&nbsp;&nbsp;__aeabi_fadd
</UL>

<P><STRONG><a name="[e4]"></a>__aeabi_frsub</STRONG> (Thumb, 6 bytes, Stack size 0 bytes, fadd.o(.text), UNUSED)
<BR><BR>[Calls]<UL><LI><a href="#[e0]">&gt;&gt;</a>&nbsp;&nbsp;&nbsp;__aeabi_fadd
</UL>

<P><STRONG><a name="[1be]"></a>__aeabi_fmul</STRONG> (Thumb, 100 bytes, Stack size 8 bytes, fmul.o(.text))
<BR><BR>[Stack]<UL><LI>Max Depth = 8<LI>Call Chain = __aeabi_fmul
</UL>
<BR>[Called By]<UL><LI><a href="#[1c6]">&gt;&gt;</a>&nbsp;&nbsp;&nbsp;Read_HLW8112_U
<LI><a href="#[1c5]">&gt;&gt;</a>&nbsp;&nbsp;&nbsp;Read_HLW8112_PA_I
<LI><a href="#[1c7]">&gt;&gt;</a>&nbsp;&nbsp;&nbsp;Read_HLW8112_EA
<LI><a href="#[1bd]">&gt;&gt;</a>&nbsp;&nbsp;&nbsp;HLW8112DataDispose
<LI><a href="#[2d5]">&gt;&gt;</a>&nbsp;&nbsp;&nbsp;ch_start_func
<LI><a href="#[2be]">&gt;&gt;</a>&nbsp;&nbsp;&nbsp;ch_info_update
<LI><a href="#[2]">&gt;&gt;</a>&nbsp;&nbsp;&nbsp;HY_SendDevStateA
<LI><a href="#[1dc]">&gt;&gt;</a>&nbsp;&nbsp;&nbsp;HY_SendBill
<LI><a href="#[162]">&gt;&gt;</a>&nbsp;&nbsp;&nbsp;dwin_show
</UL>

<P><STRONG><a name="[e5]"></a>__aeabi_fdiv</STRONG> (Thumb, 124 bytes, Stack size 8 bytes, fdiv.o(.text))
<BR><BR>[Stack]<UL><LI>Max Depth = 8<LI>Call Chain = __aeabi_fdiv
</UL>
<BR>[Calls]<UL><LI><a href="#[e2]">&gt;&gt;</a>&nbsp;&nbsp;&nbsp;_float_round
</UL>
<BR>[Called By]<UL><LI><a href="#[9a]">&gt;&gt;</a>&nbsp;&nbsp;&nbsp;AppTaskdlt645
<LI><a href="#[1c6]">&gt;&gt;</a>&nbsp;&nbsp;&nbsp;Read_HLW8112_U
<LI><a href="#[1c5]">&gt;&gt;</a>&nbsp;&nbsp;&nbsp;Read_HLW8112_PA_I
<LI><a href="#[1c7]">&gt;&gt;</a>&nbsp;&nbsp;&nbsp;Read_HLW8112_EA
<LI><a href="#[5]">&gt;&gt;</a>&nbsp;&nbsp;&nbsp;ZF_SendDevState
</UL>

<P><STRONG><a name="[e6]"></a>__aeabi_dadd</STRONG> (Thumb, 322 bytes, Stack size 48 bytes, dadd.o(.text))
<BR><BR>[Stack]<UL><LI>Max Depth = 88<LI>Call Chain = __aeabi_dadd &rArr; _double_epilogue &rArr; _double_round
</UL>
<BR>[Calls]<UL><LI><a href="#[e9]">&gt;&gt;</a>&nbsp;&nbsp;&nbsp;_double_round
<LI><a href="#[e8]">&gt;&gt;</a>&nbsp;&nbsp;&nbsp;_double_epilogue
<LI><a href="#[e7]">&gt;&gt;</a>&nbsp;&nbsp;&nbsp;__aeabi_lasr
<LI><a href="#[d9]">&gt;&gt;</a>&nbsp;&nbsp;&nbsp;__aeabi_llsl
</UL>
<BR>[Called By]<UL><LI><a href="#[2d0]">&gt;&gt;</a>&nbsp;&nbsp;&nbsp;ch_get_cp_volt
<LI><a href="#[eb]">&gt;&gt;</a>&nbsp;&nbsp;&nbsp;__aeabi_drsub
<LI><a href="#[ea]">&gt;&gt;</a>&nbsp;&nbsp;&nbsp;__aeabi_dsub
</UL>

<P><STRONG><a name="[ea]"></a>__aeabi_dsub</STRONG> (Thumb, 6 bytes, Stack size 0 bytes, dadd.o(.text), UNUSED)
<BR><BR>[Calls]<UL><LI><a href="#[e6]">&gt;&gt;</a>&nbsp;&nbsp;&nbsp;__aeabi_dadd
</UL>

<P><STRONG><a name="[eb]"></a>__aeabi_drsub</STRONG> (Thumb, 6 bytes, Stack size 0 bytes, dadd.o(.text), UNUSED)
<BR><BR>[Calls]<UL><LI><a href="#[e6]">&gt;&gt;</a>&nbsp;&nbsp;&nbsp;__aeabi_dadd
</UL>

<P><STRONG><a name="[ec]"></a>__aeabi_dmul</STRONG> (Thumb, 228 bytes, Stack size 48 bytes, dmul.o(.text))
<BR><BR>[Stack]<UL><LI>Max Depth = 88<LI>Call Chain = __aeabi_dmul &rArr; _double_epilogue &rArr; _double_round
</UL>
<BR>[Calls]<UL><LI><a href="#[e8]">&gt;&gt;</a>&nbsp;&nbsp;&nbsp;_double_epilogue
</UL>
<BR>[Called By]<UL><LI><a href="#[2d0]">&gt;&gt;</a>&nbsp;&nbsp;&nbsp;ch_get_cp_volt
</UL>

<P><STRONG><a name="[ed]"></a>__aeabi_ui2f</STRONG> (Thumb, 10 bytes, Stack size 0 bytes, ffltui.o(.text))
<BR><BR>[Stack]<UL><LI>Max Depth = 4<LI>Call Chain = __aeabi_ui2f &rArr; _float_epilogue
</UL>
<BR>[Calls]<UL><LI><a href="#[e1]">&gt;&gt;</a>&nbsp;&nbsp;&nbsp;_float_epilogue
</UL>
<BR>[Called By]<UL><LI><a href="#[1c6]">&gt;&gt;</a>&nbsp;&nbsp;&nbsp;Read_HLW8112_U
<LI><a href="#[1c5]">&gt;&gt;</a>&nbsp;&nbsp;&nbsp;Read_HLW8112_PA_I
<LI><a href="#[1c7]">&gt;&gt;</a>&nbsp;&nbsp;&nbsp;Read_HLW8112_EA
</UL>

<P><STRONG><a name="[ee]"></a>__aeabi_ul2f</STRONG> (Thumb, 28 bytes, Stack size 8 bytes, ffltul.o(.text))
<BR><BR>[Stack]<UL><LI>Max Depth = 12<LI>Call Chain = __aeabi_ul2f &rArr; _float_epilogue
</UL>
<BR>[Calls]<UL><LI><a href="#[e1]">&gt;&gt;</a>&nbsp;&nbsp;&nbsp;_float_epilogue
</UL>
<BR>[Called By]<UL><LI><a href="#[9a]">&gt;&gt;</a>&nbsp;&nbsp;&nbsp;AppTaskdlt645
</UL>

<P><STRONG><a name="[ef]"></a>__aeabi_ui2d</STRONG> (Thumb, 26 bytes, Stack size 16 bytes, dfltui.o(.text))
<BR><BR>[Stack]<UL><LI>Max Depth = 56<LI>Call Chain = __aeabi_ui2d &rArr; _double_epilogue &rArr; _double_round
</UL>
<BR>[Calls]<UL><LI><a href="#[e8]">&gt;&gt;</a>&nbsp;&nbsp;&nbsp;_double_epilogue
</UL>
<BR>[Called By]<UL><LI><a href="#[2d0]">&gt;&gt;</a>&nbsp;&nbsp;&nbsp;ch_get_cp_volt
</UL>

<P><STRONG><a name="[1bf]"></a>__aeabi_f2uiz</STRONG> (Thumb, 40 bytes, Stack size 0 bytes, ffixui.o(.text))
<BR><BR>[Called By]<UL><LI><a href="#[1bd]">&gt;&gt;</a>&nbsp;&nbsp;&nbsp;HLW8112DataDispose
<LI><a href="#[2d5]">&gt;&gt;</a>&nbsp;&nbsp;&nbsp;ch_start_func
<LI><a href="#[2be]">&gt;&gt;</a>&nbsp;&nbsp;&nbsp;ch_info_update
<LI><a href="#[2]">&gt;&gt;</a>&nbsp;&nbsp;&nbsp;HY_SendDevStateA
<LI><a href="#[1dc]">&gt;&gt;</a>&nbsp;&nbsp;&nbsp;HY_SendBill
<LI><a href="#[5]">&gt;&gt;</a>&nbsp;&nbsp;&nbsp;ZF_SendDevState
<LI><a href="#[162]">&gt;&gt;</a>&nbsp;&nbsp;&nbsp;dwin_show
</UL>

<P><STRONG><a name="[f0]"></a>__aeabi_d2uiz</STRONG> (Thumb, 50 bytes, Stack size 8 bytes, dfixui.o(.text))
<BR><BR>[Stack]<UL><LI>Max Depth = 8<LI>Call Chain = __aeabi_d2uiz
</UL>
<BR>[Calls]<UL><LI><a href="#[d8]">&gt;&gt;</a>&nbsp;&nbsp;&nbsp;__aeabi_llsr
</UL>
<BR>[Called By]<UL><LI><a href="#[2d0]">&gt;&gt;</a>&nbsp;&nbsp;&nbsp;ch_get_cp_volt
</UL>

<P><STRONG><a name="[1c0]"></a>__aeabi_f2d</STRONG> (Thumb, 38 bytes, Stack size 0 bytes, f2d.o(.text))
<BR><BR>[Called By]<UL><LI><a href="#[2cc]">&gt;&gt;</a>&nbsp;&nbsp;&nbsp;ch_cycle_get_8112
<LI><a href="#[150]">&gt;&gt;</a>&nbsp;&nbsp;&nbsp;HLW8112_Dispose
<LI><a href="#[2c7]">&gt;&gt;</a>&nbsp;&nbsp;&nbsp;electricity_err
<LI><a href="#[2c6]">&gt;&gt;</a>&nbsp;&nbsp;&nbsp;ch_is_under_volt
<LI><a href="#[2c5]">&gt;&gt;</a>&nbsp;&nbsp;&nbsp;ch_is_over_volt
<LI><a href="#[2c4]">&gt;&gt;</a>&nbsp;&nbsp;&nbsp;ch_is_over_current
<LI><a href="#[2d7]">&gt;&gt;</a>&nbsp;&nbsp;&nbsp;ch_is_low_current_9V
</UL>

<P><STRONG><a name="[305]"></a>__aeabi_cdcmpeq</STRONG> (Thumb, 0 bytes, Stack size 0 bytes, cdcmple.o(.text), UNUSED)

<P><STRONG><a name="[2cd]"></a>__aeabi_cdcmple</STRONG> (Thumb, 48 bytes, Stack size 0 bytes, cdcmple.o(.text))
<BR><BR>[Called By]<UL><LI><a href="#[2cc]">&gt;&gt;</a>&nbsp;&nbsp;&nbsp;ch_cycle_get_8112
<LI><a href="#[2c5]">&gt;&gt;</a>&nbsp;&nbsp;&nbsp;ch_is_over_volt
<LI><a href="#[2c4]">&gt;&gt;</a>&nbsp;&nbsp;&nbsp;ch_is_over_current
</UL>

<P><STRONG><a name="[1c1]"></a>__aeabi_cdrcmple</STRONG> (Thumb, 48 bytes, Stack size 0 bytes, cdrcmple.o(.text))
<BR><BR>[Called By]<UL><LI><a href="#[2cc]">&gt;&gt;</a>&nbsp;&nbsp;&nbsp;ch_cycle_get_8112
<LI><a href="#[150]">&gt;&gt;</a>&nbsp;&nbsp;&nbsp;HLW8112_Dispose
<LI><a href="#[2c7]">&gt;&gt;</a>&nbsp;&nbsp;&nbsp;electricity_err
<LI><a href="#[2c6]">&gt;&gt;</a>&nbsp;&nbsp;&nbsp;ch_is_under_volt
<LI><a href="#[2d7]">&gt;&gt;</a>&nbsp;&nbsp;&nbsp;ch_is_low_current_9V
</UL>

<P><STRONG><a name="[1c2]"></a>__aeabi_cfcmpeq</STRONG> (Thumb, 0 bytes, Stack size 0 bytes, cfcmple.o(.text))
<BR><BR>[Called By]<UL><LI><a href="#[150]">&gt;&gt;</a>&nbsp;&nbsp;&nbsp;HLW8112_Dispose
</UL>

<P><STRONG><a name="[306]"></a>__aeabi_cfcmple</STRONG> (Thumb, 20 bytes, Stack size 0 bytes, cfcmple.o(.text), UNUSED)

<P><STRONG><a name="[27a]"></a>__aeabi_cfrcmple</STRONG> (Thumb, 20 bytes, Stack size 0 bytes, cfrcmple.o(.text))
<BR><BR>[Called By]<UL><LI><a href="#[1c7]">&gt;&gt;</a>&nbsp;&nbsp;&nbsp;Read_HLW8112_EA
</UL>

<P><STRONG><a name="[d9]"></a>__aeabi_llsl</STRONG> (Thumb, 30 bytes, Stack size 0 bytes, llshl.o(.text))
<BR><BR>[Called By]<UL><LI><a href="#[e6]">&gt;&gt;</a>&nbsp;&nbsp;&nbsp;__aeabi_dadd
<LI><a href="#[e8]">&gt;&gt;</a>&nbsp;&nbsp;&nbsp;_double_epilogue
<LI><a href="#[d7]">&gt;&gt;</a>&nbsp;&nbsp;&nbsp;__aeabi_uldivmod
</UL>

<P><STRONG><a name="[307]"></a>_ll_shift_l</STRONG> (Thumb, 0 bytes, Stack size 0 bytes, llshl.o(.text), UNUSED)

<P><STRONG><a name="[d8]"></a>__aeabi_llsr</STRONG> (Thumb, 32 bytes, Stack size 0 bytes, llushr.o(.text))
<BR><BR>[Called By]<UL><LI><a href="#[f0]">&gt;&gt;</a>&nbsp;&nbsp;&nbsp;__aeabi_d2uiz
<LI><a href="#[e8]">&gt;&gt;</a>&nbsp;&nbsp;&nbsp;_double_epilogue
<LI><a href="#[d7]">&gt;&gt;</a>&nbsp;&nbsp;&nbsp;__aeabi_uldivmod
</UL>

<P><STRONG><a name="[308]"></a>_ll_ushift_r</STRONG> (Thumb, 0 bytes, Stack size 0 bytes, llushr.o(.text), UNUSED)

<P><STRONG><a name="[e7]"></a>__aeabi_lasr</STRONG> (Thumb, 36 bytes, Stack size 0 bytes, llsshr.o(.text))
<BR><BR>[Called By]<UL><LI><a href="#[e6]">&gt;&gt;</a>&nbsp;&nbsp;&nbsp;__aeabi_dadd
</UL>

<P><STRONG><a name="[309]"></a>_ll_sshift_r</STRONG> (Thumb, 0 bytes, Stack size 0 bytes, llsshr.o(.text), UNUSED)

<P><STRONG><a name="[df]"></a>strtol</STRONG> (Thumb, 112 bytes, Stack size 32 bytes, strtol.o(.text))
<BR><BR>[Stack]<UL><LI>Max Depth = 72<LI>Call Chain = strtol &rArr; _strtoul
</UL>
<BR>[Calls]<UL><LI><a href="#[f2]">&gt;&gt;</a>&nbsp;&nbsp;&nbsp;_strtoul
<LI><a href="#[f1]">&gt;&gt;</a>&nbsp;&nbsp;&nbsp;__rt_ctype_table
<LI><a href="#[de]">&gt;&gt;</a>&nbsp;&nbsp;&nbsp;__aeabi_errno_addr
</UL>
<BR>[Called By]<UL><LI><a href="#[dd]">&gt;&gt;</a>&nbsp;&nbsp;&nbsp;atoi
</UL>

<P><STRONG><a name="[30a]"></a>__I$use$fp</STRONG> (Thumb, 0 bytes, Stack size 0 bytes, iusefp.o(.text), UNUSED)

<P><STRONG><a name="[e2]"></a>_float_round</STRONG> (Thumb, 18 bytes, Stack size 0 bytes, fepilogue.o(.text))
<BR><BR>[Called By]<UL><LI><a href="#[e5]">&gt;&gt;</a>&nbsp;&nbsp;&nbsp;__aeabi_fdiv
<LI><a href="#[e0]">&gt;&gt;</a>&nbsp;&nbsp;&nbsp;__aeabi_fadd
</UL>

<P><STRONG><a name="[e1]"></a>_float_epilogue</STRONG> (Thumb, 92 bytes, Stack size 4 bytes, fepilogue.o(.text))
<BR><BR>[Stack]<UL><LI>Max Depth = 4<LI>Call Chain = _float_epilogue
</UL>
<BR>[Called By]<UL><LI><a href="#[ed]">&gt;&gt;</a>&nbsp;&nbsp;&nbsp;__aeabi_ui2f
<LI><a href="#[e0]">&gt;&gt;</a>&nbsp;&nbsp;&nbsp;__aeabi_fadd
<LI><a href="#[ee]">&gt;&gt;</a>&nbsp;&nbsp;&nbsp;__aeabi_ul2f
</UL>

<P><STRONG><a name="[e9]"></a>_double_round</STRONG> (Thumb, 30 bytes, Stack size 8 bytes, depilogue.o(.text))
<BR><BR>[Stack]<UL><LI>Max Depth = 8<LI>Call Chain = _double_round
</UL>
<BR>[Called By]<UL><LI><a href="#[e6]">&gt;&gt;</a>&nbsp;&nbsp;&nbsp;__aeabi_dadd
<LI><a href="#[e8]">&gt;&gt;</a>&nbsp;&nbsp;&nbsp;_double_epilogue
</UL>

<P><STRONG><a name="[e8]"></a>_double_epilogue</STRONG> (Thumb, 156 bytes, Stack size 32 bytes, depilogue.o(.text))
<BR><BR>[Stack]<UL><LI>Max Depth = 40<LI>Call Chain = _double_epilogue &rArr; _double_round
</UL>
<BR>[Calls]<UL><LI><a href="#[e9]">&gt;&gt;</a>&nbsp;&nbsp;&nbsp;_double_round
<LI><a href="#[d8]">&gt;&gt;</a>&nbsp;&nbsp;&nbsp;__aeabi_llsr
<LI><a href="#[d9]">&gt;&gt;</a>&nbsp;&nbsp;&nbsp;__aeabi_llsl
</UL>
<BR>[Called By]<UL><LI><a href="#[ec]">&gt;&gt;</a>&nbsp;&nbsp;&nbsp;__aeabi_dmul
<LI><a href="#[ef]">&gt;&gt;</a>&nbsp;&nbsp;&nbsp;__aeabi_ui2d
<LI><a href="#[e6]">&gt;&gt;</a>&nbsp;&nbsp;&nbsp;__aeabi_dadd
</UL>

<P><STRONG><a name="[d6]"></a>__scatterload</STRONG> (Thumb, 28 bytes, Stack size 0 bytes, init.o(.text))
<BR><BR>[Calls]<UL><LI><a href="#[f3]">&gt;&gt;</a>&nbsp;&nbsp;&nbsp;__main_after_scatterload
</UL>
<BR>[Called By]<UL><LI><a href="#[d5]">&gt;&gt;</a>&nbsp;&nbsp;&nbsp;_main_scatterload
</UL>

<P><STRONG><a name="[30b]"></a>__scatterload_rt2</STRONG> (Thumb, 0 bytes, Stack size 0 bytes, init.o(.text), UNUSED)

<P><STRONG><a name="[f1]"></a>__rt_ctype_table</STRONG> (Thumb, 4 bytes, Stack size 0 bytes, ctype_o.o(.text))
<BR><BR>[Called By]<UL><LI><a href="#[df]">&gt;&gt;</a>&nbsp;&nbsp;&nbsp;strtol
</UL>

<P><STRONG><a name="[f2]"></a>_strtoul</STRONG> (Thumb, 158 bytes, Stack size 40 bytes, _strtoul.o(.text))
<BR><BR>[Stack]<UL><LI>Max Depth = 40<LI>Call Chain = _strtoul
</UL>
<BR>[Calls]<UL><LI><a href="#[f4]">&gt;&gt;</a>&nbsp;&nbsp;&nbsp;_chval
<LI><a href="#[de]">&gt;&gt;</a>&nbsp;&nbsp;&nbsp;__aeabi_errno_addr
</UL>
<BR>[Called By]<UL><LI><a href="#[df]">&gt;&gt;</a>&nbsp;&nbsp;&nbsp;strtol
</UL>

<P><STRONG><a name="[f4]"></a>_chval</STRONG> (Thumb, 28 bytes, Stack size 0 bytes, _chval.o(.text))
<BR><BR>[Called By]<UL><LI><a href="#[f2]">&gt;&gt;</a>&nbsp;&nbsp;&nbsp;_strtoul
</UL>

<P><STRONG><a name="[30c]"></a>__decompress</STRONG> (Thumb, 0 bytes, Stack size unknown bytes, __dczerorl2.o(.text), UNUSED)

<P><STRONG><a name="[30d]"></a>__decompress1</STRONG> (Thumb, 86 bytes, Stack size unknown bytes, __dczerorl2.o(.text), UNUSED)

<P><STRONG><a name="[22f]"></a>OSStartHighRdy</STRONG> (Thumb, 0 bytes, Stack size unknown bytes, os_cpu_a.o(CODE))
<BR><BR>[Called By]<UL><LI><a href="#[22e]">&gt;&gt;</a>&nbsp;&nbsp;&nbsp;OSStart
</UL>

<P><STRONG><a name="[22b]"></a>OSCtxSw</STRONG> (Thumb, 0 bytes, Stack size unknown bytes, os_cpu_a.o(CODE))
<BR><BR>[Called By]<UL><LI><a href="#[221]">&gt;&gt;</a>&nbsp;&nbsp;&nbsp;OSSched
</UL>

<P><STRONG><a name="[219]"></a>OSIntCtxSw</STRONG> (Thumb, 0 bytes, Stack size unknown bytes, os_cpu_a.o(CODE))
<BR><BR>[Called By]<UL><LI><a href="#[217]">&gt;&gt;</a>&nbsp;&nbsp;&nbsp;OSIntExit
</UL>

<P><STRONG><a name="[58]"></a>PendSV_Handler</STRONG> (Thumb, 0 bytes, Stack size unknown bytes, os_cpu_a.o(CODE))
<BR>[Address Reference Count : 1]<UL><LI> startup_at32f415cbt7.o(RESET)
</UL>
<P><STRONG><a name="[2b7]"></a>ADC_Ctrl</STRONG> (Thumb, 22 bytes, Stack size 0 bytes, at32f4xx_adc.o(i.ADC_Ctrl))
<BR><BR>[Called By]<UL><LI><a href="#[14c]">&gt;&gt;</a>&nbsp;&nbsp;&nbsp;adc_init
</UL>

<P><STRONG><a name="[2b6]"></a>ADC_DMACtrl</STRONG> (Thumb, 22 bytes, Stack size 0 bytes, at32f4xx_adc.o(i.ADC_DMACtrl))
<BR><BR>[Called By]<UL><LI><a href="#[14c]">&gt;&gt;</a>&nbsp;&nbsp;&nbsp;adc_init
</UL>

<P><STRONG><a name="[2bb]"></a>ADC_GetCalibrationStatus</STRONG> (Thumb, 20 bytes, Stack size 0 bytes, at32f4xx_adc.o(i.ADC_GetCalibrationStatus))
<BR><BR>[Called By]<UL><LI><a href="#[14c]">&gt;&gt;</a>&nbsp;&nbsp;&nbsp;adc_init
</UL>

<P><STRONG><a name="[2b9]"></a>ADC_GetResetCalibrationStatus</STRONG> (Thumb, 20 bytes, Stack size 0 bytes, at32f4xx_adc.o(i.ADC_GetResetCalibrationStatus))
<BR><BR>[Called By]<UL><LI><a href="#[14c]">&gt;&gt;</a>&nbsp;&nbsp;&nbsp;adc_init
</UL>

<P><STRONG><a name="[2b4]"></a>ADC_Init</STRONG> (Thumb, 70 bytes, Stack size 12 bytes, at32f4xx_adc.o(i.ADC_Init))
<BR><BR>[Stack]<UL><LI>Max Depth = 12<LI>Call Chain = ADC_Init
</UL>
<BR>[Called By]<UL><LI><a href="#[14c]">&gt;&gt;</a>&nbsp;&nbsp;&nbsp;adc_init
</UL>

<P><STRONG><a name="[2b5]"></a>ADC_RegularChannelConfig</STRONG> (Thumb, 184 bytes, Stack size 20 bytes, at32f4xx_adc.o(i.ADC_RegularChannelConfig))
<BR><BR>[Stack]<UL><LI>Max Depth = 20<LI>Call Chain = ADC_RegularChannelConfig
</UL>
<BR>[Called By]<UL><LI><a href="#[14c]">&gt;&gt;</a>&nbsp;&nbsp;&nbsp;adc_init
</UL>

<P><STRONG><a name="[2b8]"></a>ADC_RstCalibration</STRONG> (Thumb, 10 bytes, Stack size 0 bytes, at32f4xx_adc.o(i.ADC_RstCalibration))
<BR><BR>[Called By]<UL><LI><a href="#[14c]">&gt;&gt;</a>&nbsp;&nbsp;&nbsp;adc_init
</UL>

<P><STRONG><a name="[2bc]"></a>ADC_SoftwareStartConvCtrl</STRONG> (Thumb, 22 bytes, Stack size 0 bytes, at32f4xx_adc.o(i.ADC_SoftwareStartConvCtrl))
<BR><BR>[Called By]<UL><LI><a href="#[14c]">&gt;&gt;</a>&nbsp;&nbsp;&nbsp;adc_init
</UL>

<P><STRONG><a name="[2ba]"></a>ADC_StartCalibration</STRONG> (Thumb, 10 bytes, Stack size 0 bytes, at32f4xx_adc.o(i.ADC_StartCalibration))
<BR><BR>[Called By]<UL><LI><a href="#[14c]">&gt;&gt;</a>&nbsp;&nbsp;&nbsp;adc_init
</UL>

<P><STRONG><a name="[2b3]"></a>ADC_StructInit</STRONG> (Thumb, 18 bytes, Stack size 0 bytes, at32f4xx_adc.o(i.ADC_StructInit))
<BR><BR>[Called By]<UL><LI><a href="#[14c]">&gt;&gt;</a>&nbsp;&nbsp;&nbsp;adc_init
</UL>

<P><STRONG><a name="[f5]"></a>APPTransactionrecord</STRONG> (Thumb, 562 bytes, Stack size 96 bytes, dwin_com_pro.o(i.APPTransactionrecord))
<BR><BR>[Stack]<UL><LI>Max Depth = 224<LI>Call Chain = APPTransactionrecord &rArr; Recordqueryinfo_WR &rArr; fal_partition_write &rArr; SPI_FLASH_BufferWrite &rArr; SPI_FLASH_PageWrite &rArr; SPI_FLASH_WaitForWriteEnd &rArr; SPI_FLASH_SendByte
</UL>
<BR>[Calls]<UL><LI><a href="#[fb]">&gt;&gt;</a>&nbsp;&nbsp;&nbsp;_4G_GetStartType
<LI><a href="#[f8]">&gt;&gt;</a>&nbsp;&nbsp;&nbsp;APP_GetBatchNum
<LI><a href="#[ff]">&gt;&gt;</a>&nbsp;&nbsp;&nbsp;Recordqueryinfo_WR
<LI><a href="#[f7]">&gt;&gt;</a>&nbsp;&nbsp;&nbsp;Dis_ShowCopy
<LI><a href="#[f9]">&gt;&gt;</a>&nbsp;&nbsp;&nbsp;StrToHex
<LI><a href="#[fa]">&gt;&gt;</a>&nbsp;&nbsp;&nbsp;Dis_Showstop_reason
<LI><a href="#[fc]">&gt;&gt;</a>&nbsp;&nbsp;&nbsp;__2snprintf
<LI><a href="#[fd]">&gt;&gt;</a>&nbsp;&nbsp;&nbsp;__2printf
<LI><a href="#[f6]">&gt;&gt;</a>&nbsp;&nbsp;&nbsp;__aeabi_memclr4
<LI><a href="#[fe]">&gt;&gt;</a>&nbsp;&nbsp;&nbsp;__aeabi_memcpy
</UL>
<BR>[Called By]<UL><LI><a href="#[96]">&gt;&gt;</a>&nbsp;&nbsp;&nbsp;AppTaskDwin
<LI><a href="#[2d3]">&gt;&gt;</a>&nbsp;&nbsp;&nbsp;mode5
<LI><a href="#[145]">&gt;&gt;</a>&nbsp;&nbsp;&nbsp;start_change_card
<LI><a href="#[25c]">&gt;&gt;</a>&nbsp;&nbsp;&nbsp;Period_WriterFmBill
</UL>

<P><STRONG><a name="[100]"></a>APP_ClearRecodeInfo</STRONG> (Thumb, 46 bytes, Stack size 8 bytes, dwin_com_pro.o(i.APP_ClearRecodeInfo))
<BR><BR>[Stack]<UL><LI>Max Depth = 8<LI>Call Chain = APP_ClearRecodeInfo
</UL>
<BR>[Calls]<UL><LI><a href="#[f6]">&gt;&gt;</a>&nbsp;&nbsp;&nbsp;__aeabi_memclr4
</UL>
<BR>[Called By]<UL><LI><a href="#[8]">&gt;&gt;</a>&nbsp;&nbsp;&nbsp;HYKeyEvent1
</UL>

<P><STRONG><a name="[101]"></a>APP_DisplayRecvDataAnalyze</STRONG> (Thumb, 166 bytes, Stack size 48 bytes, dwin_com_pro.o(i.APP_DisplayRecvDataAnalyze))
<BR><BR>[Stack]<UL><LI>Max Depth = 72<LI>Call Chain = APP_DisplayRecvDataAnalyze &rArr; DealWithVari
</UL>
<BR>[Calls]<UL><LI><a href="#[102]">&gt;&gt;</a>&nbsp;&nbsp;&nbsp;GetCurMenu
<LI><a href="#[104]">&gt;&gt;</a>&nbsp;&nbsp;&nbsp;DealWithVari
<LI><a href="#[103]">&gt;&gt;</a>&nbsp;&nbsp;&nbsp;DealWithKey
</UL>
<BR>[Called By]<UL><LI><a href="#[96]">&gt;&gt;</a>&nbsp;&nbsp;&nbsp;AppTaskDwin
</UL>

<P><STRONG><a name="[118]"></a>APP_GetAppRegisterState</STRONG> (Thumb, 16 bytes, Stack size 0 bytes, modulea7680c.o(i.APP_GetAppRegisterState))
<BR><BR>[Called By]<UL><LI><a href="#[94]">&gt;&gt;</a>&nbsp;&nbsp;&nbsp;AppTaskCard
<LI><a href="#[99]">&gt;&gt;</a>&nbsp;&nbsp;&nbsp;AppTask4GSend
<LI><a href="#[97]">&gt;&gt;</a>&nbsp;&nbsp;&nbsp;AppTask4GMain
<LI><a href="#[0]">&gt;&gt;</a>&nbsp;&nbsp;&nbsp;HY_SendRegister
<LI><a href="#[1]">&gt;&gt;</a>&nbsp;&nbsp;&nbsp;HY_SendHear
<LI><a href="#[12a]">&gt;&gt;</a>&nbsp;&nbsp;&nbsp;ZF_SendStartCharge
<LI><a href="#[130]">&gt;&gt;</a>&nbsp;&nbsp;&nbsp;ZF_SendBill
<LI><a href="#[2]">&gt;&gt;</a>&nbsp;&nbsp;&nbsp;HY_SendDevStateA
<LI><a href="#[1df]">&gt;&gt;</a>&nbsp;&nbsp;&nbsp;HY_SendCardInfo
<LI><a href="#[3]">&gt;&gt;</a>&nbsp;&nbsp;&nbsp;ZF_SendRegister
<LI><a href="#[4]">&gt;&gt;</a>&nbsp;&nbsp;&nbsp;ZF_SendHear
<LI><a href="#[5]">&gt;&gt;</a>&nbsp;&nbsp;&nbsp;ZF_SendDevState
<LI><a href="#[191]">&gt;&gt;</a>&nbsp;&nbsp;&nbsp;DispShow_NetState
</UL>

<P><STRONG><a name="[f8]"></a>APP_GetBatchNum</STRONG> (Thumb, 12 bytes, Stack size 8 bytes, 4gmain.o(i.APP_GetBatchNum))
<BR><BR>[Stack]<UL><LI>Max Depth = 16<LI>Call Chain = APP_GetBatchNum &rArr; APP_GetHYBatchNum
</UL>
<BR>[Calls]<UL><LI><a href="#[105]">&gt;&gt;</a>&nbsp;&nbsp;&nbsp;APP_GetHYBatchNum
</UL>
<BR>[Called By]<UL><LI><a href="#[f5]">&gt;&gt;</a>&nbsp;&nbsp;&nbsp;APPTransactionrecord
</UL>

<P><STRONG><a name="[10e]"></a>APP_GetBillInfo</STRONG> (Thumb, 28 bytes, Stack size 0 bytes, dwin_com_pro.o(i.APP_GetBillInfo))
<BR><BR>[Called By]<UL><LI><a href="#[99]">&gt;&gt;</a>&nbsp;&nbsp;&nbsp;AppTask4GSend
<LI><a href="#[15b]">&gt;&gt;</a>&nbsp;&nbsp;&nbsp;_HY_RestUpdataData
<LI><a href="#[10d]">&gt;&gt;</a>&nbsp;&nbsp;&nbsp;APP_SetHYResetStartType
</UL>

<P><STRONG><a name="[193]"></a>APP_GetCSQNum</STRONG> (Thumb, 6 bytes, Stack size 0 bytes, modulea7680c.o(i.APP_GetCSQNum))
<BR><BR>[Called By]<UL><LI><a href="#[191]">&gt;&gt;</a>&nbsp;&nbsp;&nbsp;DispShow_NetState
</UL>

<P><STRONG><a name="[105]"></a>APP_GetHYBatchNum</STRONG> (Thumb, 24 bytes, Stack size 8 bytes, hyframe.o(i.APP_GetHYBatchNum))
<BR><BR>[Stack]<UL><LI>Max Depth = 8<LI>Call Chain = APP_GetHYBatchNum
</UL>
<BR>[Calls]<UL><LI><a href="#[fe]">&gt;&gt;</a>&nbsp;&nbsp;&nbsp;__aeabi_memcpy
</UL>
<BR>[Called By]<UL><LI><a href="#[f8]">&gt;&gt;</a>&nbsp;&nbsp;&nbsp;APP_GetBatchNum
</UL>

<P><STRONG><a name="[2a8]"></a>APP_GetHYStartType</STRONG> (Thumb, 14 bytes, Stack size 0 bytes, hyframe.o(i.APP_GetHYStartType))
<BR><BR>[Called By]<UL><LI><a href="#[fb]">&gt;&gt;</a>&nbsp;&nbsp;&nbsp;_4G_GetStartType
</UL>

<P><STRONG><a name="[11a]"></a>APP_GetModuleConnectState</STRONG> (Thumb, 16 bytes, Stack size 0 bytes, modulea7680c.o(i.APP_GetModuleConnectState))
<BR><BR>[Called By]<UL><LI><a href="#[99]">&gt;&gt;</a>&nbsp;&nbsp;&nbsp;AppTask4GSend
<LI><a href="#[98]">&gt;&gt;</a>&nbsp;&nbsp;&nbsp;AppTask4GRecv
<LI><a href="#[97]">&gt;&gt;</a>&nbsp;&nbsp;&nbsp;AppTask4GMain
<LI><a href="#[117]">&gt;&gt;</a>&nbsp;&nbsp;&nbsp;Connect_4G
<LI><a href="#[161]">&gt;&gt;</a>&nbsp;&nbsp;&nbsp;rt_dwin_state_dispose
<LI><a href="#[191]">&gt;&gt;</a>&nbsp;&nbsp;&nbsp;DispShow_NetState
</UL>

<P><STRONG><a name="[13f]"></a>APP_GetResendBillState</STRONG> (Thumb, 22 bytes, Stack size 0 bytes, 4gmain.o(i.APP_GetResendBillState))
<BR><BR>[Called By]<UL><LI><a href="#[99]">&gt;&gt;</a>&nbsp;&nbsp;&nbsp;AppTask4GSend
</UL>

<P><STRONG><a name="[116]"></a>APP_GetSIM7600Mode</STRONG> (Thumb, 6 bytes, Stack size 0 bytes, modulea7680c.o(i.APP_GetSIM7600Mode))
<BR><BR>[Called By]<UL><LI><a href="#[96]">&gt;&gt;</a>&nbsp;&nbsp;&nbsp;AppTaskDwin
<LI><a href="#[95]">&gt;&gt;</a>&nbsp;&nbsp;&nbsp;AppTaskCharge
<LI><a href="#[94]">&gt;&gt;</a>&nbsp;&nbsp;&nbsp;AppTaskCard
<LI><a href="#[99]">&gt;&gt;</a>&nbsp;&nbsp;&nbsp;AppTask4GSend
<LI><a href="#[98]">&gt;&gt;</a>&nbsp;&nbsp;&nbsp;AppTask4GRecv
<LI><a href="#[97]">&gt;&gt;</a>&nbsp;&nbsp;&nbsp;AppTask4GMain
</UL>

<P><STRONG><a name="[128]"></a>APP_GetSIM7600Status</STRONG> (Thumb, 6 bytes, Stack size 0 bytes, modulea7680c.o(i.APP_GetSIM7600Status))
<BR><BR>[Called By]<UL><LI><a href="#[99]">&gt;&gt;</a>&nbsp;&nbsp;&nbsp;AppTask4GSend
<LI><a href="#[117]">&gt;&gt;</a>&nbsp;&nbsp;&nbsp;Connect_4G
<LI><a href="#[161]">&gt;&gt;</a>&nbsp;&nbsp;&nbsp;rt_dwin_state_dispose
</UL>
[...]
</UL>
<BR>[Calls]<UL><LI><a href="#[193]">&gt;&gt;</a>&nbsp;&nbsp;&nbsp;APP_GetCSQNum
<LI><a href="#[11a]">&gt;&gt;</a>&nbsp;&nbsp;&nbsp;APP_GetModuleConnectState
<LI><a href="#[118]">&gt;&gt;</a>&nbsp;&nbsp;&nbsp;APP_GetAppRegisterState
<LI><a href="#[192]">&gt;&gt;</a>&nbsp;&nbsp;&nbsp;PrintIcon
</UL>
<BR>[Called By]<UL><LI><a href="#[162]">&gt;&gt;</a>&nbsp;&nbsp;&nbsp;dwin_show
</UL>

<P><STRONG><a name="[109]"></a>DispShow_Recode</STRONG> (Thumb, 448 bytes, Stack size 16 bytes, dwin_com_pro.o(i.DispShow_Recode))
<BR><BR>[Stack]<UL><LI>Max Depth = 112 + Unknown Stack Size
<LI>Call Chain = DispShow_Recode &rArr; PrintStr &rArr; LCD_SendToUart &rArr; OSTimeDly &rArr; OS_TickListInsertDly &rArr; OS_TickListInsert
</UL>
<BR>[Calls]<UL><LI><a href="#[18d]">&gt;&gt;</a>&nbsp;&nbsp;&nbsp;PrintStr
<LI><a href="#[f6]">&gt;&gt;</a>&nbsp;&nbsp;&nbsp;__aeabi_memclr4
<LI><a href="#[107]">&gt;&gt;</a>&nbsp;&nbsp;&nbsp;__aeabi_memcpy4
<LI><a href="#[fe]">&gt;&gt;</a>&nbsp;&nbsp;&nbsp;__aeabi_memcpy
</UL>
<BR>[Called By]<UL><LI><a href="#[10c]">&gt;&gt;</a>&nbsp;&nbsp;&nbsp;APP_SelectUpNChargeRecode
<LI><a href="#[10b]">&gt;&gt;</a>&nbsp;&nbsp;&nbsp;APP_SelectNextNChargeRecode
<LI><a href="#[106]">&gt;&gt;</a>&nbsp;&nbsp;&nbsp;APP_SelectCurChargeRecode
</UL>

<P><STRONG><a name="[194]"></a>Disp_ShowRTC</STRONG> (Thumb, 36 bytes, Stack size 16 bytes, dwin_com_pro.o(i.Disp_ShowRTC))
<BR><BR>[Stack]<UL><LI>Max Depth = 280 + Unknown Stack Size
<LI>Call Chain = Disp_ShowRTC &rArr; Dis_ShowTime &rArr; PrintStr &rArr; LCD_SendToUart &rArr; OSTimeDly &rArr; OS_TickListInsertDly &rArr; OS_TickListInsert
</UL>
<BR>[Calls]<UL><LI><a href="#[18f]">&gt;&gt;</a>&nbsp;&nbsp;&nbsp;Dis_ShowTime
</UL>
<BR>[Called By]<UL><LI><a href="#[162]">&gt;&gt;</a>&nbsp;&nbsp;&nbsp;dwin_show
</UL>

<P><STRONG><a name="[d1]"></a>Electric_charing</STRONG> (Thumb, 44 bytes, Stack size 16 bytes, dwin_com_pro.o(i.Electric_charing))
<BR><BR>[Stack]<UL><LI>Max Depth = 120 + Unknown Stack Size
<LI>Call Chain = Electric_charing &rArr; DisplayCommonMenu &rArr; PrintBackImage &rArr; PraPerprintBackImage &rArr; LCD_SendToUart &rArr; OSTimeDly &rArr; OS_TickListInsertDly &rArr; OS_TickListInsert
</UL>
<BR>[Calls]<UL><LI><a href="#[108]">&gt;&gt;</a>&nbsp;&nbsp;&nbsp;DisplayCommonMenu
</UL>
<BR>[Address Reference Count : 1]<UL><LI> dwin_com_pro.o(.constdata)
</UL>
<P><STRONG><a name="[c7]"></a>Munu12_CodeDispose</STRONG> (Thumb, 110 bytes, Stack size 32 bytes, dwin_com_pro.o(i.Munu12_CodeDispose))
<BR><BR>[Stack]<UL><LI>Max Depth = 312 + Unknown Stack Size
<LI>Call Chain = Munu12_CodeDispose &rArr; Disp_Showsettime &rArr; Dis_SYSShowTime &rArr; PrintStr &rArr; LCD_SendToUart &rArr; OSTimeDly &rArr; OS_TickListInsertDly &rArr; OS_TickListInsert
</UL>
<BR>[Calls]<UL><LI><a href="#[108]">&gt;&gt;</a>&nbsp;&nbsp;&nbsp;DisplayCommonMenu
<LI><a href="#[187]">&gt;&gt;</a>&nbsp;&nbsp;&nbsp;Munu13_ShowSysInfo
<LI><a href="#[195]">&gt;&gt;</a>&nbsp;&nbsp;&nbsp;Disp_Showsettime
</UL>
<BR>[Address Reference Count : 1]<UL><LI> dwin_com_pro.o(.constdata)
</UL>
<P><STRONG><a name="[c8]"></a>Munu13_DevnumDispose</STRONG> (Thumb, 120 bytes, Stack size 24 bytes, dwin_com_pro.o(i.Munu13_DevnumDispose))
<BR><BR>[Stack]<UL><LI>Max Depth = 192 + Unknown Stack Size
<LI>Call Chain = Munu13_DevnumDispose &rArr; Munu13_ShowSysInfo &rArr; Dis_ShowStatus &rArr; PrintStr &rArr; LCD_SendToUart &rArr; OSTimeDly &rArr; OS_TickListInsertDly &rArr; OS_TickListInsert
</UL>
<BR>[Calls]<UL><LI><a href="#[15d]">&gt;&gt;</a>&nbsp;&nbsp;&nbsp;fal_partition_write
<LI><a href="#[112]">&gt;&gt;</a>&nbsp;&nbsp;&nbsp;OSTimeDly
<LI><a href="#[18d]">&gt;&gt;</a>&nbsp;&nbsp;&nbsp;PrintStr
<LI><a href="#[187]">&gt;&gt;</a>&nbsp;&nbsp;&nbsp;Munu13_ShowSysInfo
</UL>
<BR>[Address Reference Count : 1]<UL><LI> dwin_com_pro.o(.constdata)
</UL>
<P><STRONG><a name="[ca]"></a>Munu13_IP1Sert</STRONG> (Thumb, 72 bytes, Stack size 32 bytes, dwin_com_pro.o(i.Munu13_IP1Sert))
<BR><BR>[Stack]<UL><LI>Max Depth = 200 + Unknown Stack Size
<LI>Call Chain = Munu13_IP1Sert &rArr; Munu13_ShowSysInfo &rArr; Dis_ShowStatus &rArr; PrintStr &rArr; LCD_SendToUart &rArr; OSTimeDly &rArr; OS_TickListInsertDly &rArr; OS_TickListInsert
</UL>
<BR>[Calls]<UL><LI><a href="#[15d]">&gt;&gt;</a>&nbsp;&nbsp;&nbsp;fal_partition_write
<LI><a href="#[187]">&gt;&gt;</a>&nbsp;&nbsp;&nbsp;Munu13_ShowSysInfo
<LI><a href="#[fc]">&gt;&gt;</a>&nbsp;&nbsp;&nbsp;__2snprintf
</UL>
<BR>[Address Reference Count : 1]<UL><LI> dwin_com_pro.o(.constdata)
</UL>
<P><STRONG><a name="[cb]"></a>Munu13_IP2Sert</STRONG> (Thumb, 74 bytes, Stack size 32 bytes, dwin_com_pro.o(i.Munu13_IP2Sert))
<BR><BR>[Stack]<UL><LI>Max Depth = 200 + Unknown Stack Size
<LI>Call Chain = Munu13_IP2Sert &rArr; Munu13_ShowSysInfo &rArr; Dis_ShowStatus &rArr; PrintStr &rArr; LCD_SendToUart &rArr; OSTimeDly &rArr; OS_TickListInsertDly &rArr; OS_TickListInsert
</UL>
<BR>[Calls]<UL><LI><a href="#[15d]">&gt;&gt;</a>&nbsp;&nbsp;&nbsp;fal_partition_write
<LI><a href="#[187]">&gt;&gt;</a>&nbsp;&nbsp;&nbsp;Munu13_ShowSysInfo
<LI><a href="#[fc]">&gt;&gt;</a>&nbsp;&nbsp;&nbsp;__2snprintf
</UL>
<BR>[Address Reference Count : 1]<UL><LI> dwin_com_pro.o(.constdata)
</UL>
<P><STRONG><a name="[cc]"></a>Munu13_IP3Sert</STRONG> (Thumb, 74 bytes, Stack size 32 bytes, dwin_com_pro.o(i.Munu13_IP3Sert))
<BR><BR>[Stack]<UL><LI>Max Depth = 200 + Unknown Stack Size
<LI>Call Chain = Munu13_IP3Sert &rArr; Munu13_ShowSysInfo &rArr; Dis_ShowStatus &rArr; PrintStr &rArr; LCD_SendToUart &rArr; OSTimeDly &rArr; OS_TickListInsertDly &rArr; OS_TickListInsert
</UL>
<BR>[Calls]<UL><LI><a href="#[15d]">&gt;&gt;</a>&nbsp;&nbsp;&nbsp;fal_partition_write
<LI><a href="#[187]">&gt;&gt;</a>&nbsp;&nbsp;&nbsp;Munu13_ShowSysInfo
<LI><a href="#[fc]">&gt;&gt;</a>&nbsp;&nbsp;&nbsp;__2snprintf
</UL>
<BR>[Address Reference Count : 1]<UL><LI> dwin_com_pro.o(.constdata)
</UL>
<P><STRONG><a name="[cd]"></a>Munu13_IP4Sert</STRONG> (Thumb, 74 bytes, Stack size 32 bytes, dwin_com_pro.o(i.Munu13_IP4Sert))
<BR><BR>[Stack]<UL><LI>Max Depth = 200 + Unknown Stack Size
<LI>Call Chain = Munu13_IP4Sert &rArr; Munu13_ShowSysInfo &rArr; Dis_ShowStatus &rArr; PrintStr &rArr; LCD_SendToUart &rArr; OSTimeDly &rArr; OS_TickListInsertDly &rArr; OS_TickListInsert
</UL>
<BR>[Calls]<UL><LI><a href="#[15d]">&gt;&gt;</a>&nbsp;&nbsp;&nbsp;fal_partition_write
<LI><a href="#[187]">&gt;&gt;</a>&nbsp;&nbsp;&nbsp;Munu13_ShowSysInfo
<LI><a href="#[fc]">&gt;&gt;</a>&nbsp;&nbsp;&nbsp;__2snprintf
</UL>
<BR>[Address Reference Count : 1]<UL><LI> dwin_com_pro.o(.constdata)
</UL>
<P><STRONG><a name="[c9]"></a>Munu13_PortSert</STRONG> (Thumb, 58 bytes, Stack size 24 bytes, dwin_com_pro.o(i.Munu13_PortSert))
<BR><BR>[Stack]<UL><LI>Max Depth = 192 + Unknown Stack Size
<LI>Call Chain = Munu13_PortSert &rArr; Munu13_ShowSysInfo &rArr; Dis_ShowStatus &rArr; PrintStr &rArr; LCD_SendToUart &rArr; OSTimeDly &rArr; OS_TickListInsertDly &rArr; OS_TickListInsert
</UL>
<BR>[Calls]<UL><LI><a href="#[15d]">&gt;&gt;</a>&nbsp;&nbsp;&nbsp;fal_partition_write
<LI><a href="#[187]">&gt;&gt;</a>&nbsp;&nbsp;&nbsp;Munu13_ShowSysInfo
</UL>
<BR>[Address Reference Count : 1]<UL><LI> dwin_com_pro.o(.constdata)
</UL>
<P><STRONG><a name="[25c]"></a>Period_WriterFmBill</STRONG> (Thumb, 146 bytes, Stack size 8 bytes, dwin_com_pro.o(i.Period_WriterFmBill))
<BR><BR>[Stack]<UL><LI>Max Depth = 232<LI>Call Chain = Period_WriterFmBill &rArr; APPTransactionrecord &rArr; Recordqueryinfo_WR &rArr; fal_partition_write &rArr; SPI_FLASH_BufferWrite &rArr; SPI_FLASH_PageWrite &rArr; SPI_FLASH_WaitForWriteEnd &rArr; SPI_FLASH_SendByte
</UL>
<BR>[Calls]<UL><LI><a href="#[15d]">&gt;&gt;</a>&nbsp;&nbsp;&nbsp;fal_partition_write
<LI><a href="#[12c]">&gt;&gt;</a>&nbsp;&nbsp;&nbsp;WriterFmBill
<LI><a href="#[f5]">&gt;&gt;</a>&nbsp;&nbsp;&nbsp;APPTransactionrecord
</UL>
<BR>[Called By]<UL><LI><a href="#[164]">&gt;&gt;</a>&nbsp;&nbsp;&nbsp;rt_dwin_period_entry
</UL>

<P><STRONG><a name="[d3]"></a>Time_charging</STRONG> (Thumb, 44 bytes, Stack size 16 bytes, dwin_com_pro.o(i.Time_charging))
<BR><BR>[Stack]<UL><LI>Max Depth = 120 + Unknown Stack Size
<LI>Call Chain = Time_charging &rArr; DisplayCommonMenu &rArr; PrintBackImage &rArr; PraPerprintBackImage &rArr; LCD_SendToUart &rArr; OSTimeDly &rArr; OS_TickListInsertDly &rArr; OS_TickListInsert
</UL>
<BR>[Calls]<UL><LI><a href="#[108]">&gt;&gt;</a>&nbsp;&nbsp;&nbsp;DisplayCommonMenu
</UL>
<BR>[Address Reference Count : 1]<UL><LI> dwin_com_pro.o(.constdata)
</UL>
<P><STRONG><a name="[d4]"></a>Timing_charging</STRONG> (Thumb, 108 bytes, Stack size 16 bytes, dwin_com_pro.o(i.Timing_charging))
<BR><BR>[Stack]<UL><LI>Max Depth = 120 + Unknown Stack Size
<LI>Call Chain = Timing_charging &rArr; DisplayCommonMenu &rArr; PrintBackImage &rArr; PraPerprintBackImage &rArr; LCD_SendToUart &rArr; OSTimeDly &rArr; OS_TickListInsertDly &rArr; OS_TickListInsert
</UL>
<BR>[Calls]<UL><LI><a href="#[15f]">&gt;&gt;</a>&nbsp;&nbsp;&nbsp;time
<LI><a href="#[108]">&gt;&gt;</a>&nbsp;&nbsp;&nbsp;DisplayCommonMenu
</UL>
<BR>[Address Reference Count : 1]<UL><LI> dwin_com_pro.o(.constdata)
</UL>
<P><STRONG><a name="[162]"></a>dwin_show</STRONG> (Thumb, 698 bytes, Stack size 48 bytes, dwin_com_pro.o(i.dwin_show))
<BR><BR>[Stack]<UL><LI>Max Depth = 328 + Unknown Stack Size
<LI>Call Chain = dwin_show &rArr; Disp_ShowRTC &rArr; Dis_ShowTime &rArr; PrintStr &rArr; LCD_SendToUart &rArr; OSTimeDly &rArr; OS_TickListInsertDly &rArr; OS_TickListInsert
</UL>
<BR>[Calls]<UL><LI><a href="#[111]">&gt;&gt;</a>&nbsp;&nbsp;&nbsp;OSTimeGet
<LI><a href="#[1be]">&gt;&gt;</a>&nbsp;&nbsp;&nbsp;__aeabi_fmul
<LI><a href="#[1bf]">&gt;&gt;</a>&nbsp;&nbsp;&nbsp;__aeabi_f2uiz
<LI><a href="#[260]">&gt;&gt;</a>&nbsp;&nbsp;&nbsp;PrintNum32uVariable
<LI><a href="#[102]">&gt;&gt;</a>&nbsp;&nbsp;&nbsp;GetCurMenu
<LI><a href="#[2e5]">&gt;&gt;</a>&nbsp;&nbsp;&nbsp;dwin_show_record
<LI><a href="#[194]">&gt;&gt;</a>&nbsp;&nbsp;&nbsp;Disp_ShowRTC
<LI><a href="#[191]">&gt;&gt;</a>&nbsp;&nbsp;&nbsp;DispShow_NetState
<LI><a href="#[18d]">&gt;&gt;</a>&nbsp;&nbsp;&nbsp;PrintStr
</UL>
<BR>[Called By]<UL><LI><a href="#[96]">&gt;&gt;</a>&nbsp;&nbsp;&nbsp;AppTaskDwin
</UL>

<P><STRONG><a name="[2e5]"></a>dwin_show_record</STRONG> (Thumb, 110 bytes, Stack size 8 bytes, dwin_com_pro.o(i.dwin_show_record))
<BR><BR>[Stack]<UL><LI>Max Depth = 104 + Unknown Stack Size
<LI>Call Chain = dwin_show_record &rArr; PrintStr &rArr; LCD_SendToUart &rArr; OSTimeDly &rArr; OS_TickListInsertDly &rArr; OS_TickListInsert
</UL>
<BR>[Calls]<UL><LI><a href="#[f7]">&gt;&gt;</a>&nbsp;&nbsp;&nbsp;Dis_ShowCopy
<LI><a href="#[18d]">&gt;&gt;</a>&nbsp;&nbsp;&nbsp;PrintStr
<LI><a href="#[f6]">&gt;&gt;</a>&nbsp;&nbsp;&nbsp;__aeabi_memclr4
<LI><a href="#[107]">&gt;&gt;</a>&nbsp;&nbsp;&nbsp;__aeabi_memcpy4
<LI><a href="#[fe]">&gt;&gt;</a>&nbsp;&nbsp;&nbsp;__aeabi_memcpy
</UL>
<BR>[Called By]<UL><LI><a href="#[162]">&gt;&gt;</a>&nbsp;&nbsp;&nbsp;dwin_show
</UL>

<P><STRONG><a name="[163]"></a>dwin_show_state</STRONG> (Thumb, 294 bytes, Stack size 192 bytes, dwin_com_pro.o(i.dwin_show_state))
<BR><BR>[Stack]<UL><LI>Max Depth = 288 + Unknown Stack Size
<LI>Call Chain = dwin_show_state &rArr; DisplayQRCode &rArr; LCD_SendToUart &rArr; OSTimeDly &rArr; OS_TickListInsertDly &rArr; OS_TickListInsert
</UL>
<BR>[Calls]<UL><LI><a href="#[192]">&gt;&gt;</a>&nbsp;&nbsp;&nbsp;PrintIcon
<LI><a href="#[197]">&gt;&gt;</a>&nbsp;&nbsp;&nbsp;DisplayQRCode
<LI><a href="#[18d]">&gt;&gt;</a>&nbsp;&nbsp;&nbsp;PrintStr
<LI><a href="#[fc]">&gt;&gt;</a>&nbsp;&nbsp;&nbsp;__2snprintf
<LI><a href="#[146]">&gt;&gt;</a>&nbsp;&nbsp;&nbsp;strncmp
<LI><a href="#[1f8]">&gt;&gt;</a>&nbsp;&nbsp;&nbsp;strlen
<LI><a href="#[f6]">&gt;&gt;</a>&nbsp;&nbsp;&nbsp;__aeabi_memclr4
<LI><a href="#[107]">&gt;&gt;</a>&nbsp;&nbsp;&nbsp;__aeabi_memcpy4
<LI><a href="#[fe]">&gt;&gt;</a>&nbsp;&nbsp;&nbsp;__aeabi_memcpy
</UL>
<BR>[Called By]<UL><LI><a href="#[96]">&gt;&gt;</a>&nbsp;&nbsp;&nbsp;AppTaskDwin
</UL>

<P><STRONG><a name="[157]"></a>flash_para_init</STRONG> (Thumb, 662 bytes, Stack size 16 bytes, dwin_com_pro.o(i.flash_para_init))
<BR><BR>[Stack]<UL><LI>Max Depth = 136 + Unknown Stack Size
<LI>Call Chain = flash_para_init &rArr; Clear_record &rArr; fal_partition_write &rArr; SPI_FLASH_BufferWrite &rArr; SPI_FLASH_PageWrite &rArr; SPI_FLASH_WaitForWriteEnd &rArr; SPI_FLASH_SendByte
</UL>
<BR>[Calls]<UL><LI><a href="#[15d]">&gt;&gt;</a>&nbsp;&nbsp;&nbsp;fal_partition_write
<LI><a href="#[1e5]">&gt;&gt;</a>&nbsp;&nbsp;&nbsp;fal_partition_read
<LI><a href="#[2e7]">&gt;&gt;</a>&nbsp;&nbsp;&nbsp;judge_rete_info
<LI><a href="#[18d]">&gt;&gt;</a>&nbsp;&nbsp;&nbsp;PrintStr
<LI><a href="#[186]">&gt;&gt;</a>&nbsp;&nbsp;&nbsp;Clear_record
<LI><a href="#[fd]">&gt;&gt;</a>&nbsp;&nbsp;&nbsp;__2printf
<LI><a href="#[da]">&gt;&gt;</a>&nbsp;&nbsp;&nbsp;__aeabi_memclr
</UL>
<BR>[Called By]<UL><LI><a href="#[96]">&gt;&gt;</a>&nbsp;&nbsp;&nbsp;AppTaskDwin
</UL>

<P><STRONG><a name="[2e7]"></a>judge_rete_info</STRONG> (Thumb, 30 bytes, Stack size 0 bytes, dwin_com_pro.o(i.judge_rete_info))
<BR><BR>[Called By]<UL><LI><a href="#[157]">&gt;&gt;</a>&nbsp;&nbsp;&nbsp;flash_para_init
</UL>

<P><STRONG><a name="[d0]"></a>passwordmodify</STRONG> (Thumb, 90 bytes, Stack size 24 bytes, dwin_com_pro.o(i.passwordmodify))
<BR><BR>[Stack]<UL><LI>Max Depth = 192 + Unknown Stack Size
<LI>Call Chain = passwordmodify &rArr; Munu13_ShowSysInfo &rArr; Dis_ShowStatus &rArr; PrintStr &rArr; LCD_SendToUart &rArr; OSTimeDly &rArr; OS_TickListInsertDly &rArr; OS_TickListInsert
</UL>
<BR>[Calls]<UL><LI><a href="#[15d]">&gt;&gt;</a>&nbsp;&nbsp;&nbsp;fal_partition_write
<LI><a href="#[187]">&gt;&gt;</a>&nbsp;&nbsp;&nbsp;Munu13_ShowSysInfo
</UL>
<BR>[Address Reference Count : 1]<UL><LI> dwin_com_pro.o(.constdata)
</UL>
<P><STRONG><a name="[ce]"></a>timeSert</STRONG> (Thumb, 246 bytes, Stack size 40 bytes, dwin_com_pro.o(i.timeSert))
<BR><BR>[Stack]<UL><LI>Max Depth = 88<LI>Call Chain = timeSert &rArr; set_time &rArr; ERTC_SetTimeValue &rArr; ERTC_WaitForSynchro
</UL>
<BR>[Calls]<UL><LI><a href="#[1d9]">&gt;&gt;</a>&nbsp;&nbsp;&nbsp;set_time
<LI><a href="#[1d8]">&gt;&gt;</a>&nbsp;&nbsp;&nbsp;set_date
</UL>
<BR>[Address Reference Count : 1]<UL><LI> dwin_com_pro.o(.constdata)
</UL>
<P><STRONG><a name="[198]"></a>Dwin_FrameHead</STRONG> (Thumb, 12 bytes, Stack size 8 bytes, dwinprotocol.o(i.Dwin_FrameHead))
<BR><BR>[Stack]<UL><LI>Max Depth = 16<LI>Call Chain = Dwin_FrameHead &rArr; LCD_SendTwoBytes
</UL>
<BR>[Calls]<UL><LI><a href="#[19a]">&gt;&gt;</a>&nbsp;&nbsp;&nbsp;LCD_SendTwoBytes
</UL>
<BR>[Called By]<UL><LI><a href="#[260]">&gt;&gt;</a>&nbsp;&nbsp;&nbsp;PrintNum32uVariable
<LI><a href="#[190]">&gt;&gt;</a>&nbsp;&nbsp;&nbsp;SetVariColor
<LI><a href="#[192]">&gt;&gt;</a>&nbsp;&nbsp;&nbsp;PrintIcon
<LI><a href="#[197]">&gt;&gt;</a>&nbsp;&nbsp;&nbsp;DisplayQRCode
<LI><a href="#[18d]">&gt;&gt;</a>&nbsp;&nbsp;&nbsp;PrintStr
<LI><a href="#[1d2]">&gt;&gt;</a>&nbsp;&nbsp;&nbsp;simulation_Print
<LI><a href="#[1d4]">&gt;&gt;</a>&nbsp;&nbsp;&nbsp;ReadDwinVariable
<LI><a href="#[10a]">&gt;&gt;</a>&nbsp;&nbsp;&nbsp;PrintNum16uVariable
<LI><a href="#[25d]">&gt;&gt;</a>&nbsp;&nbsp;&nbsp;PraPerprintBackImage
</UL>

<P><STRONG><a name="[1f1]"></a>LCD_SendBufLenClear</STRONG> (Thumb, 10 bytes, Stack size 0 bytes, dwinprotocol.o(i.LCD_SendBufLenClear))
<BR><BR>[Called By]<UL><LI><a href="#[19b]">&gt;&gt;</a>&nbsp;&nbsp;&nbsp;LCD_SendToUart
</UL>

<P><STRONG><a name="[199]"></a>LCD_SendByteToBuf</STRONG> (Thumb, 40 bytes, Stack size 0 bytes, dwinprotocol.o(i.LCD_SendByteToBuf))
<BR><BR>[Called By]<UL><LI><a href="#[260]">&gt;&gt;</a>&nbsp;&nbsp;&nbsp;PrintNum32uVariable
<LI><a href="#[19a]">&gt;&gt;</a>&nbsp;&nbsp;&nbsp;LCD_SendTwoBytes
<LI><a href="#[190]">&gt;&gt;</a>&nbsp;&nbsp;&nbsp;SetVariColor
<LI><a href="#[192]">&gt;&gt;</a>&nbsp;&nbsp;&nbsp;PrintIcon
<LI><a href="#[197]">&gt;&gt;</a>&nbsp;&nbsp;&nbsp;DisplayQRCode
<LI><a href="#[18d]">&gt;&gt;</a>&nbsp;&nbsp;&nbsp;PrintStr
<LI><a href="#[1d2]">&gt;&gt;</a>&nbsp;&nbsp;&nbsp;simulation_Print
<LI><a href="#[1d4]">&gt;&gt;</a>&nbsp;&nbsp;&nbsp;ReadDwinVariable
<LI><a href="#[10a]">&gt;&gt;</a>&nbsp;&nbsp;&nbsp;PrintNum16uVariable
<LI><a href="#[25d]">&gt;&gt;</a>&nbsp;&nbsp;&nbsp;PraPerprintBackImage
</UL>

<P><STRONG><a name="[1ef]"></a>LCD_SendFourBytes</STRONG> (Thumb, 24 bytes, Stack size 8 bytes, dwinprotocol.o(i.LCD_SendFourBytes))
<BR><BR>[Stack]<UL><LI>Max Depth = 16<LI>Call Chain = LCD_SendFourBytes &rArr; LCD_SendTwoBytes
</UL>
<BR>[Calls]<UL><LI><a href="#[19a]">&gt;&gt;</a>&nbsp;&nbsp;&nbsp;LCD_SendTwoBytes
</UL>
<BR>[Called By]<UL><LI><a href="#[260]">&gt;&gt;</a>&nbsp;&nbsp;&nbsp;PrintNum32uVariable
</UL>

<P><STRONG><a name="[19b]"></a>LCD_SendToUart</STRONG> (Thumb, 34 bytes, Stack size 8 bytes, dwinprotocol.o(i.LCD_SendToUart))
<BR><BR>[Stack]<UL><LI>Max Depth = 72 + Unknown Stack Size
<LI>Call Chain = LCD_SendToUart &rArr; OSTimeDly &rArr; OS_TickListInsertDly &rArr; OS_TickListInsert
</UL>
<BR>[Calls]<UL><LI><a href="#[112]">&gt;&gt;</a>&nbsp;&nbsp;&nbsp;OSTimeDly
<LI><a href="#[1f0]">&gt;&gt;</a>&nbsp;&nbsp;&nbsp;UART2SENDBUF
<LI><a href="#[1f1]">&gt;&gt;</a>&nbsp;&nbsp;&nbsp;LCD_SendBufLenClear
</UL>
<BR>[Called By]<UL><LI><a href="#[260]">&gt;&gt;</a>&nbsp;&nbsp;&nbsp;PrintNum32uVariable
<LI><a href="#[190]">&gt;&gt;</a>&nbsp;&nbsp;&nbsp;SetVariColor
<LI><a href="#[192]">&gt;&gt;</a>&nbsp;&nbsp;&nbsp;PrintIcon
<LI><a href="#[197]">&gt;&gt;</a>&nbsp;&nbsp;&nbsp;DisplayQRCode
<LI><a href="#[18d]">&gt;&gt;</a>&nbsp;&nbsp;&nbsp;PrintStr
<LI><a href="#[1d2]">&gt;&gt;</a>&nbsp;&nbsp;&nbsp;simulation_Print
<LI><a href="#[1d4]">&gt;&gt;</a>&nbsp;&nbsp;&nbsp;ReadDwinVariable
<LI><a href="#[10a]">&gt;&gt;</a>&nbsp;&nbsp;&nbsp;PrintNum16uVariable
<LI><a href="#[25d]">&gt;&gt;</a>&nbsp;&nbsp;&nbsp;PraPerprintBackImage
</UL>

<P><STRONG><a name="[19a]"></a>LCD_SendTwoBytes</STRONG> (Thumb, 18 bytes, Stack size 8 bytes, dwinprotocol.o(i.LCD_SendTwoBytes))
<BR><BR>[Stack]<UL><LI>Max Depth = 8<LI>Call Chain = LCD_SendTwoBytes
</UL>
<BR>[Calls]<UL><LI><a href="#[199]">&gt;&gt;</a>&nbsp;&nbsp;&nbsp;LCD_SendByteToBuf
</UL>
<BR>[Called By]<UL><LI><a href="#[260]">&gt;&gt;</a>&nbsp;&nbsp;&nbsp;PrintNum32uVariable
<LI><a href="#[1ef]">&gt;&gt;</a>&nbsp;&nbsp;&nbsp;LCD_SendFourBytes
<LI><a href="#[198]">&gt;&gt;</a>&nbsp;&nbsp;&nbsp;Dwin_FrameHead
<LI><a href="#[190]">&gt;&gt;</a>&nbsp;&nbsp;&nbsp;SetVariColor
<LI><a href="#[192]">&gt;&gt;</a>&nbsp;&nbsp;&nbsp;PrintIcon
<LI><a href="#[197]">&gt;&gt;</a>&nbsp;&nbsp;&nbsp;DisplayQRCode
<LI><a href="#[18d]">&gt;&gt;</a>&nbsp;&nbsp;&nbsp;PrintStr
<LI><a href="#[1d2]">&gt;&gt;</a>&nbsp;&nbsp;&nbsp;simulation_Print
<LI><a href="#[1d4]">&gt;&gt;</a>&nbsp;&nbsp;&nbsp;ReadDwinVariable
<LI><a href="#[10a]">&gt;&gt;</a>&nbsp;&nbsp;&nbsp;PrintNum16uVariable
</UL>

<P><STRONG><a name="[2ab]"></a>_printf_core</STRONG> (Thumb, 984 bytes, Stack size 104 bytes, printf8.o(i._printf_core), UNUSED)
<BR><BR>[Calls]<UL><LI><a href="#[2ad]">&gt;&gt;</a>&nbsp;&nbsp;&nbsp;_printf_pre_padding
<LI><a href="#[2ae]">&gt;&gt;</a>&nbsp;&nbsp;&nbsp;_printf_post_padding
<LI><a href="#[d7]">&gt;&gt;</a>&nbsp;&nbsp;&nbsp;__aeabi_uldivmod
</UL>
<BR>[Called By]<UL><LI><a href="#[2ac]">&gt;&gt;</a>&nbsp;&nbsp;&nbsp;__0snprintf$8
<LI><a href="#[2aa]">&gt;&gt;</a>&nbsp;&nbsp;&nbsp;__0printf$8
</UL>

<P><STRONG><a name="[2ae]"></a>_printf_post_padding</STRONG> (Thumb, 36 bytes, Stack size 24 bytes, printf8.o(i._printf_post_padding), UNUSED)
<BR><BR>[Called By]<UL><LI><a href="#[2ab]">&gt;&gt;</a>&nbsp;&nbsp;&nbsp;_printf_core
</UL>

<P><STRONG><a name="[2ad]"></a>_printf_pre_padding</STRONG> (Thumb, 46 bytes, Stack size 24 bytes, printf8.o(i._printf_pre_padding), UNUSED)
<BR><BR>[Called By]<UL><LI><a href="#[2ab]">&gt;&gt;</a>&nbsp;&nbsp;&nbsp;_printf_core
</UL>

<P><STRONG><a name="[a1]"></a>_snputc</STRONG> (Thumb, 22 bytes, Stack size 0 bytes, printf8.o(i._snputc))
<BR>[Address Reference Count : 1]<UL><LI> printf8.o(i.__0snprintf$8)
</UL><P>
<H3>
Undefined Global Symbols
</H3><HR></body></html>
