Component: ARM Compiler 5.06 update 7 (build 960) Tool: armlink [4d3601]

==============================================================================

Section Cross References

    main.o(i.AppTaskCreate) refers to os_task.o(i.OSTaskCreate) for OSTaskCreate
    main.o(i.AppTaskCreate) refers to main.o(.bss) for AppTaskCardStk
    main.o(i.AppTaskCreate) refers to read_nuid.o(i.AppTaskCard) for AppTaskCard
    main.o(i.AppTaskCreate) refers to chtask.o(i.AppTaskCharge) for AppTaskCharge
    main.o(i.AppTaskCreate) refers to dwin_com_pro.o(i.AppTaskDwin) for AppTaskDwin
    main.o(i.AppTaskCreate) refers to 4gmain.o(i.AppTask4GMain) for AppTask4GMain
    main.o(i.AppTaskCreate) refers to 4grecv.o(i.AppTask4GRecv) for AppTask4GRecv
    main.o(i.AppTaskCreate) refers to 4gsend.o(i.AppTask4GSend) for AppTask4GSend
    main.o(i.AppTaskCreate) refers to dlt645_port.o(i.AppTaskdlt645) for AppTaskdlt645
    main.o(i.AppTaskStart) refers to bsp.o(i.BSP_Init) for BSP_Init
    main.o(i.AppTaskStart) refers to cpu_core.o(i.CPU_Init) for CPU_Init
    main.o(i.AppTaskStart) refers to bsp.o(i.BSP_CPU_ClkFreq) for BSP_CPU_ClkFreq
    main.o(i.AppTaskStart) refers to os_cpu_c.o(i.OS_CPU_SysTickInit) for OS_CPU_SysTickInit
    main.o(i.AppTaskStart) refers to os_stat.o(i.OSStatTaskCPUUsageInit) for OSStatTaskCPUUsageInit
    main.o(i.AppTaskStart) refers to spi_flash.o(i.Spi_Flash_Io_Init) for Spi_Flash_Io_Init
    main.o(i.AppTaskStart) refers to spi_flash.o(i.FLASH_Init) for FLASH_Init
    main.o(i.AppTaskStart) refers to ertc.o(i.ertc) for ertc
    main.o(i.AppTaskStart) refers to printf8.o(i.__0printf$8) for __2printf
    main.o(i.AppTaskStart) refers to delay.o(i.delay_init) for delay_init
    main.o(i.AppTaskStart) refers to device.o(i.Mcu_Io_Init) for Mcu_Io_Init
    main.o(i.AppTaskStart) refers to timer.o(i.TIM3_Int_Init) for TIM3_Int_Init
    main.o(i.AppTaskStart) refers to hlw8112-spi.o(i.Init_HLW8112) for Init_HLW8112
    main.o(i.AppTaskStart) refers to timer.o(i.TIM4_Int_Init) for TIM4_Int_Init
    main.o(i.AppTaskStart) refers to main.o(i.AppTaskCreate) for AppTaskCreate
    main.o(i.AppTaskStart) refers to main.o(i.IWDG_Config) for IWDG_Config
    main.o(i.AppTaskStart) refers to at32f4xx_iwdg.o(i.IWDG_ReloadCounter) for IWDG_ReloadCounter
    main.o(i.AppTaskStart) refers to os_time.o(i.OSTimeDly) for OSTimeDly
    main.o(i.AppTaskStart) refers to ertc.o(i.ERTC_TimeShow) for ERTC_TimeShow
    main.o(i.AppTaskStart) refers to os_cfg_app.o(.constdata) for OSCfg_TickRate_Hz
    main.o(i.AppTaskStart) refers to main.o(.data) for reststae
    main.o(i.AppTaskStart) refers to main.o(.bss) for OnlyMCUID
    main.o(i.AppTaskStart) refers to ertc.o(.data) for ERTC_DateStructure
    main.o(i.IWDG_Config) refers to at32f4xx_iwdg.o(i.IWDG_KeyRegWrite) for IWDG_KeyRegWrite
    main.o(i.IWDG_Config) refers to at32f4xx_iwdg.o(i.IWDG_SetPrescaler) for IWDG_SetPrescaler
    main.o(i.IWDG_Config) refers to at32f4xx_iwdg.o(i.IWDG_SetReload) for IWDG_SetReload
    main.o(i.IWDG_Config) refers to at32f4xx_iwdg.o(i.IWDG_ReloadCounter) for IWDG_ReloadCounter
    main.o(i.IWDG_Config) refers to at32f4xx_iwdg.o(i.IWDG_Enable) for IWDG_Enable
    main.o(i.IWDG_Feed) refers to at32f4xx_iwdg.o(i.IWDG_ReloadCounter) for IWDG_ReloadCounter
    main.o(i.JumpToProgramCode) refers to main.o(.data) for JumpAddress
    main.o(i.main) refers to os_core.o(i.OSInit) for OSInit
    main.o(i.main) refers to os_task.o(i.OSTaskCreate) for OSTaskCreate
    main.o(i.main) refers to os_core.o(i.OSStart) for OSStart
    main.o(i.main) refers to main.o(.bss) for AppTaskStartStk
    main.o(i.main) refers to main.o(i.AppTaskStart) for AppTaskStart
    at32f4xx_it.o(i.HardFault_Handler) refers to flashdispos.o(i.fal_partition_read) for fal_partition_read
    at32f4xx_it.o(i.HardFault_Handler) refers to flashdispos.o(i.fal_partition_write) for fal_partition_write
    at32f4xx_it.o(i.HardFault_Handler) refers to at32f4xx_it.o(.bss) for sijit123
    system_at32f4xx.o(i.SetSysClock) refers to system_at32f4xx.o(i.SetSysClockTo144M) for SetSysClockTo144M
    system_at32f4xx.o(i.SetSysClockTo144M) refers to at32f4xx_rcc.o(i.RCC_PLLFrefTableConfig) for RCC_PLLFrefTableConfig
    system_at32f4xx.o(i.SetSysClockTo144M) refers to at32f4xx_rcc.o(i.RCC_StepModeCmd) for RCC_StepModeCmd
    system_at32f4xx.o(i.SystemCoreClockUpdate) refers to system_at32f4xx.o(.data) for SystemCoreClock
    system_at32f4xx.o(i.SystemInit) refers to at32f4xx_rcc.o(i.RCC_APB1PeriphClockCmd) for RCC_APB1PeriphClockCmd
    system_at32f4xx.o(i.SystemInit) refers to system_at32f4xx.o(i.SetSysClock) for SetSysClock
    startup_at32f415cbt7.o(RESET) refers to startup_at32f415cbt7.o(STACK) for __initial_sp
    startup_at32f415cbt7.o(RESET) refers to startup_at32f415cbt7.o(.text) for Reset_Handler
    startup_at32f415cbt7.o(RESET) refers to at32f4xx_it.o(i.NMI_Handler) for NMI_Handler
    startup_at32f415cbt7.o(RESET) refers to at32f4xx_it.o(i.HardFault_Handler) for HardFault_Handler
[...]
    stChRate                                 0x20007575   Data          81  dwin_com_pro.o(.bss)
    stChRateA                                0x200075c6   Data          81  dwin_com_pro.o(.bss)
    DChargeInfo                              0x20007617   Data         484  dwin_com_pro.o(.bss)
    DwinMq                                   0x200077fc   Data          48  dwin_com_pro.o(.bss)
    dlt645_info                              0x2000798c   Data          16  dlt645_port.o(.bss)
    Recv485USRTMq                            0x2000799c   Data          48  dlt645_port.o(.bss)
    __initial_sp                             0x20007e30   Data           0  startup_at32f415cbt7.o(STACK)



==============================================================================

Memory Map of the image

  Image Entry point : 0x08000171

  Load Region LR_IROM1 (Base: 0x08000000, Size: 0x000149e0, Max: 0x00019000, ABSOLUTE, COMPRESSED[0x000144a0])

    Execution Region ER_IROM1 (Exec base: 0x08000000, Load base: 0x08000000, Size: 0x00014298, Max: 0x00019000, ABSOLUTE)

    Exec Addr    Load Addr    Size         Type   Attr      Idx    E Section Name        Object

    0x08000000   0x08000000   0x00000170   Data   RO          450    RESET               startup_at32f415cbt7.o
    0x08000170   0x08000170   0x00000000   Code   RO         9671  * .ARM.Collect$$$$00000000  mc_w.l(entry.o)
    0x08000170   0x08000170   0x00000004   Code   RO         9989    .ARM.Collect$$$$00000001  mc_w.l(entry2.o)
    0x08000174   0x08000174   0x00000004   Code   RO         9992    .ARM.Collect$$$$00000004  mc_w.l(entry5.o)
    0x08000178   0x08000178   0x00000000   Code   RO         9994    .ARM.Collect$$$$00000008  mc_w.l(entry7b.o)
    0x08000178   0x08000178   0x00000000   Code   RO         9996    .ARM.Collect$$$$0000000A  mc_w.l(entry8b.o)
    0x08000178   0x08000178   0x00000008   Code   RO         9997    .ARM.Collect$$$$0000000B  mc_w.l(entry9a.o)
    0x08000180   0x08000180   0x00000004   Code   RO        10004    .ARM.Collect$$$$0000000E  mc_w.l(entry12b.o)
    0x08000184   0x08000184   0x00000000   Code   RO         9999    .ARM.Collect$$$$0000000F  mc_w.l(entry10a.o)
    0x08000184   0x08000184   0x00000000   Code   RO        10001    .ARM.Collect$$$$00000011  mc_w.l(entry11a.o)
    0x08000184   0x08000184   0x00000004   Code   RO         9990    .ARM.Collect$$$$00002712  mc_w.l(entry2.o)
    0x08000188   0x08000188   0x00000024   Code   RO          451    .text               startup_at32f415cbt7.o
    0x080001ac   0x080001ac   0x00000034   Code   RO         4733    .text               cpu_a.o
    0x080001e0   0x080001e0   0x00000062   Code   RO         9674    .text               mc_w.l(uldiv.o)
    0x08000242   0x08000242   0x00000024   Code   RO         9676    .text               mc_w.l(memcpya.o)
    0x08000266   0x08000266   0x00000024   Code   RO         9678    .text               mc_w.l(memseta.o)
    0x0800028a   0x0800028a   0x00000024   Code   RO         9680    .text               mc_w.l(strstr.o)
    0x080002ae   0x080002ae   0x0000000e   Code   RO         9682    .text               mc_w.l(strlen.o)
    0x080002bc   0x080002bc   0x0000001e   Code   RO         9684    .text               mc_w.l(strncmp.o)
    0x080002da   0x080002da   0x00000002   PAD
    0x080002dc   0x080002dc   0x00000044   Code   RO         9686    .text               mc_w.l(strtok.o)
    0x08000320   0x08000320   0x0000001a   Code   RO         9955    .text               mc_w.l(atoi.o)
    0x0800033a   0x0800033a   0x000000b0   Code   RO         9957    .text               mf_w.l(fadd.o)
    0x080003ea   0x080003ea   0x00000064   Code   RO         9959    .text               mf_w.l(fmul.o)
    0x0800044e   0x0800044e   0x0000007c   Code   RO         9961    .text               mf_w.l(fdiv.o)
    0x080004ca   0x080004ca   0x0000014e   Code   RO         9963    .text               mf_w.l(dadd.o)
    0x08000618   0x08000618   0x000000e4   Code   RO         9965    .text               mf_w.l(dmul.o)
    0x080006fc   0x080006fc   0x0000000a   Code   RO         9967    .text               mf_w.l(ffltui.o)
    0x08000706   0x08000706   0x0000001c   Code   RO         9969    .text               mf_w.l(ffltul.o)
    0x08000722   0x08000722   0x0000001a   Code   RO         9971    .text               mf_w.l(dfltui.o)
    0x0800073c   0x0800073c   0x00000028   Code   RO         9973    .text               mf_w.l(ffixui.o)
    0x08000764   0x08000764   0x00000032   Code   RO         9975    .text               mf_w.l(dfixui.o)
    0x08000796   0x08000796   0x00000026   Code   RO         9977    .text               mf_w.l(f2d.o)
    0x080007bc   0x080007bc   0x00000030   Code   RO         9979    .text               mf_w.l(cdcmple.o)
    0x080007ec   0x080007ec   0x00000030   Code   RO         9981    .text               mf_w.l(cdrcmple.o)
    0x0800081c   0x0800081c   0x00000014   Code   RO         9985    .text               mf_w.l(cfcmple.o)
    0x08000830   0x08000830   0x00000014   Code   RO         9987    .text               mf_w.l(cfrcmple.o)
    0x08000844   0x08000844   0x0000001e   Code   RO        10007    .text               mc_w.l(llshl.o)
    0x08000862   0x08000862   0x00000020   Code   RO        10009    .text               mc_w.l(llushr.o)
    0x08000882   0x08000882   0x00000024   Code   RO        10011    .text               mc_w.l(llsshr.o)
    0x080008a6   0x080008a6   0x00000070   Code   RO        10020    .text               mc_w.l(strtol.o)
    0x08000916   0x08000916   0x00000000   Code   RO        10022    .text               mc_w.l(iusefp.o)
    0x08000916   0x08000916   0x0000006e   Code   RO        10023    .text               mf_w.l(fepilogue.o)
    0x08000984   0x08000984   0x000000ba   Code   RO        10025    .text               mf_w.l(depilogue.o)
    0x08000a3e   0x08000a3e   0x00000002   PAD
    0x08000a40   0x08000a40   0x00000024   Code   RO        10031    .text               mc_w.l(init.o)
    0x08000a64   0x08000a64   0x00000008   Code   RO        10033    .text               mc_w.l(ctype_o.o)
    0x08000a6c   0x08000a6c   0x0000009e   Code   RO        10061    .text               mc_w.l(_strtoul.o)
    0x08000b0a   0x08000b0a   0x0000001c   Code   RO        10063    .text               mc_w.l(_chval.o)
    0x08000b26   0x08000b26   0x00000056   Code   RO        10073    .text               mc_w.l(__dczerorl2.o)
    0x08000b7c   0x08000b7c   0x00000098   Code   RO         3181    CODE                os_cpu_a.o
    0x08000c14   0x08000c14   0x00000016   Code   RO         1683    i.ADC_Ctrl          at32f4xx_adc.o
    0x08000c2a   0x08000c2a   0x00000016   Code   RO         1684    i.ADC_DMACtrl       at32f4xx_adc.o
    0x08000c40   0x08000c40   0x00000014   Code   RO         1690    i.ADC_GetCalibrationStatus  at32f4xx_adc.o
    0x08000c54   0x08000c54   0x00000014   Code   RO         1696    i.ADC_GetResetCalibrationStatus  at32f4xx_adc.o
    0x08000c68   0x08000c68   0x00000050   Code   RO         1700    i.ADC_Init          at32f4xx_adc.o
    0x08000cb8   0x08000cb8   0x000000b8   Code   RO         1704    i.ADC_RegularChannelConfig  at32f4xx_adc.o
    0x08000d70   0x08000d70   0x0000000a   Code   RO         1706    i.ADC_RstCalibration  at32f4xx_adc.o
    0x08000d7a   0x08000d7a   0x00000016   Code   RO         1708    i.ADC_SoftwareStartConvCtrl  at32f4xx_adc.o
    0x08000d90   0x08000d90   0x0000000a   Code   RO         1710    i.ADC_StartCalibration  at32f4xx_adc.o
    0x08000d9a   0x08000d9a   0x00000012   Code   RO         1711    i.ADC_StructInit    at32f4xx_adc.o
    0x08000dac   0x08000dac   0x0000028c   Code   RO         9046    i.APPTransactionrecord  dwin_com_pro.o
    0x08001038   0x08001038   0x00000038   Code   RO         9047    i.APP_ClearRecodeInfo  dwin_com_pro.o
    0x08001070   0x08001070   0x000000a6   Code   RO         9048    i.APP_DisplayRecvDataAnalyze  dwin_com_pro.o
    0x08001116   0x08001116   0x00000002   PAD
    0x08001118   0x08001118   0x00000014   Code   RO         7531    i.APP_GetAppRegisterState  modulea7680c.o
    0x0800112c   0x0800112c   0x0000000c   Code   RO         6968    i.APP_GetBatchNum   4gmain.o
    0x08001138   0x08001138   0x00000020   Code   RO         9049    i.APP_GetBillInfo   dwin_com_pro.o
    0x08001158   0x08001158   0x0000000c   Code   RO         7532    i.APP_GetCSQNum     modulea7680c.o
    0x08001164   0x08001164   0x00000020   Code   RO         7278    i.APP_GetHYBatchNum  hyframe.o
    0x08001184   0x08001184   0x00000014   Code   RO         7280    i.APP_GetHYStartType  hyframe.o
    0x08001198   0x08001198   0x00000014   Code   RO         7533    i.APP_GetModuleConnectState  modulea7680c.o
    0x080011ac   0x080011ac   0x0000001c   Code   RO         6971    i.APP_GetResendBillState  4gmain.o
    0x080011c8   0x080011c8   0x0000000c   Code   RO         7534    i.APP_GetSIM7600Mode  modulea7680c.o
    0x080011d4   0x080011d4   0x0000000c   Code   RO         7535    i.APP_GetSIM7600Status  modulea7680c.o
    0x080011e0   0x080011e0   0x00000024   Code   RO         7187    i.APP_RecvDataControl  4grecv.o
    0x08001204   0x08001204   0x00000108   Code   RO         9054    i.APP_SelectCurChargeRecode  dwin_com_pro.o
    0x0800130c   0x0800130c   0x000000f4   Code   RO         9055    i.APP_SelectNextNChargeRecode  dwin_com_pro.o
    0x08001400   0x08001400   0x00000134   Code   RO         9056    i.APP_SelectUpNChargeRecode  dwin_com_pro.o
    0x08001534   0x08001534   0x00000018   Code   RO         7536    i.APP_SetAppRegisterState  modulea7680c.o
    0x0800154c   0x0800154c   0x00000028   Code   RO         7281    i.APP_SetHYResetStartType  hyframe.o
    0x08001574   0x08001574   0x00000018   Code   RO         7282    i.APP_SetHYStartType  hyframe.o
    0x0800158c   0x0800158c   0x0000003c   Code   RO         7537    i.APP_SetNetNotConect  modulea7680c.o
    0x080015c8   0x080015c8   0x00000028   Code   RO         6973    i.APP_SetResendBillState  4gmain.o
    0x080015f0   0x080015f0   0x00000008   Code   RO         6974    i.APP_SetResetStartType  4gmain.o
    0x080015f8   0x080015f8   0x00000010   Code   RO         7538    i.APP_SetSIM7600Mode  modulea7680c.o
    0x08001608   0x08001608   0x0000001c   Code   RO         6975    i.APP_SetStartNetState  4gmain.o
    0x08001624   0x08001624   0x00000060   Code   RO         8494    i.Ad_entry          dispkey.o
    0x08001684   0x08001684   0x00000034   Code   RO         9058    i.Amount_charging   dwin_com_pro.o
    0x080016b8   0x080016b8   0x000001c0   Code   RO         6977    i.AppTask4GMain     4gmain.o
    0x08001878   0x08001878   0x000002cc   Code   RO         7188    i.AppTask4GRecv     4grecv.o
    0x08001b44   0x08001b44   0x00000314   Code   RO         7225    i.AppTask4GSend     4gsend.o
    0x08001e58   0x08001e58   0x000001e8   Code   RO         7937    i.AppTaskCard       read_nuid.o
    0x08002040   0x08002040   0x00000064   Code   RO         6715    i.AppTaskCharge     chtask.o
    0x080020a4   0x080020a4   0x000001fc   Code   RO            4    i.AppTaskCreate     main.o
    0x080022a0   0x080022a0   0x00000388   Code   RO         9059    i.AppTaskDwin       dwin_com_pro.o
    0x08002628   0x08002628   0x0000038c   Code   RO            5    i.AppTaskStart      main.o
    0x080029b4   0x080029b4   0x000004ec   Code   RO         9630    i.AppTaskdlt645     dlt645_port.o
    0x08002ea0   0x08002ea0   0x0000002c   Code   RO         9060    i.Auto_charging     dwin_com_pro.o
    0x08002ecc   0x08002ecc   0x0000001e   Code   RO         9408    i.BCDtoHEX          dwinprotocol.o
    0x08002eea   0x08002eea   0x00000010   Code   RO         4913    i.BSP_CPU_ClkFreq   bsp.o
    0x08002efa   0x08002efa   0x0000000c   Code   RO         4914    i.BSP_Init          bsp.o
    0x08002f06   0x08002f06   0x00000054   Code   RO         6827    i.BubbleSort        cp.o
    0x08002f5a   0x08002f5a   0x00000004   Code   RO          300    i.BusFault_Handler  at32f4xx_it.o
    0x08002f5e   0x08002f5e   0x0000000c   Code   RO         4792    i.CPU_Init          cpu_core.o
    0x08002f6a   0x08002f6a   0x00000002   PAD
    0x08002f6c   0x08002f6c   0x00000030   Code   RO         4793    i.CPU_NameClr       cpu_core.o
    0x08002f9c   0x08002f9c   0x00000008   Code   RO         4795    i.CPU_NameInit      cpu_core.o
    0x08002fa4   0x08002fa4   0x00000014   Code   RO         4799    i.CPU_TS_Init       cpu_core.o
    0x08002fb8   0x08002fb8   0x0000000c   Code   RO         4801    i.CPU_TS_TmrFreqSet  cpu_core.o
    0x08002fc4   0x08002fc4   0x00000034   Code   RO         4916    i.CPU_TS_TmrInit    bsp.o
    0x08002ff8   0x08002ff8   0x0000000c   Code   RO         4917    i.CPU_TS_TmrRd      bsp.o
    0x08003004   0x08003004   0x00000034   Code   RO         7283    i.Char2Hex          hyframe.o
    0x08003038   0x08003038   0x0000004c   Code   RO         7938    i.Clear_flag        read_nuid.o
    0x08003084   0x08003084   0x0000001c   Code   RO         9061    i.Clear_record      dwin_com_pro.o
    0x080030a0   0x080030a0   0x00000044   Code   RO         9062    i.Company_code      dwin_com_pro.o
    0x080030e4   0x080030e4   0x000000a0   Code   RO         6978    i.Connect_4G        4gmain.o
    0x08003184   0x08003184   0x00000024   Code   RO         6269    i.DATAHEXtoBCD      ertc.o
    0x080031a8   0x080031a8   0x00000018   Code   RO         1911    i.DMA_ChannelEnable  at32f4xx_dma.o
    0x080031c0   0x080031c0   0x0000001a   Code   RO         1914    i.DMA_DefaultInitParaConfig  at32f4xx_dma.o
    0x080031da   0x080031da   0x0000003c   Code   RO         1920    i.DMA_Init          at32f4xx_dma.o
    0x08003216   0x08003216   0x00000002   PAD
    0x08003218   0x08003218   0x0000014c   Code   RO         1921    i.DMA_Reset         at32f4xx_dma.o
    0x08003364   0x08003364   0x00000018   Code   RO         8495    i.DealWithKey       dispkey.o
    0x0800337c   0x0800337c   0x00000050   Code   RO         9063    i.DealWithVari      dwin_com_pro.o
    0x080033cc   0x080033cc   0x00000002   Code   RO          301    i.DebugMon_Handler  at32f4xx_it.o
    0x080033ce   0x080033ce   0x0000001a   Code   RO         8278    i.DelayMS           spi_flash.o
    0x080033e8   0x080033e8   0x00000088   Code   RO         9064    i.Dis_SYSShowTime   dwin_com_pro.o
    0x08003470   0x08003470   0x00000060   Code   RO         9015    i.Dis_ShowCopy      dispshowstatus.o
    0x080034d0   0x080034d0   0x00000060   Code   RO         9016    i.Dis_ShowStatus    dispshowstatus.o
    0x08003530   0x08003530   0x00000090   Code   RO         9065    i.Dis_ShowTime      dwin_com_pro.o
    0x080035c0   0x080035c0   0x00000060   Code   RO         9017    i.Dis_Showstop_reason  dispshowstatus.o
    0x08003620   0x08003620   0x00000194   Code   RO         9066    i.DispShow_NetState  dwin_com_pro.o
    0x080037b4   0x080037b4   0x000001c4   Code   RO         9067    i.DispShow_Recode   dwin_com_pro.o
    0x08003978   0x08003978   0x00000028   Code   RO         9068    i.Disp_ShowRTC      dwin_com_pro.o
    0x080039a0   0x080039a0   0x00000028   Code   RO         9069    i.Disp_Showsettime  dwin_com_pro.o
    0x080039c8   0x080039c8   0x00000048   Code   RO         8757    i.DisplayCommonMenu  dispkeyfunction.o
    0x08003a10   0x08003a10   0x00000050   Code   RO         9411    i.DisplayQRCode     dwinprotocol.o
    0x08003a60   0x08003a60   0x0000000c   Code   RO         9412    i.Dwin_FrameHead    dwinprotocol.o
    0x08003a6c   0x08003a6c   0x00000016   Code   RO         2004    i.ERTC_Bcd2ToByte   at32f4xx_ertc.o
    0x08003a82   0x08003a82   0x0000001c   Code   RO         2006    i.ERTC_ByteToBcd2   at32f4xx_ertc.o
    0x08003a9e   0x08003a9e   0x00000002   PAD
    0x08003aa0   0x08003aa0   0x000000a0   Code   RO         6270    i.ERTC_Config       ertc.o
    0x08003b40   0x08003b40   0x00000050   Code   RO         2015    i.ERTC_EnterInitMode  at32f4xx_ertc.o
    0x08003b90   0x08003b90   0x00000014   Code   RO         2016    i.ERTC_ExitInitMode  at32f4xx_ertc.o
    0x08003ba4   0x08003ba4   0x00000060   Code   RO         2019    i.ERTC_GetDateValue  at32f4xx_ertc.o
    0x08003c04   0x08003c04   0x00000064   Code   RO         2026    i.ERTC_GetTimeValue  at32f4xx_ertc.o
    0x08003c68   0x08003c68   0x00000064   Code   RO         2028    i.ERTC_INTConfig    at32f4xx_ertc.o
    0x08003ccc   0x08003ccc   0x00000064   Code   RO         2029    i.ERTC_Init         at32f4xx_ertc.o
    0x08003d30   0x08003d30   0x00000020   Code   RO         2032    i.ERTC_ReadBackupRegister  at32f4xx_ertc.o
    0x08003d50   0x08003d50   0x000000c8   Code   RO         2036    i.ERTC_SetDateValue  at32f4xx_ertc.o
    0x08003e18   0x08003e18   0x000000d0   Code   RO         2037    i.ERTC_SetTimeValue  at32f4xx_ertc.o
    0x08003ee8   0x08003ee8   0x00000048   Code   RO         6271    i.ERTC_TimeRegulate  ertc.o
    0x08003f30   0x08003f30   0x0000001c   Code   RO         6272    i.ERTC_TimeShow     ertc.o
    0x08003f4c   0x08003f4c   0x00000046   Code   RO         6273    i.ERTC_TimeStampConfig  ertc.o
    0x08003f92   0x08003f92   0x00000002   PAD
    0x08003f94   0x08003f94   0x00000060   Code   RO         2053    i.ERTC_WaitForSynchro  at32f4xx_ertc.o
    0x08003ff4   0x08003ff4   0x0000001c   Code   RO         2056    i.ERTC_WriteBackupRegister  at32f4xx_ertc.o
    0x08004010   0x08004010   0x00000094   Code   RO         6353    i.EXTI_Init         at32f4xx_exti.o
    0x080040a4   0x080040a4   0x00000034   Code   RO         9070    i.Electric_charing  dwin_com_pro.o
    0x080040d8   0x080040d8   0x00000168   Code   RO         8281    i.FLASH_Init        spi_flash.o
    0x08004240   0x08004240   0x00000024   Code   RO         6227    i.GPIO_Configuration  adc.o
    0x08004264   0x08004264   0x00000116   Code   RO          463    i.GPIO_Init         at32f4xx_gpio.o
    0x0800437a   0x0800437a   0x00000002   PAD
    0x0800437c   0x0800437c   0x000003f4   Code   RO          465    i.GPIO_PinsRemapConfig  at32f4xx_gpio.o
    0x08004770   0x08004770   0x00000012   Code   RO          467    i.GPIO_ReadInputDataBit  at32f4xx_gpio.o
    0x08004782   0x08004782   0x00000004   Code   RO          471    i.GPIO_ResetBits    at32f4xx_gpio.o
    0x08004786   0x08004786   0x00000004   Code   RO          472    i.GPIO_SetBits      at32f4xx_gpio.o
    0x0800478a   0x0800478a   0x00000010   Code   RO          473    i.GPIO_StructInit   at32f4xx_gpio.o
    0x0800479a   0x0800479a   0x00000002   PAD
    0x0800479c   0x0800479c   0x0000000c   Code   RO         8758    i.GetCurMenu        dispkeyfunction.o
    0x080047a8   0x080047a8   0x00000024   Code   RO         9413    i.HEXtoBCD          dwinprotocol.o
    0x080047cc   0x080047cc   0x00000060   Code   RO         6716    i.HLW8112DataDispose  chtask.o
    0x0800482c   0x0800482c   0x000000bc   Code   RO         6717    i.HLW8112_Dispose   chtask.o
    0x080048e8   0x080048e8   0x00000110   Code   RO         5952    i.HLW8112_Measure   hlw8112-spi.o
    0x080049f8   0x080049f8   0x00000048   Code   RO         5953    i.HLW8112_SPI_ReadByte  hlw8112-spi.o
    0x08004a40   0x08004a40   0x0000000c   Code   RO         5954    i.HLW8112_SPI_ReadReg  hlw8112-spi.o
    0x08004a4c   0x08004a4c   0x00000050   Code   RO         5955    i.HLW8112_SPI_WriteByte  hlw8112-spi.o
    0x08004a9c   0x08004a9c   0x00000010   Code   RO         5956    i.HLW8112_SPI_WriteReg  hlw8112-spi.o
    0x08004aac   0x08004aac   0x00000034   Code   RO         5957    i.HLW8112_WriteREG_DIS  hlw8112-spi.o
    0x08004ae0   0x08004ae0   0x00000034   Code   RO         5958    i.HLW8112_WriteREG_EN  hlw8112-spi.o
    0x08004b14   0x08004b14   0x00000002   Code   RO         8759    i.HYDisplayMenu1    dispkeyfunction.o
    0x08004b16   0x08004b16   0x00000002   Code   RO         8760    i.HYDisplayMenu10   dispkeyfunction.o
    0x08004b18   0x08004b18   0x00000002   Code   RO         8761    i.HYDisplayMenu11   dispkeyfunction.o
    0x08004b1a   0x08004b1a   0x00000002   Code   RO         8762    i.HYDisplayMenu12   dispkeyfunction.o
    0x08004b1c   0x08004b1c   0x00000002   Code   RO         8763    i.HYDisplayMenu13   dispkeyfunction.o
    0x08004b1e   0x08004b1e   0x00000002   Code   RO         8764    i.HYDisplayMenu14   dispkeyfunction.o
    0x08004b20   0x08004b20   0x00000002   Code   RO         8765    i.HYDisplayMenu15   dispkeyfunction.o
    0x08004b22   0x08004b22   0x00000002   Code   RO         8766    i.HYDisplayMenu16   dispkeyfunction.o
    0x08004b24   0x08004b24   0x00000002   Code   RO         8767    i.HYDisplayMenu17   dispkeyfunction.o
    0x08004b26   0x08004b26   0x00000002   Code   RO         8768    i.HYDisplayMenu18   dispkeyfunction.o
    0x08004b28   0x08004b28   0x00000002   Code   RO         8769    i.HYDisplayMenu19   dispkeyfunction.o
    0x08004b2a   0x08004b2a   0x00000002   Code   RO         8770    i.HYDisplayMenu2    dispkeyfunction.o
    0x08004b2c   0x08004b2c   0x00000002   Code   RO         8771    i.HYDisplayMenu20   dispkeyfunction.o
    0x08004b2e   0x08004b2e   0x00000002   Code   RO         8772    i.HYDisplayMenu21   dispkeyfunction.o
    0x08004b30   0x08004b30   0x00000002   Code   RO         8773    i.HYDisplayMenu22   dispkeyfunction.o
    0x08004b32   0x08004b32   0x00000002   Code   RO         8774    i.HYDisplayMenu23   dispkeyfunction.o
    0x08004b34   0x08004b34   0x00000002   Code   RO         8775    i.HYDisplayMenu24   dispkeyfunction.o
    0x08004b36   0x08004b36   0x00000002   Code   RO         8776    i.HYDisplayMenu25   dispkeyfunction.o
    0x08004b38   0x08004b38   0x00000002   Code   RO         8777    i.HYDisplayMenu26   dispkeyfunction.o
    0x08004b3a   0x08004b3a   0x00000002   Code   RO         8778    i.HYDisplayMenu27   dispkeyfunction.o
    0x08004b3c   0x08004b3c   0x00000002   Code   RO         8779    i.HYDisplayMenu28   dispkeyfunction.o
    0x08004b3e   0x08004b3e   0x00000002   Code   RO         8780    i.HYDisplayMenu3    dispkeyfunction.o
    0x08004b40   0x08004b40   0x00000002   Code   RO         8781    i.HYDisplayMenu30   dispkeyfunction.o
    0x08004b42   0x08004b42   0x00000002   Code   RO         8782    i.HYDisplayMenu31   dispkeyfunction.o
    0x08004b44   0x08004b44   0x00000002   Code   RO         8783    i.HYDisplayMenu32   dispkeyfunction.o
    0x08004b46   0x08004b46   0x00000002   Code   RO         8784    i.HYDisplayMenu33   dispkeyfunction.o
    0x08004b48   0x08004b48   0x00000002   Code   RO         8785    i.HYDisplayMenu34   dispkeyfunction.o
    0x08004b4a   0x08004b4a   0x00000002   Code   RO         8786    i.HYDisplayMenu35   dispkeyfunction.o
    0x08004b4c   0x08004b4c   0x00000002   Code   RO         8787    i.HYDisplayMenu36   dispkeyfunction.o
    0x08004b4e   0x08004b4e   0x00000002   Code   RO         8788    i.HYDisplayMenu37   dispkeyfunction.o
    0x08004b50   0x08004b50   0x00000002   Code   RO         8789    i.HYDisplayMenu38   dispkeyfunction.o
    0x08004b52   0x08004b52   0x00000002   Code   RO         8790    i.HYDisplayMenu4    dispkeyfunction.o
    0x08004b54   0x08004b54   0x00000002   Code   RO         8791    i.HYDisplayMenu5    dispkeyfunction.o
    0x08004b56   0x08004b56   0x00000002   Code   RO         8792    i.HYDisplayMenu6    dispkeyfunction.o
    0x08004b58   0x08004b58   0x00000002   Code   RO         8793    i.HYDisplayMenu7    dispkeyfunction.o
    0x08004b5a   0x08004b5a   0x00000002   Code   RO         8794    i.HYDisplayMenu8    dispkeyfunction.o
    0x08004b5c   0x08004b5c   0x00000002   Code   RO         8795    i.HYDisplayMenu9    dispkeyfunction.o
    0x08004b5e   0x08004b5e   0x00000002   PAD
    0x08004b60   0x08004b60   0x000000bc   Code   RO         7284    i.HYFreamSend       hyframe.o
    0x08004c1c   0x08004c1c   0x00000088   Code   RO         8496    i.HYKeyEvent1       dispkey.o
    0x08004ca4   0x08004ca4   0x0000002c   Code   RO         8497    i.HYKeyEvent10      dispkey.o
    0x08004cd0   0x08004cd0   0x0000002c   Code   RO         8498    i.HYKeyEvent11      dispkey.o
    0x08004cfc   0x08004cfc   0x0000002c   Code   RO         8499    i.HYKeyEvent12      dispkey.o
    0x08004d28   0x08004d28   0x000000c0   Code   RO         8500    i.HYKeyEvent13      dispkey.o
    0x08004de8   0x08004de8   0x000000b8   Code   RO         8501    i.HYKeyEvent14      dispkey.o
    0x08004ea0   0x08004ea0   0x00000030   Code   RO         8502    i.HYKeyEvent15      dispkey.o
    0x08004ed0   0x08004ed0   0x000000b4   Code   RO         8503    i.HYKeyEvent16      dispkey.o
    0x08004f84   0x08004f84   0x00000080   Code   RO         8504    i.HYKeyEvent17      dispkey.o
    0x08005004   0x08005004   0x00000080   Code   RO         8505    i.HYKeyEvent18      dispkey.o
    0x08005084   0x08005084   0x00000080   Code   RO         8506    i.HYKeyEvent19      dispkey.o
    0x08005104   0x08005104   0x00000030   Code   RO         8507    i.HYKeyEvent2       dispkey.o
    0x08005134   0x08005134   0x00000080   Code   RO         8508    i.HYKeyEvent20      dispkey.o
    0x080051b4   0x080051b4   0x00000020   Code   RO         8509    i.HYKeyEvent21      dispkey.o
    0x080051d4   0x080051d4   0x0000003c   Code   RO         8510    i.HYKeyEvent22      dispkey.o
    0x08005210   0x08005210   0x00000020   Code   RO         8511    i.HYKeyEvent23      dispkey.o
    0x08005230   0x08005230   0x00000020   Code   RO         8512    i.HYKeyEvent24      dispkey.o
    0x08005250   0x08005250   0x00000044   Code   RO         8513    i.HYKeyEvent25      dispkey.o
    0x08005294   0x08005294   0x00000018   Code   RO         8514    i.HYKeyEvent26      dispkey.o
    0x080052ac   0x080052ac   0x00000038   Code   RO         8515    i.HYKeyEvent27      dispkey.o
    0x080052e4   0x080052e4   0x0000002c   Code   RO         8516    i.HYKeyEvent28      dispkey.o
    0x08005310   0x08005310   0x00000040   Code   RO         8517    i.HYKeyEvent3       dispkey.o
    0x08005350   0x08005350   0x00000048   Code   RO         8518    i.HYKeyEvent30      dispkey.o
    0x08005398   0x08005398   0x00000038   Code   RO         8519    i.HYKeyEvent31      dispkey.o
    0x080053d0   0x080053d0   0x00000028   Code   RO         8520    i.HYKeyEvent32      dispkey.o
    0x080053f8   0x080053f8   0x00000028   Code   RO         8521    i.HYKeyEvent33      dispkey.o
    0x08005420   0x08005420   0x00000028   Code   RO         8522    i.HYKeyEvent34      dispkey.o
    0x08005448   0x08005448   0x00000028   Code   RO         8523    i.HYKeyEvent35      dispkey.o
    0x08005470   0x08005470   0x00000028   Code   RO         8524    i.HYKeyEvent36      dispkey.o
    0x08005498   0x08005498   0x00000028   Code   RO         8525    i.HYKeyEvent37      dispkey.o
    0x080054c0   0x080054c0   0x00000028   Code   RO         8526    i.HYKeyEvent38      dispkey.o
    0x080054e8   0x080054e8   0x00000002   Code   RO         8527    i.HYKeyEvent4       dispkey.o
    0x080054ea   0x080054ea   0x00000002   PAD
    0x080054ec   0x080054ec   0x00000020   Code   RO         8528    i.HYKeyEvent5       dispkey.o
    0x0800550c   0x0800550c   0x00000020   Code   RO         8529    i.HYKeyEvent6       dispkey.o
    0x0800552c   0x0800552c   0x0000002c   Code   RO         8530    i.HYKeyEvent7       dispkey.o
    0x08005558   0x08005558   0x0000002c   Code   RO         8531    i.HYKeyEvent8       dispkey.o
    0x08005584   0x08005584   0x0000002c   Code   RO         8532    i.HYKeyEvent9       dispkey.o
    0x080055b0   0x080055b0   0x0000001c   Code   RO         7285    i.HY_Mesetelectricity  hyframe.o
    0x080055cc   0x080055cc   0x0000004c   Code   RO         7286    i.HY_RecvCardStart  hyframe.o
    0x08005618   0x08005618   0x00000006   Code   RO         7287    i.HY_RecvDevFailAck  hyframe.o
    0x0800561e   0x0800561e   0x00000032   Code   RO         7288    i.HY_RecvDevInfoAck  hyframe.o
    0x08005650   0x08005650   0x00000006   Code   RO         7289    i.HY_RecvDevStopAck  hyframe.o
    0x08005656   0x08005656   0x00000002   PAD
    0x08005658   0x08005658   0x000000cc   Code   RO         7290    i.HY_RecvFrameDispose  hyframe.o
    0x08005724   0x08005724   0x00000070   Code   RO         7291    i.HY_RecvHearAck    hyframe.o
    0x08005794   0x08005794   0x00000028   Code   RO         7292    i.HY_RecvQueryBill  hyframe.o
    0x080057bc   0x080057bc   0x0000001e   Code   RO         7293    i.HY_RecvQueryRate  hyframe.o
    0x080057da   0x080057da   0x00000002   PAD
    0x080057dc   0x080057dc   0x000001b0   Code   RO         7294    i.HY_RecvRateSet    hyframe.o
    0x0800598c   0x0800598c   0x00000048   Code   RO         7295    i.HY_RecvRecordAck  hyframe.o
    0x080059d4   0x080059d4   0x0000009c   Code   RO         7296    i.HY_RecvRegisterAck  hyframe.o
    0x08005a70   0x08005a70   0x0000005c   Code   RO         7297    i.HY_RecvReset      hyframe.o
    0x08005acc   0x08005acc   0x00000068   Code   RO         7298    i.HY_RecvStartCharge  hyframe.o
    0x08005b34   0x08005b34   0x00000042   Code   RO         7299    i.HY_RecvStopCharge  hyframe.o
    0x08005b76   0x08005b76   0x00000002   PAD
    0x08005b78   0x08005b78   0x000000dc   Code   RO         7300    i.HY_RecvUpdata     hyframe.o
    0x08005c54   0x08005c54   0x00000350   Code   RO         7301    i.HY_SendBill       hyframe.o
    0x08005fa4   0x08005fa4   0x00000068   Code   RO         7302    i.HY_SendBillData   hyframe.o
    0x0800600c   0x0800600c   0x0000017c   Code   RO         7303    i.HY_SendCardInfo   hyframe.o
    0x08006188   0x08006188   0x00000190   Code   RO         7304    i.HY_SendDevStateA  hyframe.o
    0x08006318   0x08006318   0x000000c0   Code   RO         7305    i.HY_SendFrameDispose  hyframe.o
    0x080063d8   0x080063d8   0x00000048   Code   RO         7306    i.HY_SendHear       hyframe.o
    0x08006420   0x08006420   0x00000050   Code   RO         7307    i.HY_SendQueryRateAck  hyframe.o
    0x08006470   0x08006470   0x00000018   Code   RO         7308    i.HY_SendRateAck    hyframe.o
    0x08006488   0x08006488   0x00000060   Code   RO         7309    i.HY_SendRegister   hyframe.o
    0x080064e8   0x080064e8   0x0000002c   Code   RO         7310    i.HY_SendResetAck   hyframe.o
    0x08006514   0x08006514   0x0000006c   Code   RO         7311    i.HY_SendStartAck   hyframe.o
    0x08006580   0x08006580   0x00000038   Code   RO         7312    i.HY_SendStopAck    hyframe.o
    0x080065b8   0x080065b8   0x00000040   Code   RO         7313    i.HY_SendUpdataAck  hyframe.o
    0x080065f8   0x080065f8   0x0000003c   Code   RO         7314    i.HY_adduseelectricity  hyframe.o
    0x08006634   0x08006634   0x00000070   Code   RO          302    i.HardFault_Handler  at32f4xx_it.o
    0x080066a4   0x080066a4   0x00000024   Code   RO            6    i.IWDG_Config       main.o
    0x080066c8   0x080066c8   0x00000010   Code   RO         3003    i.IWDG_Enable       at32f4xx_iwdg.o
    0x080066d8   0x080066d8   0x0000000c   Code   RO         3005    i.IWDG_KeyRegWrite  at32f4xx_iwdg.o
    0x080066e4   0x080066e4   0x00000010   Code   RO         3006    i.IWDG_ReloadCounter  at32f4xx_iwdg.o
    0x080066f4   0x080066f4   0x0000000c   Code   RO         3007    i.IWDG_SetPrescaler  at32f4xx_iwdg.o
    0x08006700   0x08006700   0x0000000c   Code   RO         3008    i.IWDG_SetReload    at32f4xx_iwdg.o
    0x0800670c   0x0800670c   0x000001fc   Code   RO         5959    i.Init_HLW8112      hlw8112-spi.o
    0x08006908   0x08006908   0x000002cc   Code   RO         5960    i.Judge_CheckSum_HLW8112_Calfactor  hlw8112-spi.o
    0x08006bd4   0x08006bd4   0x00000038   Code   RO            8    i.JumpToProgramCode  main.o
    0x08006c0c   0x08006c0c   0x00000010   Code   RO         9416    i.LCD_SendBufLenClear  dwinprotocol.o
    0x08006c1c   0x08006c1c   0x0000002c   Code   RO         9417    i.LCD_SendByteToBuf  dwinprotocol.o
    0x08006c48   0x08006c48   0x00000018   Code   RO         9418    i.LCD_SendFourBytes  dwinprotocol.o
    0x08006c60   0x08006c60   0x0000002c   Code   RO         9419    i.LCD_SendToUart    dwinprotocol.o
    0x08006c8c   0x08006c8c   0x00000012   Code   RO         9420    i.LCD_SendTwoBytes  dwinprotocol.o
    0x08006c9e   0x08006c9e   0x00000002   PAD
    0x08006ca0   0x08006ca0   0x00000198   Code   RO         5914    i.Mcu_Io_Init       device.o
    0x08006e38   0x08006e38   0x00000004   Code   RO          303    i.MemManage_Handler  at32f4xx_it.o
    0x08006e3c   0x08006e3c   0x00000012   Code   RO         3407    i.Mem_Clr           lib_mem.o
    0x08006e4e   0x08006e4e   0x00000054   Code   RO         3423    i.Mem_Set           lib_mem.o
    0x08006ea2   0x08006ea2   0x00000002   PAD
    0x08006ea4   0x08006ea4   0x00000114   Code   RO         7539    i.ModuleSIM7600_ConnectServer  modulea7680c.o
    0x08006fb8   0x08006fb8   0x0000014c   Code   RO         7541    i.ModuleSIM7600_SendData  modulea7680c.o
    0x08007104   0x08007104   0x000000a4   Code   RO         7542    i.Module_ConnectServer  modulea7680c.o
    0x080071a8   0x080071a8   0x00000334   Code   RO         7543    i.Module_HTTPDownload  modulea7680c.o
    0x080074dc   0x080074dc   0x0000026c   Code   RO         7544    i.Module_SIM7600Test  modulea7680c.o
    0x08007748   0x08007748   0x00000088   Code   RO         9071    i.Munu12_CodeDispose  dwin_com_pro.o
    0x080077d0   0x080077d0   0x00000080   Code   RO         9072    i.Munu13_DevnumDispose  dwin_com_pro.o
    0x08007850   0x08007850   0x0000005c   Code   RO         9073    i.Munu13_IP1Sert    dwin_com_pro.o
    0x080078ac   0x080078ac   0x00000060   Code   RO         9074    i.Munu13_IP2Sert    dwin_com_pro.o
    0x0800790c   0x0800790c   0x00000060   Code   RO         9075    i.Munu13_IP3Sert    dwin_com_pro.o
    0x0800796c   0x0800796c   0x00000060   Code   RO         9076    i.Munu13_IP4Sert    dwin_com_pro.o
    0x080079cc   0x080079cc   0x00000044   Code   RO         9077    i.Munu13_PortSert   dwin_com_pro.o
    0x08007a10   0x08007a10   0x000001d0   Code   RO         9078    i.Munu13_ShowSysInfo  dwin_com_pro.o
    0x08007be0   0x08007be0   0x00000850   Code   RO         9079    i.Munu27_ShowSysInfo  dwin_com_pro.o
    0x08008430   0x08008430   0x00000002   Code   RO          304    i.NMI_Handler       at32f4xx_it.o
    0x08008432   0x08008432   0x00000002   PAD
    0x08008434   0x08008434   0x00000070   Code   RO         1017    i.NVIC_Init         misc.o
    0x080084a4   0x080084a4   0x00000014   Code   RO         1018    i.NVIC_PriorityGroupConfig  misc.o
    0x080084b8   0x080084b8   0x00000002   Code   RO         3676    i.OSCfg_Init        os_cfg_app.o
    0x080084ba   0x080084ba   0x00000002   PAD
    0x080084bc   0x080084bc   0x00000014   Code   RO         3184    i.OSIdleTaskHook    os_cpu_c.o
    0x080084d0   0x080084d0   0x00000164   Code   RO         3699    i.OSInit            os_core.o
    0x08008634   0x08008634   0x00000028   Code   RO         3185    i.OSInitHook        os_cpu_c.o
    0x0800865c   0x0800865c   0x0000002c   Code   RO         3700    i.OSIntEnter        os_core.o
    0x08008688   0x08008688   0x000000dc   Code   RO         3701    i.OSIntExit         os_core.o
    0x08008764   0x08008764   0x00000088   Code   RO         4092    i.OSMutexCreate     os_mutex.o
    0x080087ec   0x080087ec   0x00000250   Code   RO         4094    i.OSMutexPend       os_mutex.o
    0x08008a3c   0x08008a3c   0x00000174   Code   RO         4096    i.OSMutexPost       os_mutex.o
    0x08008bb0   0x08008bb0   0x00000090   Code   RO         4195    i.OSQCreate         os_q.o
    0x08008c40   0x08008c40   0x000001d0   Code   RO         4198    i.OSQPend           os_q.o
    0x08008e10   0x08008e10   0x00000094   Code   RO         4200    i.OSQPost           os_q.o
    0x08008ea4   0x08008ea4   0x000000a0   Code   RO         3702    i.OSSched           os_core.o
    0x08008f44   0x08008f44   0x00000074   Code   RO         3703    i.OSSchedLock       os_core.o
    0x08008fb8   0x08008fb8   0x00000094   Code   RO         3704    i.OSSchedUnlock     os_core.o
    0x0800904c   0x0800904c   0x00000068   Code   RO         3705    i.OSStart           os_core.o
    0x080090b4   0x080090b4   0x00000128   Code   RO         4339    i.OSStatReset       os_stat.o
    0x080091dc   0x080091dc   0x000000f0   Code   RO         4340    i.OSStatTaskCPUUsageInit  os_stat.o
    0x080092cc   0x080092cc   0x00000014   Code   RO         3186    i.OSStatTaskHook    os_cpu_c.o
    0x080092e0   0x080092e0   0x0000019c   Code   RO         4370    i.OSTaskCreate      os_task.o
    0x0800947c   0x0800947c   0x00000018   Code   RO         3187    i.OSTaskCreateHook  os_cpu_c.o
    0x08009494   0x08009494   0x00000128   Code   RO         4371    i.OSTaskDel         os_task.o
    0x080095bc   0x080095bc   0x00000018   Code   RO         3188    i.OSTaskDelHook     os_cpu_c.o
    0x080095d4   0x080095d4   0x00000068   Code   RO         4379    i.OSTaskResume      os_task.o
    0x0800963c   0x0800963c   0x00000018   Code   RO         3189    i.OSTaskReturnHook  os_cpu_c.o
    0x08009654   0x08009654   0x000001dc   Code   RO         4380    i.OSTaskSemPend     os_task.o
    0x08009830   0x08009830   0x0000003e   Code   RO         4382    i.OSTaskSemPost     os_task.o
    0x0800986e   0x0800986e   0x00000002   PAD
    0x08009870   0x08009870   0x000000d4   Code   RO         4384    i.OSTaskStkChk      os_task.o
    0x08009944   0x08009944   0x000000c4   Code   RO         3190    i.OSTaskStkInit     os_cpu_c.o
    0x08009a08   0x08009a08   0x00000038   Code   RO         4385    i.OSTaskSuspend     os_task.o
    0x08009a40   0x08009a40   0x00000088   Code   RO         3191    i.OSTaskSwHook      os_cpu_c.o
    0x08009ac8   0x08009ac8   0x000000b8   Code   RO         4583    i.OSTimeDly         os_time.o
    0x08009b80   0x08009b80   0x00000034   Code   RO         4586    i.OSTimeGet         os_time.o
    0x08009bb4   0x08009bb4   0x00000044   Code   RO         4588    i.OSTimeTick        os_time.o
    0x08009bf8   0x08009bf8   0x00000014   Code   RO         3192    i.OSTimeTickHook    os_cpu_c.o
    0x08009c0c   0x08009c0c   0x00000030   Code   RO         3193    i.OS_CPU_SysTickInit  os_cpu_c.o
    0x08009c3c   0x08009c3c   0x000001a8   Code   RO         3915    i.OS_Dbg_Init       os_dbg.o
    0x08009de4   0x08009de4   0x00000018   Code   RO         3940    i.OS_FlagInit       os_flag.o
    0x08009dfc   0x08009dfc   0x00000044   Code   RO         3707    i.OS_IdleTask       os_core.o
    0x08009e40   0x08009e40   0x00000070   Code   RO         3708    i.OS_IdleTaskInit   os_core.o
    0x08009eb0   0x08009eb0   0x00000018   Code   RO         4024    i.OS_MemInit        os_mem.o
    0x08009ec8   0x08009ec8   0x0000007c   Code   RO         4056    i.OS_MsgPoolInit    os_msg.o
    0x08009f44   0x08009f44   0x00000044   Code   RO         4057    i.OS_MsgQFreeAll    os_msg.o
    0x08009f88   0x08009f88   0x00000068   Code   RO         4058    i.OS_MsgQGet        os_msg.o
    0x08009ff0   0x08009ff0   0x0000000e   Code   RO         4059    i.OS_MsgQInit       os_msg.o
    0x08009ffe   0x08009ffe   0x00000002   PAD
    0x0800a000   0x0800a000   0x00000104   Code   RO         4060    i.OS_MsgQPut        os_msg.o
    0x0800a104   0x0800a104   0x00000030   Code   RO         4098    i.OS_MutexDbgListAdd  os_mutex.o
    0x0800a134   0x0800a134   0x00000018   Code   RO         4100    i.OS_MutexInit      os_mutex.o
    0x0800a14c   0x0800a14c   0x00000068   Code   RO         3709    i.OS_Pend           os_core.o
    0x0800a1b4   0x0800a1b4   0x00000026   Code   RO         3712    i.OS_PendDataInit   os_core.o
    0x0800a1da   0x0800a1da   0x00000002   PAD
    0x0800a1dc   0x0800a1dc   0x0000005c   Code   RO         3713    i.OS_PendDbgNameAdd  os_core.o
    0x0800a238   0x0800a238   0x00000024   Code   RO         3714    i.OS_PendDbgNameRemove  os_core.o
    0x0800a25c   0x0800a25c   0x00000046   Code   RO         3715    i.OS_PendListChangePrio  os_core.o
    0x0800a2a2   0x0800a2a2   0x0000000a   Code   RO         3716    i.OS_PendListInit   os_core.o
    0x0800a2ac   0x0800a2ac   0x00000066   Code   RO         3718    i.OS_PendListInsertPrio  os_core.o
    0x0800a312   0x0800a312   0x00000030   Code   RO         3719    i.OS_PendListRemove  os_core.o
    0x0800a342   0x0800a342   0x00000042   Code   RO         3720    i.OS_PendListRemove1  os_core.o
    0x0800a384   0x0800a384   0x000000d6   Code   RO         3723    i.OS_Post           os_core.o
    0x0800a45a   0x0800a45a   0x0000002a   Code   RO         3724    i.OS_Post1          os_core.o
    0x0800a484   0x0800a484   0x00000028   Code   RO         4158    i.OS_PrioGetHighest  os_prio.o
    0x0800a4ac   0x0800a4ac   0x00000018   Code   RO         4159    i.OS_PrioInit       os_prio.o
    0x0800a4c4   0x0800a4c4   0x00000024   Code   RO         4160    i.OS_PrioInsert     os_prio.o
    0x0800a4e8   0x0800a4e8   0x00000024   Code   RO         4161    i.OS_PrioRemove     os_prio.o
    0x0800a50c   0x0800a50c   0x00000030   Code   RO         4202    i.OS_QDbgListAdd    os_q.o
    0x0800a53c   0x0800a53c   0x00000018   Code   RO         4204    i.OS_QInit          os_q.o
    0x0800a554   0x0800a554   0x000000be   Code   RO         4205    i.OS_QPost          os_q.o
    0x0800a612   0x0800a612   0x00000002   PAD
    0x0800a614   0x0800a614   0x00000024   Code   RO         3725    i.OS_RdyListInit    os_core.o
    0x0800a638   0x0800a638   0x0000002c   Code   RO         3726    i.OS_RdyListInsert  os_core.o
    0x0800a664   0x0800a664   0x00000040   Code   RO         3727    i.OS_RdyListInsertHead  os_core.o
    0x0800a6a4   0x0800a6a4   0x0000003c   Code   RO         3728    i.OS_RdyListInsertTail  os_core.o
    0x0800a6e0   0x0800a6e0   0x0000005c   Code   RO         3730    i.OS_RdyListRemove  os_core.o
    0x0800a73c   0x0800a73c   0x0000001c   Code   RO         3731    i.OS_SchedLockTimeMeasStart  os_core.o
    0x0800a758   0x0800a758   0x0000003c   Code   RO         3732    i.OS_SchedLockTimeMeasStop  os_core.o
    0x0800a794   0x0800a794   0x00000018   Code   RO         4276    i.OS_SemInit        os_sem.o
    0x0800a7ac   0x0800a7ac   0x000002e8   Code   RO         4341    i.OS_StatTask       os_stat.o
    0x0800aa94   0x0800aa94   0x000000cc   Code   RO         4342    i.OS_StatTaskInit   os_stat.o
    0x0800ab60   0x0800ab60   0x0000002c   Code   RO         3733    i.OS_TaskBlock      os_core.o
    0x0800ab8c   0x0800ab8c   0x00000030   Code   RO         4386    i.OS_TaskDbgListAdd  os_task.o
    0x0800abbc   0x0800abbc   0x00000044   Code   RO         4387    i.OS_TaskDbgListRemove  os_task.o
    0x0800ac00   0x0800ac00   0x00000020   Code   RO         4388    i.OS_TaskInit       os_task.o
    0x0800ac20   0x0800ac20   0x000000b4   Code   RO         4389    i.OS_TaskInitTCB    os_task.o
    0x0800acd4   0x0800acd4   0x00000100   Code   RO         4391    i.OS_TaskResume     os_task.o
    0x0800add4   0x0800add4   0x00000018   Code   RO         4392    i.OS_TaskReturn     os_task.o
    0x0800adec   0x0800adec   0x000001c4   Code   RO         4393    i.OS_TaskSemPost    os_task.o
    0x0800afb0   0x0800afb0   0x00000118   Code   RO         4394    i.OS_TaskSuspend    os_task.o
    0x0800b0c8   0x0800b0c8   0x00000086   Code   RO         4531    i.OS_TickListInsert  os_tick.o
    0x0800b14e   0x0800b14e   0x00000002   PAD
    0x0800b150   0x0800b150   0x000000bc   Code   RO         4532    i.OS_TickListInsertDly  os_tick.o
    0x0800b20c   0x0800b20c   0x00000058   Code   RO         4533    i.OS_TickListRemove  os_tick.o
    0x0800b264   0x0800b264   0x00000002   Code   RO         4534    i.OS_TickListResetPeak  os_tick.o
    0x0800b266   0x0800b266   0x00000002   PAD
    0x0800b268   0x0800b268   0x00000098   Code   RO         4535    i.OS_TickListUpdateDly  os_tick.o
    0x0800b300   0x0800b300   0x000000d4   Code   RO         4536    i.OS_TickListUpdateTimeout  os_tick.o
    0x0800b3d4   0x0800b3d4   0x00000070   Code   RO         4537    i.OS_TickTask       os_tick.o
    0x0800b444   0x0800b444   0x000000c8   Code   RO         4538    i.OS_TickTaskInit   os_tick.o
    0x0800b50c   0x0800b50c   0x00000134   Code   RO         4634    i.OS_TmrInit        os_tmr.o
    0x0800b640   0x0800b640   0x00000018   Code   RO         4635    i.OS_TmrLock        os_tmr.o
    0x0800b658   0x0800b658   0x00000002   Code   RO         4636    i.OS_TmrResetPeak   os_tmr.o
    0x0800b65a   0x0800b65a   0x00000002   PAD
    0x0800b65c   0x0800b65c   0x00000094   Code   RO         4637    i.OS_TmrTask        os_tmr.o
    0x0800b6f0   0x0800b6f0   0x00000044   Code   RO         4638    i.OS_TmrUnlink      os_tmr.o
    0x0800b734   0x0800b734   0x00000014   Code   RO         4639    i.OS_TmrUnlock      os_tmr.o
    0x0800b748   0x0800b748   0x0000000c   Code   RO         2359    i.PWR_BackupAccessCtrl  at32f4xx_pwr.o
    0x0800b754   0x0800b754   0x000000b0   Code   RO         9080    i.Period_WriterFmBill  dwin_com_pro.o
    0x0800b804   0x0800b804   0x0000003e   Code   RO         9421    i.PraPerprintBackImage  dwinprotocol.o
    0x0800b842   0x0800b842   0x00000012   Code   RO         6979    i.Pre4GBill         4gmain.o
    0x0800b854   0x0800b854   0x000002a4   Code   RO         7315    i.PreHYBill         hyframe.o
    0x0800baf8   0x0800baf8   0x0000000c   Code   RO         9422    i.PrintBackImage    dwinprotocol.o
    0x0800bb04   0x0800bb04   0x00000028   Code   RO         9424    i.PrintIcon         dwinprotocol.o
    0x0800bb2c   0x0800bb2c   0x00000028   Code   RO         9426    i.PrintNum16uVariable  dwinprotocol.o
    0x0800bb54   0x0800bb54   0x00000028   Code   RO         9427    i.PrintNum32uVariable  dwinprotocol.o
    0x0800bb7c   0x0800bb7c   0x0000004e   Code   RO         9429    i.PrintStr          dwinprotocol.o
    0x0800bbca   0x0800bbca   0x0000006c   Code   RO         8073    i.RC522_CalulateCRC  rc522.o
    0x0800bc36   0x0800bc36   0x0000001c   Code   RO         8074    i.RC522_ClearBitMask  rc522.o
    0x0800bc52   0x0800bc52   0x00000002   PAD
    0x0800bc54   0x0800bc54   0x000000cc   Code   RO         8075    i.RC522_GPIOInit    rc522.o
    0x0800bd20   0x0800bd20   0x00000034   Code   RO         8076    i.RC522_Init        rc522.o
    0x0800bd54   0x0800bd54   0x00000066   Code   RO         8077    i.RC522_M500PcdConfigISOType  rc522.o
    0x0800bdba   0x0800bdba   0x0000000c   Code   RO         8078    i.RC522_PcdAntennaOff  rc522.o
    0x0800bdc6   0x0800bdc6   0x0000001a   Code   RO         8079    i.RC522_PcdAntennaOn  rc522.o
    0x0800bde0   0x0800bde0   0x00000070   Code   RO         8080    i.RC522_PcdAnticoll  rc522.o
    0x0800be50   0x0800be50   0x0000006e   Code   RO         8081    i.RC522_PcdAuthState  rc522.o
    0x0800bebe   0x0800bebe   0x0000013e   Code   RO         8083    i.RC522_PcdComMF522  rc522.o
    0x0800bffc   0x0800bffc   0x00000056   Code   RO         8085    i.RC522_PcdRead     rc522.o
    0x0800c052   0x0800c052   0x00000058   Code   RO         8086    i.RC522_PcdRequest  rc522.o
    0x0800c0aa   0x0800c0aa   0x00000002   PAD
    0x0800c0ac   0x0800c0ac   0x00000088   Code   RO         8087    i.RC522_PcdReset    rc522.o
    0x0800c134   0x0800c134   0x00000074   Code   RO         8088    i.RC522_PcdSelect   rc522.o
    0x0800c1a8   0x0800c1a8   0x000000d0   Code   RO         8089    i.RC522_PcdValue    rc522.o
    0x0800c278   0x0800c278   0x00000096   Code   RO         8090    i.RC522_PcdWrite    rc522.o
    0x0800c30e   0x0800c30e   0x00000002   PAD
    0x0800c310   0x0800c310   0x0000007c   Code   RO         8091    i.RC522_ReadCard    rc522.o
    0x0800c38c   0x0800c38c   0x0000003c   Code   RO         8092    i.RC522_ReadRawRC   rc522.o
    0x0800c3c8   0x0800c3c8   0x00000084   Code   RO         8093    i.RC522_ReadWriteByte  rc522.o
    0x0800c44c   0x0800c44c   0x00000020   Code   RO         8094    i.RC522_Reset       rc522.o
    0x0800c46c   0x0800c46c   0x0000001c   Code   RO         8095    i.RC522_SetBitMask  rc522.o
    0x0800c488   0x0800c488   0x0000007c   Code   RO         8097    i.RC522_WriteCard   rc522.o
    0x0800c504   0x0800c504   0x00000034   Code   RO         8098    i.RC522_WriteRawRC  rc522.o
    0x0800c538   0x0800c538   0x0000001c   Code   RO          584    i.RCC_ADCCLKConfig  at32f4xx_rcc.o
    0x0800c554   0x0800c554   0x00000020   Code   RO          586    i.RCC_AHBPeriphClockCmd  at32f4xx_rcc.o
    0x0800c574   0x0800c574   0x00000020   Code   RO          588    i.RCC_APB1PeriphClockCmd  at32f4xx_rcc.o
    0x0800c594   0x0800c594   0x00000020   Code   RO          591    i.RCC_APB2PeriphClockCmd  at32f4xx_rcc.o
    0x0800c5b4   0x0800c5b4   0x0000000c   Code   RO          593    i.RCC_BackupResetCmd  at32f4xx_rcc.o
    0x0800c5c0   0x0800c5c0   0x0000001e   Code   RO         6228    i.RCC_Configuration_  adc.o
    0x0800c5de   0x0800c5de   0x00000002   PAD
    0x0800c5e0   0x0800c5e0   0x0000000c   Code   RO          597    i.RCC_ERTCCLKCmd    at32f4xx_rcc.o
    0x0800c5ec   0x0800c5ec   0x00000010   Code   RO          598    i.RCC_ERTCCLKConfig  at32f4xx_rcc.o
    0x0800c5fc   0x0800c5fc   0x000002c8   Code   RO          599    i.RCC_GetClocksFreq  at32f4xx_rcc.o
    0x0800c8c4   0x0800c8c4   0x0000003c   Code   RO          600    i.RCC_GetFlagStatus  at32f4xx_rcc.o
    0x0800c900   0x0800c900   0x00000034   Code   RO          610    i.RCC_LSEConfig     at32f4xx_rcc.o
    0x0800c934   0x0800c934   0x000000c4   Code   RO          614    i.RCC_PLLFrefTableConfig  at32f4xx_rcc.o
    0x0800c9f8   0x0800c9f8   0x00000024   Code   RO          620    i.RCC_StepModeCmd   at32f4xx_rcc.o
    0x0800ca1c   0x0800ca1c   0x000000c4   Code   RO         6980    i.ReSendBill        4gmain.o
    0x0800cae0   0x0800cae0   0x00000028   Code   RO         9433    i.ReadDwinVariable  dwinprotocol.o
    0x0800cb08   0x0800cb08   0x00000070   Code   RO         9081    i.ReadFmBill        dwin_com_pro.o
    0x0800cb78   0x0800cb78   0x00000120   Code   RO         5962    i.Read_HLW8112_EA   hlw8112-spi.o
    0x0800cc98   0x0800cc98   0x00000090   Code   RO         5966    i.Read_HLW8112_PA_I  hlw8112-spi.o
    0x0800cd28   0x0800cd28   0x00000048   Code   RO         5970    i.Read_HLW8112_RegData  hlw8112-spi.o
    0x0800cd70   0x0800cd70   0x00000094   Code   RO         5972    i.Read_HLW8112_U    hlw8112-spi.o
    0x0800ce04   0x0800ce04   0x00000036   Code   RO         9082    i.Recordqueryinfo_WR  dwin_com_pro.o
    0x0800ce3a   0x0800ce3a   0x00000002   PAD
    0x0800ce3c   0x0800ce3c   0x00000038   Code   RO         7545    i.Recv_AT_CGDCONT_Ack  modulea7680c.o
    0x0800ce74   0x0800ce74   0x0000004c   Code   RO         7546    i.Recv_AT_CIMI_Ack  modulea7680c.o
    0x0800cec0   0x0800cec0   0x00000038   Code   RO         7547    i.Recv_AT_CIPMODE_Ack  modulea7680c.o
    0x0800cef8   0x0800cef8   0x00000070   Code   RO         7548    i.Recv_AT_CSQ_Ack   modulea7680c.o
    0x0800cf68   0x0800cf68   0x000000f4   Code   RO         7549    i.Recv_AT_ConnectServer0Cmd_Ack  modulea7680c.o
    0x0800d05c   0x0800d05c   0x000000b0   Code   RO         7550    i.Recv_AT_ConnectServer0_Ack  modulea7680c.o
    0x0800d10c   0x0800d10c   0x000000c4   Code   RO         7551    i.Recv_AT_ConnectServer1Cmd_Ack  modulea7680c.o
    0x0800d1d0   0x0800d1d0   0x000000b0   Code   RO         7552    i.Recv_AT_ConnectServer1_Ack  modulea7680c.o
    0x0800d280   0x0800d280   0x00000020   Code   RO         7553    i.Recv_AT_EnterATCmd_Ack  modulea7680c.o
    0x0800d2a0   0x0800d2a0   0x00000038   Code   RO         7554    i.Recv_AT_NETOPEN_Ack  modulea7680c.o
    0x0800d2d8   0x0800d2d8   0x000000e8   Code   RO         7555    i.Recv_AT_ReRecv0Cmd_Ack  modulea7680c.o
    0x0800d3c0   0x0800d3c0   0x000000e8   Code   RO         7556    i.Recv_AT_ReRecv1Cmd_Ack  modulea7680c.o
    0x0800d4a8   0x0800d4a8   0x00000058   Code   RO         7557    i.Recv_AT_SendAck0Cmd_Ack  modulea7680c.o
    0x0800d500   0x0800d500   0x00000058   Code   RO         7558    i.Recv_AT_SendAck1Cmd_Ack  modulea7680c.o
    0x0800d558   0x0800d558   0x00000038   Code   RO         7559    i.Recv_AT_SetReAct_Ack  modulea7680c.o
    0x0800d590   0x0800d590   0x00000014   Code   RO         7560    i.Recv_ActRecv0_Ack  modulea7680c.o
    0x0800d5a4   0x0800d5a4   0x00000014   Code   RO         7561    i.Recv_ActRecv1_Ack  modulea7680c.o
    0x0800d5b8   0x0800d5b8   0x00000044   Code   RO         7562    i.Recv_HttpConect_Ack  modulea7680c.o
    0x0800d5fc   0x0800d5fc   0x00000080   Code   RO         7563    i.Recv_HttpGet_Ack  modulea7680c.o
    0x0800d67c   0x0800d67c   0x00000044   Code   RO         7564    i.Recv_HttpStart_Ack  modulea7680c.o
    0x0800d6c0   0x0800d6c0   0x00000108   Code   RO         7565    i.Recv_ReadData_Ack  modulea7680c.o
    0x0800d7c8   0x0800d7c8   0x00000024   Code   RO         7566    i.Recv_ReadDone_Ack  modulea7680c.o
    0x0800d7ec   0x0800d7ec   0x00000016   Code   RO         7567    i.SIM7600CloseNet   modulea7680c.o
    0x0800d802   0x0800d802   0x00000002   PAD
    0x0800d804   0x0800d804   0x00000130   Code   RO         7568    i.SIM7600Reset      modulea7680c.o
    0x0800d934   0x0800d934   0x00000068   Code   RO         7569    i.SIM7600_RecvDesposeCmd  modulea7680c.o
    0x0800d99c   0x0800d99c   0x0000004c   Code   RO         8290    i.SPI_FLASH_BufferRead  spi_flash.o
    0x0800d9e8   0x0800d9e8   0x0000008c   Code   RO         8291    i.SPI_FLASH_BufferWrite  spi_flash.o
    0x0800da74   0x0800da74   0x00000004   Code   RO         8294    i.SPI_FLASH_Detect  spi_flash.o
    0x0800da78   0x0800da78   0x0000005c   Code   RO         8295    i.SPI_FLASH_PageWrite  spi_flash.o
    0x0800dad4   0x0800dad4   0x0000003c   Code   RO         8296    i.SPI_FLASH_ReadByte  spi_flash.o
    0x0800db10   0x0800db10   0x00000048   Code   RO         8297    i.SPI_FLASH_ReadID  spi_flash.o
    0x0800db58   0x0800db58   0x00000044   Code   RO         8298    i.SPI_FLASH_SectorErase  spi_flash.o
    0x0800db9c   0x0800db9c   0x00000044   Code   RO         8299    i.SPI_FLASH_SendByte  spi_flash.o
    0x0800dbe0   0x0800dbe0   0x0000003c   Code   RO         8300    i.SPI_FLASH_WaitForWriteEnd  spi_flash.o
    0x0800dc1c   0x0800dc1c   0x00000020   Code   RO         8301    i.SPI_FLASH_WriteDisable  spi_flash.o
    0x0800dc3c   0x0800dc3c   0x00000020   Code   RO         8302    i.SPI_FLASH_WriteEnable  spi_flash.o
    0x0800dc5c   0x0800dc5c   0x00000054   Code   RO         8303    i.SPI_FLASH_WriteStatus  spi_flash.o
    0x0800dcb0   0x0800dcb0   0x00000034   Code   RO         7570    i.Send_AT_CGDCONT   modulea7680c.o
    0x0800dce4   0x0800dce4   0x00000024   Code   RO         7571    i.Send_AT_CIMI      modulea7680c.o
    0x0800dd08   0x0800dd08   0x00000088   Code   RO         7572    i.Send_AT_CIPCLOSE  modulea7680c.o
    0x0800dd90   0x0800dd90   0x00000028   Code   RO         7573    i.Send_AT_CIPMODE   modulea7680c.o
    0x0800ddb8   0x0800ddb8   0x00000088   Code   RO         7574    i.Send_AT_CIPRXGET  modulea7680c.o
    0x0800de40   0x0800de40   0x00000024   Code   RO         7576    i.Send_AT_CSQ       modulea7680c.o
    0x0800de64   0x0800de64   0x0000001c   Code   RO         7577    i.Send_AT_EnterATCmd  modulea7680c.o
    0x0800de80   0x0800de80   0x0000002c   Code   RO         7578    i.Send_AT_GET       modulea7680c.o
    0x0800deac   0x0800deac   0x00000028   Code   RO         7579    i.Send_AT_HTTPINIT  modulea7680c.o
    0x0800ded4   0x0800ded4   0x00000088   Code   RO         7580    i.Send_AT_HTTPPAR   modulea7680c.o
    0x0800df5c   0x0800df5c   0x00000028   Code   RO         7582    i.Send_AT_HTTPTERM  modulea7680c.o
    0x0800df84   0x0800df84   0x00000028   Code   RO         7583    i.Send_AT_NETCLOSE  modulea7680c.o
    0x0800dfac   0x0800dfac   0x00000028   Code   RO         7584    i.Send_AT_NETOPEN   modulea7680c.o
    0x0800dfd4   0x0800dfd4   0x00000028   Code   RO         7585    i.Send_AT_NOTCIPMODE  modulea7680c.o
    0x0800dffc   0x0800dffc   0x00000080   Code   RO         7586    i.Send_AT_READ      modulea7680c.o
    0x0800e07c   0x0800e07c   0x00000028   Code   RO         7587    i.Send_AT_SetCIPRXGET  modulea7680c.o
    0x0800e0a4   0x0800e0a4   0x00000008   Code   RO          402    i.SetSysClock       system_at32f4xx.o
    0x0800e0ac   0x0800e0ac   0x0000011c   Code   RO          403    i.SetSysClockTo144M  system_at32f4xx.o
    0x0800e1c8   0x0800e1c8   0x0000002a   Code   RO         9437    i.SetVariColor      dwinprotocol.o
    0x0800e1f2   0x0800e1f2   0x00000002   PAD
    0x0800e1f4   0x0800e1f4   0x000000f8   Code   RO         5976    i.Set_V_Zero        hlw8112-spi.o
    0x0800e2ec   0x0800e2ec   0x0000006c   Code   RO         9083    i.Set_judge_rete_info  dwin_com_pro.o
    0x0800e358   0x0800e358   0x000000c4   Code   RO         5977    i.Set_underVoltage  hlw8112-spi.o
    0x0800e41c   0x0800e41c   0x00000090   Code   RO         8306    i.Spi_Flash_Io_Init  spi_flash.o
    0x0800e4ac   0x0800e4ac   0x00000020   Code   RO         9084    i.StoreRecodeCurNum  dwin_com_pro.o
    0x0800e4cc   0x0800e4cc   0x00000052   Code   RO         9085    i.StrToHex          dwin_com_pro.o
    0x0800e51e   0x0800e51e   0x00000066   Code   RO         7316    i.String2Hex        hyframe.o
    0x0800e584   0x0800e584   0x0000000a   Code   RO         6828    i.Swap              cp.o
    0x0800e58e   0x0800e58e   0x00000028   Code   RO         1021    i.SysTick_CLKSourceConfig  misc.o
    0x0800e5b6   0x0800e5b6   0x00000002   PAD
    0x0800e5b8   0x0800e5b8   0x00000040   Code   RO         5803    i.SysTick_Handler   delay.o
    0x0800e5f8   0x0800e5f8   0x0000009c   Code   RO          405    i.SystemInit        system_at32f4xx.o
    0x0800e694   0x0800e694   0x0000004c   Code   RO         5915    i.SystemReset       device.o
    0x0800e6e0   0x0800e6e0   0x000000a8   Code   RO         6143    i.TIM2_PWM_Conrtol  timer.o
    0x0800e788   0x0800e788   0x00000060   Code   RO         6144    i.TIM3_Int_Init     timer.o
    0x0800e7e8   0x0800e7e8   0x00000060   Code   RO         6145    i.TIM4_Int_Init     timer.o
    0x0800e848   0x0800e848   0x00000080   Code   RO         6146    i.TMR3_GLOBAL_IRQHandler  timer.o
    0x0800e8c8   0x0800e8c8   0x0000004c   Code   RO         6147    i.TMR4_GLOBAL_IRQHandler  timer.o
    0x0800e914   0x0800e914   0x00000018   Code   RO         2453    i.TMR_Cmd           at32f4xx_tim.o
    0x0800e92c   0x0800e92c   0x00000094   Code   RO         2487    i.TMR_OC2Init       at32f4xx_tim.o
    0x0800e9c0   0x0800e9c0   0x0000001a   Code   RO         2490    i.TMR_OC2PreloadConfig  at32f4xx_tim.o
    0x0800e9da   0x0800e9da   0x00000014   Code   RO         2500    i.TMR_OCStructInit  at32f4xx_tim.o
    0x0800e9ee   0x0800e9ee   0x00000002   PAD
    0x0800e9f0   0x0800e9f0   0x00000058   Code   RO         2525    i.TMR_TimeBaseInit  at32f4xx_tim.o
    0x0800ea48   0x0800ea48   0x00000012   Code   RO         2526    i.TMR_TimeBaseStructInit  at32f4xx_tim.o
    0x0800ea5a   0x0800ea5a   0x00000002   PAD
    0x0800ea5c   0x0800ea5c   0x00000034   Code   RO         9086    i.Time_charging     dwin_com_pro.o
    0x0800ea90   0x0800ea90   0x0000007c   Code   RO         9087    i.Timing_charging   dwin_com_pro.o
    0x0800eb0c   0x0800eb0c   0x000000a8   Code   RO         5622    i.UART14Ginit       uart1.o
    0x0800ebb4   0x0800ebb4   0x0000001a   Code   RO         5623    i.UART1SENDBUF      uart1.o
    0x0800ebce   0x0800ebce   0x00000002   PAD
    0x0800ebd0   0x0800ebd0   0x0000001c   Code   RO         5624    i.UART1SendByte     uart1.o
    0x0800ebec   0x0800ebec   0x000000a4   Code   RO         5693    i.UART2Dispinit     uart2.o
    0x0800ec90   0x0800ec90   0x0000001a   Code   RO         5694    i.UART2SENDBUF      uart2.o
    0x0800ecaa   0x0800ecaa   0x00000002   PAD
    0x0800ecac   0x0800ecac   0x0000001c   Code   RO         5695    i.UART2SendByte     uart2.o
    0x0800ecc8   0x0800ecc8   0x00000048   Code   RO         5748    i.UART3SENDBUF      485_1.o
    0x0800ed10   0x0800ed10   0x0000001c   Code   RO         5749    i.UART3SendByte     485_1.o
    0x0800ed2c   0x0800ed2c   0x000000cc   Code   RO         5750    i.UART3init         485_1.o
    0x0800edf8   0x0800edf8   0x00000050   Code   RO         6982    i.UART_4GWrite      4gmain.o
    0x0800ee48   0x0800ee48   0x00000054   Code   RO         5625    i.USART1_IRQHandler  uart1.o
    0x0800ee9c   0x0800ee9c   0x00000040   Code   RO         5626    i.USART1_RecvDispose  uart1.o
    0x0800eedc   0x0800eedc   0x00000054   Code   RO         5696    i.USART2_IRQHandler  uart2.o
    0x0800ef30   0x0800ef30   0x00000034   Code   RO         5697    i.USART2_RecvDispose  uart2.o
    0x0800ef64   0x0800ef64   0x00000012   Code   RO         9631    i.USART3_485send    dlt645_port.o
    0x0800ef76   0x0800ef76   0x00000002   PAD
    0x0800ef78   0x0800ef78   0x00000054   Code   RO         5751    i.USART3_IRQHandler  485_1.o
    0x0800efcc   0x0800efcc   0x00000034   Code   RO         5752    i.USART3_RecvDispose  485_1.o
    0x0800f000   0x0800f000   0x0000001e   Code   RO          838    i.USART_ClearITPendingBit  at32f4xx_usart.o
    0x0800f01e   0x0800f01e   0x00000018   Code   RO          841    i.USART_Cmd         at32f4xx_usart.o
    0x0800f036   0x0800f036   0x00000054   Code   RO          844    i.USART_GetITStatus  at32f4xx_usart.o
    0x0800f08a   0x0800f08a   0x0000004a   Code   RO          846    i.USART_INTConfig   at32f4xx_usart.o
    0x0800f0d4   0x0800f0d4   0x000000e8   Code   RO          847    i.USART_Init        at32f4xx_usart.o
    0x0800f1bc   0x0800f1bc   0x0000000a   Code   RO          852    i.USART_ReceiveData  at32f4xx_usart.o
    0x0800f1c6   0x0800f1c6   0x00000002   PAD
    0x0800f1c8   0x0800f1c8   0x00000074   Code   RO         9088    i.Unlock_Transactionrecord  dwin_com_pro.o
    0x0800f23c   0x0800f23c   0x000001b8   Code   RO         7939    i.Unlock_settlement  read_nuid.o
    0x0800f3f4   0x0800f3f4   0x00000050   Code   RO         9089    i.Unlock_settlementrecord  dwin_com_pro.o
    0x0800f444   0x0800f444   0x00000004   Code   RO          305    i.UsageFault_Handler  at32f4xx_it.o
    0x0800f448   0x0800f448   0x0000005c   Code   RO         9090    i.WriterFmBill      dwin_com_pro.o
    0x0800f4a4   0x0800f4a4   0x0000026c   Code   RO         7882    i.ZF_SendBill       zfframe.o
    0x0800f710   0x0800f710   0x000001fc   Code   RO         7883    i.ZF_SendDevState   zfframe.o
    0x0800f90c   0x0800f90c   0x000000c0   Code   RO         7884    i.ZF_SendFrameDispose  zfframe.o
    0x0800f9cc   0x0800f9cc   0x00000048   Code   RO         7885    i.ZF_SendHear       zfframe.o
    0x0800fa14   0x0800fa14   0x000000c0   Code   RO         7886    i.ZF_SendRegister   zfframe.o
    0x0800fad4   0x0800fad4   0x00000048   Code   RO         7887    i.ZF_SendStartCharge  zfframe.o
    0x0800fb1c   0x0800fb1c   0x00000014   Code   RO         6983    i._4G_GetStartType  4gmain.o
    0x0800fb30   0x0800fb30   0x00000010   Code   RO         6984    i._4G_RecvFrameDispose  4gmain.o
    0x0800fb40   0x0800fb40   0x00000016   Code   RO         6985    i._4G_SendBill      4gmain.o
    0x0800fb56   0x0800fb56   0x0000000e   Code   RO         6986    i._4G_SendCardInfo  4gmain.o
    0x0800fb64   0x0800fb64   0x00000006   Code   RO         6987    i._4G_SendCardVinCharge  4gmain.o
    0x0800fb6a   0x0800fb6a   0x0000000e   Code   RO         6988    i._4G_SendDevState  4gmain.o
    0x0800fb78   0x0800fb78   0x0000000a   Code   RO         6989    i._4G_SendFrameDispose  4gmain.o
    0x0800fb82   0x0800fb82   0x00000004   Code   RO         6990    i._4G_SendQueryRate  4gmain.o
    0x0800fb86   0x0800fb86   0x0000000e   Code   RO         6991    i._4G_SendRateAck   4gmain.o
    0x0800fb94   0x0800fb94   0x00000004   Code   RO         6992    i._4G_SendRateMode  4gmain.o
    0x0800fb98   0x0800fb98   0x00000004   Code   RO         6993    i._4G_SendSetTimeAck  4gmain.o
    0x0800fb9c   0x0800fb9c   0x0000000e   Code   RO         6994    i._4G_SendStartAck  4gmain.o
    0x0800fbaa   0x0800fbaa   0x0000000e   Code   RO         6995    i._4G_SendStopAck   4gmain.o
    0x0800fbb8   0x0800fbb8   0x00000006   Code   RO         6996    i._4G_SendVinInfo   4gmain.o
    0x0800fbbe   0x0800fbbe   0x0000001e   Code   RO         6997    i._4G_SetStartType  4gmain.o
    0x0800fbdc   0x0800fbdc   0x00000028   Code   RO         7317    i._HY_RestUpdataData  hyframe.o
    0x0800fc04   0x0800fc04   0x00000012   Code   RO         8099    i._RC522_delay_ns   rc522.o
    0x0800fc16   0x0800fc16   0x00000002   PAD
    0x0800fc18   0x0800fc18   0x00000020   Code   RO         9901    i.__0printf$8       mc_w.l(printf8.o)
    0x0800fc38   0x0800fc38   0x00000034   Code   RO         9902    i.__0snprintf$8     mc_w.l(printf8.o)
    0x0800fc6c   0x0800fc6c   0x00000008   Code   RO        10013    i.__aeabi_errno_addr  mc_w.l(errno.o)
    0x0800fc74   0x0800fc74   0x0000000e   Code   RO        10067    i.__scatterload_copy  mc_w.l(handlers.o)
    0x0800fc82   0x0800fc82   0x00000002   Code   RO        10068    i.__scatterload_null  mc_w.l(handlers.o)
    0x0800fc84   0x0800fc84   0x0000000e   Code   RO        10069    i.__scatterload_zeroinit  mc_w.l(handlers.o)
    0x0800fc92   0x0800fc92   0x00000002   PAD
    0x0800fc94   0x0800fc94   0x00000404   Code   RO         9908    i._printf_core      mc_w.l(printf8.o)
    0x08010098   0x08010098   0x00000024   Code   RO         9909    i._printf_post_padding  mc_w.l(printf8.o)
    0x080100bc   0x080100bc   0x0000002e   Code   RO         9910    i._printf_pre_padding  mc_w.l(printf8.o)
    0x080100ea   0x080100ea   0x00000016   Code   RO         9911    i._snputc           mc_w.l(printf8.o)
    0x08010100   0x08010100   0x000000e8   Code   RO         6229    i.adc_init          adc.o
    0x080101e8   0x080101e8   0x00000038   Code   RO         7940    i.app_read_nuid     read_nuid.o
    0x08010220   0x08010220   0x0000005c   Code   RO         6477    i.ch_charging       chproc.o
    0x0801027c   0x0801027c   0x0000005e   Code   RO         6478    i.ch_cplt_func      chproc.o
    0x080102da   0x080102da   0x00000002   PAD
    0x080102dc   0x080102dc   0x0000002c   Code   RO         6479    i.ch_ctl_disable    chproc.o
    0x08010308   0x08010308   0x0000002c   Code   RO         6480    i.ch_ctl_enable     chproc.o
    0x08010334   0x08010334   0x000000b8   Code   RO         6718    i.ch_cycle_get_8112  chtask.o
    0x080103ec   0x080103ec   0x00000058   Code   RO         6482    i.ch_fault_proc     chproc.o
    0x08010444   0x08010444   0x00000098   Code   RO         6719    i.ch_from_ctl_msg   chtask.o
    0x080104dc   0x080104dc   0x00000098   Code   RO         6720    i.ch_get_cp_state_info  chtask.o
    0x08010574   0x08010574   0x00000104   Code   RO         6829    i.ch_get_cp_volt    cp.o
    0x08010678   0x08010678   0x000000ec   Code   RO         6483    i.ch_info_update    chproc.o
    0x08010764   0x08010764   0x00000080   Code   RO         6484    i.ch_insert_proc    chproc.o
    0x080107e4   0x080107e4   0x00000074   Code   RO         6485    i.ch_is_cp_off      chproc.o
    0x08010858   0x08010858   0x00000082   Code   RO         6486    i.ch_is_end_condition  chproc.o
    0x080108da   0x080108da   0x0000000e   Code   RO         6487    i.ch_is_fault       chproc.o
    0x080108e8   0x080108e8   0x0000002c   Code   RO         6488    i.ch_is_insert      chproc.o
    0x08010914   0x08010914   0x00000084   Code   RO         6490    i.ch_is_low_current_9V  chproc.o
    0x08010998   0x08010998   0x000000bc   Code   RO         6491    i.ch_is_over_current  chproc.o
    0x08010a54   0x08010a54   0x000000bc   Code   RO         6492    i.ch_is_over_volt   chproc.o
    0x08010b10   0x08010b10   0x00000074   Code   RO         6493    i.ch_is_start       chproc.o
    0x08010b84   0x08010b84   0x00000154   Code   RO         6494    i.ch_is_stp         chproc.o
    0x08010cd8   0x08010cd8   0x00000084   Code   RO         6495    i.ch_is_under_cp9v  chproc.o
    0x08010d5c   0x08010d5c   0x000000bc   Code   RO         6496    i.ch_is_under_volt  chproc.o
    0x08010e18   0x08010e18   0x00000018   Code   RO         6497    i.ch_jump_new_stat  chproc.o
    0x08010e30   0x08010e30   0x00000058   Code   RO         6498    i.ch_loop_proc      chproc.o
    0x08010e88   0x08010e88   0x00000074   Code   RO         6721    i.ch_msg_proc       chtask.o
    0x08010efc   0x08010efc   0x00000024   Code   RO         6499    i.ch_precharge      chproc.o
    0x08010f20   0x08010f20   0x00000084   Code   RO         6500    i.ch_standy_proc    chproc.o
    0x08010fa4   0x08010fa4   0x00000098   Code   RO         6501    i.ch_start_func     chproc.o
    0x0801103c   0x0801103c   0x00000032   Code   RO         6502    i.ch_stop_func      chproc.o
    0x0801106e   0x0801106e   0x00000002   PAD
    0x08011070   0x08011070   0x00000014   Code   RO         6722    i.ch_task_cycle_proc  chtask.o
    0x08011084   0x08011084   0x00000058   Code   RO         6723    i.ch_task_init      chtask.o
    0x080110dc   0x080110dc   0x00000018   Code   RO         6724    i.ch_task_tcu_msg_proc  chtask.o
    0x080110f4   0x080110f4   0x00000068   Code   RO         6503    i.ch_wait_car_ready  chproc.o
    0x0801115c   0x0801115c   0x00000030   Code   RO         6725    i.ch_wait_msg       chtask.o
    0x0801118c   0x0801118c   0x0000000e   Code   RO         6504    i.ch_wait_stop      chproc.o
    0x0801119a   0x0801119a   0x0000000c   Code   RO         6505    i.cp_pwm_ch_puls    chproc.o
    0x080111a6   0x080111a6   0x0000000a   Code   RO         6506    i.cp_pwm_full       chproc.o
    0x080111b0   0x080111b0   0x00000070   Code   RO         5804    i.delay_init        delay.o
    0x08011220   0x08011220   0x00000050   Code   RO         5805    i.delay_m           delay.o
    0x08011270   0x08011270   0x0000000a   Code   RO         5806    i.delay_osschedlock  delay.o
    0x0801127a   0x0801127a   0x0000000a   Code   RO         5807    i.delay_osschedunlock  delay.o
    0x08011284   0x08011284   0x00000010   Code   RO         5808    i.delay_ostimedly   delay.o
    0x08011294   0x08011294   0x00000058   Code   RO         5809    i.delay_u           delay.o
    0x080112ec   0x080112ec   0x000002fc   Code   RO         9091    i.dwin_show         dwin_com_pro.o
    0x080115e8   0x080115e8   0x000000b0   Code   RO         9092    i.dwin_show_record  dwin_com_pro.o
    0x08011698   0x08011698   0x000002c8   Code   RO         9093    i.dwin_show_state   dwin_com_pro.o
    0x08011960   0x08011960   0x00000124   Code   RO         6507    i.electricity_err   chproc.o
    0x08011a84   0x08011a84   0x000000cc   Code   RO         6275    i.ertc              ertc.o
    0x08011b50   0x08011b50   0x00000050   Code   RO         8253    i.fal_partition_read  flashdispos.o
    0x08011ba0   0x08011ba0   0x00000050   Code   RO         8254    i.fal_partition_write  flashdispos.o
    0x08011bf0   0x08011bf0   0x000002fc   Code   RO         9094    i.flash_para_init   dwin_com_pro.o
    0x08011eec   0x08011eec   0x00000006   Code   RO         3073    i.fputc             at32_board.o
    0x08011ef2   0x08011ef2   0x0000001c   Code   RO         7318    i.get_crc_Data      hyframe.o
    0x08011f0e   0x08011f0e   0x00000002   PAD
    0x08011f10   0x08011f10   0x000001dc   Code   RO         6508    i.get_q_money       chproc.o
    0x080120ec   0x080120ec   0x0000004c   Code   RO         9095    i.get_reset_curcharge  dwin_com_pro.o
    0x08012138   0x08012138   0x0000008c   Code   RO         6726    i.io_input_period   chtask.o
    0x080121c4   0x080121c4   0x00000024   Code   RO         9097    i.judge_rete_info   dwin_com_pro.o
    0x080121e8   0x080121e8   0x00000064   Code   RO            9    i.main              main.o
    0x0801224c   0x0801224c   0x00000038   Code   RO         7941    i.mode5             read_nuid.o
    0x08012284   0x08012284   0x00000054   Code   RO         6509    i.money_not_enough  chproc.o
    0x080122d8   0x080122d8   0x00000020   Code   RO         6886    i.mq_service_485Uart_send_recv  mq_service.o
    0x080122f8   0x080122f8   0x00000020   Code   RO         6887    i.mq_service_4GUart_send_recv  mq_service.o
    0x08012318   0x08012318   0x00000020   Code   RO         6888    i.mq_service_card_send_disp  mq_service.o
    0x08012338   0x08012338   0x00000020   Code   RO         6889    i.mq_service_ch_send_dip  mq_service.o
    0x08012358   0x08012358   0x00000020   Code   RO         6890    i.mq_service_dwinrecv_send_disp  mq_service.o
    0x08012378   0x08012378   0x00000044   Code   RO         6891    i.mq_service_moduleid_exist  mq_service.o
    0x080123bc   0x080123bc   0x00000072   Code   RO         6892    i.mq_service_recv_msg  mq_service.o
    0x0801242e   0x0801242e   0x00000002   PAD
    0x08012430   0x08012430   0x0000020c   Code   RO         6893    i.mq_service_send_msg  mq_service.o
    0x0801263c   0x0801263c   0x00000020   Code   RO         6894    i.mq_service_send_to_4gsend  mq_service.o
    0x0801265c   0x0801265c   0x00000024   Code   RO         6895    i.mq_service_xxx_send_msg_to_chtask  mq_service.o
    0x08012680   0x08012680   0x00000064   Code   RO         9098    i.passwordmodify    dwin_com_pro.o
    0x080126e4   0x080126e4   0x000000fc   Code   RO         7943    i.read_card_money   read_nuid.o
    0x080127e0   0x080127e0   0x0000006c   Code   RO         7944    i.read_card_type    read_nuid.o
    0x0801284c   0x0801284c   0x00000030   Code   RO         7945    i.read_lock_state   read_nuid.o
    0x0801287c   0x0801287c   0x000000dc   Code   RO         9099    i.rest_charge_dispose  dwin_com_pro.o
    0x08012958   0x08012958   0x00000050   Code   RO         9100    i.rt_dwin_period_entry  dwin_com_pro.o
    0x080129a8   0x080129a8   0x00000254   Code   RO         9101    i.rt_dwin_state_dispose  dwin_com_pro.o
    0x08012bfc   0x08012bfc   0x00000042   Code   RO         9102    i.send_ch_ctl_msg   dwin_com_pro.o
    0x08012c3e   0x08012c3e   0x00000026   Code   RO         7946    i.set_CardMCUID     read_nuid.o
    0x08012c64   0x08012c64   0x00000048   Code   RO         6276    i.set_date          ertc.o
    0x08012cac   0x08012cac   0x00000044   Code   RO         6277    i.set_time          ertc.o
    0x08012cf0   0x08012cf0   0x0000002c   Code   RO         7948    i.show_Notcalculated  read_nuid.o
    0x08012d1c   0x08012d1c   0x0000003c   Code   RO         9439    i.simulation_Print  dwinprotocol.o
    0x08012d58   0x08012d58   0x00000164   Code   RO         7949    i.slotcard_state    read_nuid.o
    0x08012ebc   0x08012ebc   0x000003cc   Code   RO         7950    i.start_change_card  read_nuid.o
    0x08013288   0x08013288   0x000001c4   Code   RO         7951    i.startchargUnlock  read_nuid.o
    0x0801344c   0x0801344c   0x000001c8   Code   RO         7952    i.stop_change_card  read_nuid.o
    0x08013614   0x08013614   0x000000a4   Code   RO         6415    i.time              ch_port.o
    0x080136b8   0x080136b8   0x000000f6   Code   RO         9103    i.timeSert          dwin_com_pro.o
    0x080137ae   0x080137ae   0x00000002   PAD
    0x080137b0   0x080137b0   0x0000002c   Code   RO         6416    i.time_cal_day      ch_port.o
    0x080137dc   0x080137dc   0x00000108   Code   RO         6148    i.uart_recvdispose  timer.o
    0x080138e4   0x080138e4   0x00000044   Code   RO         7953    i.writer_lock_state  read_nuid.o
    0x08013928   0x08013928   0x00000010   Data   RO          623    .constdata          at32f4xx_rcc.o
    0x08013938   0x08013938   0x00000094   Data   RO         3678    .constdata          os_cfg_app.o
    0x080139cc   0x080139cc   0x00000168   Data   RO         3916    .constdata          os_dbg.o
    0x08013b34   0x08013b34   0x00000013   Data   RO         6417    .constdata          ch_port.o
    0x08013b47   0x08013b47   0x00000001   PAD
    0x08013b48   0x08013b48   0x00000070   Data   RO         7320    .constdata          hyframe.o
    0x08013bb8   0x08013bb8   0x000000b0   Data   RO         7589    .constdata          modulea7680c.o
    0x08013c68   0x08013c68   0x0000009c   Data   RO         8255    .constdata          flashdispos.o
    0x08013d04   0x08013d04   0x000001d4   Data   RO         9018    .constdata          dispshowstatus.o
    0x08013ed8   0x08013ed8   0x00000080   Data   RO         9105    .constdata          dwin_com_pro.o
    0x08013f58   0x08013f58   0x00000081   Data   RO        10034    .constdata          mc_w.l(ctype_o.o)
    0x08013fd9   0x08013fd9   0x00000003   PAD
    0x08013fdc   0x08013fdc   0x00000004   Data   RO        10035    .constdata          mc_w.l(ctype_o.o)
    0x08013fe0   0x08013fe0   0x00000137   Data   RO         7590    .conststring        modulea7680c.o
    0x08014117   0x08014117   0x00000001   PAD
    0x08014118   0x08014118   0x0000015d   Data   RO         9019    .conststring        dispshowstatus.o
    0x08014275   0x08014275   0x00000003   PAD
    0x08014278   0x08014278   0x00000020   Data   RO        10065    Region$$Table       anon$$obj.o


    Execution Region RW_IRAM1 (Exec base: 0x20000000, Load base: 0x08014298, Size: 0x00007e30, Max: 0x00008000, ABSOLUTE, COMPRESSED[0x00000208])

    Exec Addr    Load Addr    Size         Type   Attr      Idx    E Section Name        Object

    0x20000000   COMPRESSED   0x00000041   Data   RW           11    .data               main.o
    0x20000041   COMPRESSED   0x00000003   PAD
    0x20000044   COMPRESSED   0x00000014   Data   RW          406    .data               system_at32f4xx.o
    0x20000058   COMPRESSED   0x00000049   Data   RW         3074    .data               at32_board.o
    0x200000a1   COMPRESSED   0x00000003   PAD
    0x200000a4   COMPRESSED   0x00000004   Data   RW         3194    .data               os_cpu_c.o
    0x200000a8   COMPRESSED   0x00000008   Data   RW         4162    .data               os_prio.o
    0x200000b0   COMPRESSED   0x000000c4   Data   RW         4720    .data               os_var.o
    0x20000174   COMPRESSED   0x00000004   Data   RW         4805    .data               cpu_core.o
    0x20000178   COMPRESSED   0x00000004   Data   RW         5810    .data               delay.o
    0x2000017c   COMPRESSED   0x000000b9   Data   RW         5979    .data               hlw8112-spi.o
    0x20000235   COMPRESSED   0x00000001   PAD
    0x20000236   COMPRESSED   0x00000007   Data   RW         6150    .data               timer.o
    0x2000023d   COMPRESSED   0x00000003   PAD
    0x20000240   COMPRESSED   0x0000001c   Data   RW         6279    .data               ertc.o
    0x2000025c   COMPRESSED   0x00000020   Data   RW         6510    .data               chproc.o
    0x2000027c   COMPRESSED   0x00000034   Data   RW         6728    .data               chtask.o
    0x200002b0   COMPRESSED   0x00000002   Data   RW         6897    .data               mq_service.o
    0x200002b2   COMPRESSED   0x00000002   PAD
    0x200002b4   COMPRESSED   0x0000005c   Data   RW         6999    .data               4gmain.o
    0x20000310   COMPRESSED   0x00000024   Data   RW         7190    .data               4grecv.o
    0x20000334   COMPRESSED   0x00000008   Data   RW         7227    .data               4gsend.o
    0x2000033c   COMPRESSED   0x00000044   Data   RW         7321    .data               hyframe.o
    0x20000380   COMPRESSED   0x00000018   Data   RW         7591    .data               modulea7680c.o
    0x20000398   COMPRESSED   0x00000030   Data   RW         7888    .data               zfframe.o
    0x200003c8   COMPRESSED   0x0000000c   Data   RW         7955    .data               read_nuid.o
    0x200003d4   COMPRESSED   0x00000006   Data   RW         8100    .data               rc522.o
    0x200003da   COMPRESSED   0x00000002   PAD
    0x200003dc   COMPRESSED   0x00000005   Data   RW         8310    .data               spi_flash.o
    0x200003e1   COMPRESSED   0x00000003   PAD
    0x200003e4   COMPRESSED   0x0000000c   Data   RW         8533    .data               dispkey.o
    0x200003f0   COMPRESSED   0x00000004   Data   RW         8797    .data               dispkeyfunction.o
    0x200003f4   COMPRESSED   0x0000003b   Data   RW         9106    .data               dwin_com_pro.o
    0x2000042f   COMPRESSED   0x00000001   PAD
    0x20000430   COMPRESSED   0x000002e4   Data   RW         9611    .data               menudisp .o
    0x20000714   COMPRESSED   0x00000004   PAD
    0x20000718   COMPRESSED   0x00000028   Data   RW         9633    .data               dlt645_port.o
    0x20000740   COMPRESSED   0x00000004   Data   RW         9687    .data               mc_w.l(strtok.o)
    0x20000744   COMPRESSED   0x00000004   Data   RW        10016    .data               mc_w.l(errno.o)
    0x20000748        -       0x000026a8   Zero   RW           10    .bss                main.o
    0x20002df0        -       0x000000cc   Zero   RW          306    .bss                at32f4xx_it.o
    0x20002ebc        -       0x00000d20   Zero   RW         3677    .bss                os_cfg_app.o
    0x20003bdc        -       0x00000618   Zero   RW         4719    .bss                os_var.o
    0x200041f4        -       0x00000010   Zero   RW         4803    .bss                cpu_core.o
    0x20004204        -       0x0000018c   Zero   RW         5627    .bss                uart1.o
    0x20004390        -       0x00000038   Zero   RW         5698    .bss                uart2.o
    0x200043c8        -       0x00000038   Zero   RW         5753    .bss                485_1.o
    0x20004400        -       0x00000024   Zero   RW         6149    .bss                timer.o
    0x20004424        -       0x0000011c   Zero   RW         6230    .bss                adc.o
    0x20004540        -       0x0000000c   Zero   RW         6278    .bss                ertc.o
    0x2000454c        -       0x000002d4   Zero   RW         6727    .bss                chtask.o
    0x20004820        -       0x00000190   Zero   RW         6830    .bss                cp.o
    0x200049b0        -       0x0000072c   Zero   RW         6896    .bss                mq_service.o
    0x200050dc        -       0x0000014b   Zero   RW         6998    .bss                4gmain.o
    0x20005227   COMPRESSED   0x00000001   PAD
    0x20005228        -       0x000004de   Zero   RW         7189    .bss                4grecv.o
    0x20005706   COMPRESSED   0x00000002   PAD
    0x20005708        -       0x00000292   Zero   RW         7226    .bss                4gsend.o
    0x2000599a        -       0x00000676   Zero   RW         7319    .bss                hyframe.o
    0x20006010        -       0x00000011   Zero   RW         7588    .bss                modulea7680c.o
    0x20006021   COMPRESSED   0x00000003   PAD
    0x20006024        -       0x00000074   Zero   RW         7954    .bss                read_nuid.o
    0x20006098        -       0x00001000   Zero   RW         8309    .bss                spi_flash.o
    0x20007098        -       0x0000082a   Zero   RW         9104    .bss                dwin_com_pro.o
    0x200078c2        -       0x000000c9   Zero   RW         9440    .bss                dwinprotocol.o
    0x2000798b   COMPRESSED   0x00000001   PAD
    0x2000798c        -       0x000000a4   Zero   RW         9632    .bss                dlt645_port.o
    0x20007a30        -       0x00000400   Zero   RW          448    STACK               startup_at32f415cbt7.o


==============================================================================

Image component sizes


      Code (inc. data)   RO Data    RW Data    ZI Data      Debug   Object Name

       440         38          0          0         56       6481   485_1.o
      1210        104          0         92        331      21716   4gmain.o
       752         92          0         36       1246       2765   4grecv.o
       788         98          0          8        658       3207   4gsend.o
       298         26          0          0        284       2872   adc.o
         6          0          0         73          0       3823   at32_board.o
       408         10          0          0          0       9423   at32f4xx_adc.o
       442          8          0          0          0       4747   at32f4xx_dma.o
      1110         76          0          0          0      11029   at32f4xx_ertc.o
       148          6          0          0          0       1268   at32f4xx_exti.o
      1332         16          0          0          0       6561   at32f4xx_gpio.o
       128          6          0          0        204      19628   at32f4xx_it.o
        68         30          0          0          0       3123   at32f4xx_iwdg.o
        12          6          0          0          0        647   at32f4xx_pwr.o
      1220        140         16          0          0      11134   at32f4xx_rcc.o
       324         20          0          0          0       5014   at32f4xx_tim.o
       454          6          0          0          0       6625   at32f4xx_usart.o
        92         14          0          0          0       2485   bsp.o
       208          8         19          0          0       6144   ch_port.o
      3788        382          0         32          0      27931   chproc.o
      1308        276          0         52        724      13184   chtask.o
       354         20          0          0        400       3090   cp.o
        52          0          0          0          0        468   cpu_a.o
       100         18          0          4         16       5393   cpu_core.o
       380         40          0          4          0       7094   delay.o
       484         28          0          0          0      32723   device.o
      2570        348          0         12          0      23963   dispkey.o
       158         14          0          4          0      20356   dispkeyfunction.o
       288         18        817          0          0       3503   dispshowstatus.o
      1278        166          0         40        164       3101   dlt645_port.o
     12334       1614        128         59       2090      52192   dwin_com_pro.o
       718         20          0          0        201      11662   dwinprotocol.o
       710        186          0         28         12       5918   ertc.o
       160         12        156          0          0       2540   flashdispos.o
      2876        700          0        185          0      13644   hlw8112-spi.o
      5424        454        112         68       1654      36112   hyframe.o
         0          0          0          0          0       7976   lib_ascii.o
         0          0          0          0          0       1597   lib_math.o
       102          0          0          0          0       2164   lib_mem.o
      1608        410          0         65       9896     394805   main.o
         0          0          0        740          0       1534   menudisp .o
       172         22          0          0          0       2625   misc.o
      6310       1436        487         24         17      38851   modulea7680c.o
       934         54          0          2       1836       9422   mq_service.o
         2          0        148          0       3360      19831   os_cfg_app.o
      2578        362          0          0          0      21922   os_core.o
       152         32          0          0          0        524   os_cpu_a.o
       552         60          0          4          0       8941   os_cpu_c.o
       424        278        360          0          0       5093   os_dbg.o
        24         10          0          0          0       1122   os_flag.o
        24         10          0          0          0       1121   os_mem.o
       570         32          0          0          0       4806   os_msg.o
      1172         78          0          0          0       5168   os_mutex.o
       136         16          0          8          0       3502   os_prio.o
      1018         56          0          0          0       6343   os_q.o
        24         10          0          0          0       1113   os_sem.o
      1484        190          0          0          0       4471   os_stat.o
      2958        168          0          0          0      14357   os_task.o
      1088         92          0          0          0       7186   os_tick.o
       304         36          0          0          0       2745   os_time.o
       570        142          0          0          0       4739   os_tmr.o
         0          0          0        196       1560      18172   os_var.o
      2426         60          0          6          0      20880   rc522.o
      3910        390          0         12        116      16146   read_nuid.o
      1318        104          0          5       4096      11863   spi_flash.o
        36          8        368          0       1024        972   startup_at32f415cbt7.o
       448         52          0         20          0       2583   system_at32f4xx.o
       828         90          0          7         36       5514   timer.o
       370         30          0          0        396       7463   uart1.o
       354         30          0          0         56       6433   uart2.o
      1656         52          0         48          0       5589   zfframe.o

    ----------------------------------------------------------------------
     76060       9310       2648       1856      30440    1059139   Object Totals
         0          0         32          0          0          0   (incl. Generated)
        86          0          5         22          7          0   (incl. Padding)

    ----------------------------------------------------------------------

      Code (inc. data)   RO Data    RW Data    ZI Data      Debug   Library Member Name

        86          0          0          0          0          0   __dczerorl2.o
        28          0          0          0          0         68   _chval.o
       158          0          0          0          0         92   _strtoul.o
        26          0          0          0          0         80   atoi.o
         8          4        133          0          0         68   ctype_o.o
         0          0          0          0          0          0   entry.o
         0          0          0          0          0          0   entry10a.o
         0          0          0          0          0          0   entry11a.o
         4          0          0          0          0          0   entry12b.o
         8          4          0          0          0          0   entry2.o
         4          0          0          0          0          0   entry5.o
         0          0          0          0          0          0   entry7b.o
         0          0          0          0          0          0   entry8b.o
         8          4          0          0          0          0   entry9a.o
         8          4          0          4          0         68   errno.o
        30          0          0          0          0          0   handlers.o
        36          8          0          0          0         68   init.o
         0          0          0          0          0          0   iusefp.o
        30          0          0          0          0         68   llshl.o
        36          0          0          0          0         68   llsshr.o
        32          0          0          0          0         68   llushr.o
        36          0          0          0          0         68   memcpya.o
        36          0          0          0          0        108   memseta.o
      1216         58          0          0          0        508   printf8.o
        14          0          0          0          0         68   strlen.o
        30          0          0          0          0         80   strncmp.o
        36          0          0          0          0         80   strstr.o
        68          6          0          4          0         80   strtok.o
       112          0          0          0          0         88   strtol.o
        98          0          0          0          0         92   uldiv.o
        48          0          0          0          0         68   cdcmple.o
        48          0          0          0          0         68   cdrcmple.o
        20          0          0          0          0         68   cfcmple.o
        20          0          0          0          0         68   cfrcmple.o
       334          0          0          0          0        148   dadd.o
       186          0          0          0          0        176   depilogue.o
        50          0          0          0          0         76   dfixui.o
        26          0          0          0          0         76   dfltui.o
       228          0          0          0          0         96   dmul.o
        38          0          0          0          0         68   f2d.o
       176          0          0          0          0        140   fadd.o
       124          0          0          0          0         88   fdiv.o
       110          0          0          0          0        168   fepilogue.o
        40          0          0          0          0         68   ffixui.o
        10          0          0          0          0         68   ffltui.o
        28          0          0          0          0         84   ffltul.o
       100          0          0          0          0         76   fmul.o

    ----------------------------------------------------------------------
      3740         88        136          8          0       3424   Library Totals
         6          0          3          0          0          0   (incl. Padding)

    ----------------------------------------------------------------------

      Code (inc. data)   RO Data    RW Data    ZI Data      Debug   Library Name

      2148         88        133          8          0       1820   mc_w.l
      1586          0          0          0          0       1604   mf_w.l

    ----------------------------------------------------------------------
      3740         88        136          8          0       3424   Library Totals

    ----------------------------------------------------------------------

==============================================================================


      Code (inc. data)   RO Data    RW Data    ZI Data      Debug   

     79800       9398       2784       1864      30440    1027747   Grand Totals
     79800       9398       2784        520      30440    1027747   ELF Image Totals (compressed)
     79800       9398       2784        520          0          0   ROM Totals

==============================================================================

    Total RO  Size (Code + RO Data)                82584 (  80.65kB)
    Total RW  Size (RW Data + ZI Data)             32304 (  31.55kB)
    Total ROM Size (Code + RO Data + RW Data)      83104 (  81.16kB)

==============================================================================

